03-25 01:10:40.998  1179  2553 V C2Store : in init
03-25 01:10:40.998  1179  2553 V C2Store : loading dll
03-25 01:10:40.998  1179  2555 V C2Store : in ~ComponentModule
03-25 01:10:40.998  1179  2555 V C2Store : unloading dll
03-25 01:10:40.999  1179  2547 V C2Store : in ~ComponentModule
03-25 01:10:40.999  1179  2547 V C2Store : unloading dll
03-25 01:10:40.999  1088  1244 I Codec2InfoBuilder: adding type 'audio/mpeg'
03-25 01:10:40.999  1179  2549 V C2Store : in init
03-25 01:10:40.999  1179  2549 V C2Store : loading dll
03-25 01:10:40.999  1179  2547 V C2Store : in ~ComponentModule
03-25 01:10:41.000  1179  2547 V C2Store : unloading dll
03-25 01:10:41.003  1088  1244 D Codec2InfoBuilder: codec entry for 'c2.android.mpeg2.decoder' is disabled
03-25 01:10:41.003  1179  1295 V C2Store : in init
03-25 01:10:41.003  1179  1295 V C2Store : loading dll
03-25 01:10:41.004  1088  1244 I Codec2InfoBuilder: adding type 'video/mp4v-es'
03-25 01:10:41.005  1179  2549 V C2Store : in ~ComponentModule
03-25 01:10:41.005  1179  2549 V C2Store : unloading dll
03-25 01:10:41.005  1179  1294 V C2Store : in init
03-25 01:10:41.005  1179  1294 V C2Store : loading dll
03-25 01:10:41.005  1179  2547 V C2Store : in ~ComponentModule
03-25 01:10:41.005  1179  2547 V C2Store : unloading dll
03-25 01:10:41.006  1088  1244 I Codec2InfoBuilder: adding type 'video/mp4v-es'
03-25 01:10:41.007  1179  1295 V C2Store : in init
03-25 01:10:41.007  1179  1295 V C2Store : loading dll
03-25 01:10:41.007  1179  2547 V C2Store : in ~ComponentModule
03-25 01:10:41.007  1179  2547 V C2Store : unloading dll
03-25 01:10:41.008  1088  1244 I Codec2InfoBuilder: adding type 'audio/opus'
03-25 01:10:41.008  1179  1294 V C2Store : in init
03-25 01:10:41.008  1179  1294 V C2Store : loading dll
03-25 01:10:41.008  1179  2547 V C2Store : in ~ComponentModule
03-25 01:10:41.008  1179  2547 V C2Store : unloading dll
03-25 01:10:41.009  1088  1244 I Codec2InfoBuilder: adding type 'audio/opus'
03-25 01:10:41.010  1179  2547 V C2Store : in init
03-25 01:10:41.010  1179  1295 V C2Store : in ~ComponentModule
03-25 01:10:41.010  1179  2547 V C2Store : loading dll
03-25 01:10:41.010  1179  1295 V C2Store : unloading dll
03-25 01:10:41.010     0     0 I ueventd : firmware: loading 'wlan/qca_cld/wlan_mac.bin' for '/devices/platform/soc/18800000.qcom,icnss/firmware/wlan!qca_cld!wlan_mac.bin'
03-25 01:10:41.012  1088  1244 I Codec2InfoBuilder: adding type 'audio/raw'
03-25 01:10:41.013  1179  1295 V C2Store : in init
03-25 01:10:41.013  1179  1295 V C2Store : loading dll
03-25 01:10:41.013  1179  1294 V C2Store : in ~ComponentModule
03-25 01:10:41.013  1179  1294 V C2Store : unloading dll
03-25 01:10:41.015  1088  1244 I Codec2InfoBuilder: adding type 'audio/vorbis'
03-25 01:10:41.016     0     0 I ueventd : loading /devices/platform/soc/18800000.qcom,icnss/firmware/wlan!qca_cld!wlan_mac.bin took 5ms
03-25 01:10:41.016  1942  1942 D StatusBar: mUserSetupObserver - DeviceProvisionedListener called for user 0
03-25 01:10:41.016  1179  1295 V C2Store : in init
03-25 01:10:41.016  1179  1294 V C2Store : in ~ComponentModule
03-25 01:10:41.016  1179  1295 V C2Store : loading dll
03-25 01:10:41.017  1179  1294 V C2Store : unloading dll
03-25 01:10:41.017  1182  1182 I cnss-daemon: nl80211 response handler invoked
03-25 01:10:41.017  1182  1182 I cnss-daemon: nl80211_response_handler: cmd 103, vendorID 4980, subcmd 181  received
03-25 01:10:41.017  1182  1182 I cnss-daemon: interop issues ap: ff:ff:ff:ff:ff:ff
03-25 01:10:41.017  1182  1182 I cnss-daemon: interop issues ap: driver trigger update
03-25 01:10:41.017  1182  1182 E cnss-daemon: no interop issues ap currently
03-25 01:10:41.017     0     0 I rmnet_perf_config_notify_cb(): rmnet_perf netdevice register, name = wlan0
03-25 01:10:41.021  1088  1244 I Codec2InfoBuilder: adding type 'video/x-vnd.on2.vp8'
03-25 01:10:41.021     0     0 I rmnet_perf_config_notify_cb(): rmnet_perf netdevice register, name = p2p0
03-25 01:10:41.021  1179  1294 V C2Store : in ~ComponentModule
03-25 01:10:41.021  1179  1294 V C2Store : unloading dll
03-25 01:10:41.022  1179  1294 V C2Store : in init
03-25 01:10:41.022  1179  1294 V C2Store : loading dll
03-25 01:10:41.023  1179  1294 I C2SoftVp8Enc: setting temporal layering 0 + 0
03-25 01:10:41.024  1942  1942 D StatusBar: updateQsExpansionEnabled - QS Expand enabled: true
03-25 01:10:41.024  1431  1871 I chatty  : uid=1000(system) WifiP2pService expire 3 lines
03-25 01:10:41.024  1179  1294 I C2SoftVp8Enc: setting temporal layering 0 + 0
03-25 01:10:41.024  1942  1942 D StatusBar: mUserSetupObserver - DeviceProvisionedListener called for user 0
03-25 01:10:41.024  1942  2539 D OpenGLRenderer: profile bars disabled
03-25 01:10:41.025  1942  2539 D OpenGLRenderer: ambientRatio = 1.50
03-25 01:10:41.025  1088  1244 I Codec2InfoBuilder: adding type 'video/x-vnd.on2.vp8'
03-25 01:10:41.026  1179  2549 V C2Store : in init
03-25 01:10:41.026  1179  2549 V C2Store : loading dll
03-25 01:10:41.027  1179  2547 V C2Store : in ~ComponentModule
03-25 01:10:41.027  1179  2547 V C2Store : unloading dll
03-25 01:10:41.028  1088  1244 I Codec2InfoBuilder: adding type 'video/x-vnd.on2.vp9'
03-25 01:10:41.028  1179  2549 V C2Store : in init
03-25 01:10:41.028  1179  2549 V C2Store : loading dll
03-25 01:10:41.028  1179  1295 V C2Store : in ~ComponentModule
03-25 01:10:41.029  1179  1295 V C2Store : unloading dll
03-25 01:10:41.029  1179  2549 I C2SoftVp9Enc: setting temporal layering 0 + 0
03-25 01:10:41.029  1179  2549 I C2SoftVp9Enc: setting temporal layering 0 + 0
03-25 01:10:41.029  1088  1244 I Codec2InfoBuilder: adding type 'video/x-vnd.on2.vp9'
03-25 01:10:41.030  1431  2101 I chatty  : uid=1000(system) Binder:1431_9 expire 1 line
03-25 01:10:41.030  1179  1295 V C2Store : in ~ComponentModule
03-25 01:10:41.030  1179  1295 V C2Store : unloading dll
03-25 01:10:41.033  1942  2302 D CCodec  : allocate(c2.android.vorbis.decoder)
03-25 01:10:41.034  1942  2306 D CCodec  : allocate(c2.android.vorbis.decoder)
03-25 01:10:41.034  1431  1969 I chatty  : uid=1000(system) Binder:1431_3 expire 36 lines
03-25 01:10:41.036  1431  1970 I chatty  : uid=1000(system) Binder:1431_3 expire 34 lines
03-25 01:10:41.037  1942  2302 I Codec2Client: Available Codec2 services: "default" "software"
03-25 01:10:41.039  1942  2306 I CCodec  : setting up 'default' as default (vendor) store
03-25 01:10:41.040  1942  2302 I CCodec  : setting up 'default' as default (vendor) store
03-25 01:10:41.044  1179  2547 V C2Store : in init
03-25 01:10:41.045  1179  2547 V C2Store : loading dll
03-25 01:10:41.046  1942  2302 I CCodec  : Created component [c2.android.vorbis.decoder]
03-25 01:10:41.047  1942  2302 D CCodecConfig: read media type: audio/vorbis
03-25 01:10:41.051  1942  2302 D ReflectedParamUpdater: extent() != 1 for single value type: algo.buffers.max-count.values
03-25 01:10:41.053  1942  2302 D ReflectedParamUpdater: extent() != 1 for single value type: output.subscribed-indices.values
03-25 01:10:41.053  1942  2302 D ReflectedParamUpdater: extent() != 1 for single value type: input.buffers.allocator-ids.values
03-25 01:10:41.053  1942  2302 D ReflectedParamUpdater: extent() != 1 for single value type: output.buffers.allocator-ids.values
03-25 01:10:41.053  1942  2302 D ReflectedParamUpdater: extent() != 1 for single value type: algo.buffers.allocator-ids.values
03-25 01:10:41.053  1942  2302 D ReflectedParamUpdater: extent() != 1 for single value type: output.buffers.pool-ids.values
03-25 01:10:41.053  1942  2302 D ReflectedParamUpdater: extent() != 1 for single value type: algo.buffers.pool-ids.values
03-25 01:10:41.055  1942  2306 I CCodec  : Created component [c2.android.vorbis.decoder]
03-25 01:10:41.055  1942  2306 D CCodecConfig: read media type: audio/vorbis
03-25 01:10:41.056  1942  2302 I CCodecConfig: query failed after returning 7 values (BAD_INDEX)
03-25 01:10:41.056  1942  2302 D CCodecConfig: c2 config diff is Dict {
03-25 01:10:41.056  1942  2302 D CCodecConfig:   c2::u32 coded.bitrate.value = 64000
03-25 01:10:41.056  1942  2302 D CCodecConfig:   c2::u32 input.buffers.max-size.value = 32768
03-25 01:10:41.056  1942  2302 D CCodecConfig:   c2::u32 input.delay.value = 0
03-25 01:10:41.056  1942  2302 D CCodecConfig:   string input.media-type.value = "audio/vorbis"
03-25 01:10:41.056  1942  2302 D CCodecConfig:   string output.media-type.value = "audio/raw"
03-25 01:10:41.056  1942  2302 D CCodecConfig:   c2::u32 raw.channel-count.value = 1
03-25 01:10:41.056  1942  2302 D CCodecConfig:   c2::u32 raw.sample-rate.value = 48000
03-25 01:10:41.056  1942  2302 D CCodecConfig: }
03-25 01:10:41.057  1942  2302 D CCodec  : [c2.android.vorbis.decoder] buffers are bound to CCodec for this session
03-25 01:10:41.057  1942  2302 D CCodecConfig: no c2 equivalents for durationUs
03-25 01:10:41.057  1942  2302 D CCodecConfig: no c2 equivalents for track-id
03-25 01:10:41.057  1942  2302 D CCodecConfig: no c2 equivalents for csd-1
03-25 01:10:41.057  1942  2302 D CCodecConfig: no c2 equivalents for channel-mask
03-25 01:10:41.057  1942  2302 D CCodecConfig: no c2 equivalents for flags
03-25 01:10:41.058  1942  2302 D CCodecConfig: c2 config diff is   c2::u32 raw.channel-count.value = 2
03-25 01:10:41.058  1942  2302 D CCodecConfig:   c2::u32 raw.sample-rate.value = 44100
03-25 01:10:41.058  1179  2547 E FMQ     : grantorIdx must be less than 3
03-25 01:10:41.058  1179  2547 E FMQ     : grantorIdx must be less than 3
03-25 01:10:41.058  1942  2302 W Codec2Client: query -- param skipped: index = 1107298332.
03-25 01:10:41.058  1942  2302 D CCodec  : setup formats input: AMessage(what = 0x00000000) = {
03-25 01:10:41.058  1942  2302 D CCodec  :   int32_t channel-count = 2
03-25 01:10:41.058  1942  2302 D CCodec  :   int32_t max-input-size = 32768
03-25 01:10:41.058  1942  2302 D CCodec  :   string mime = "audio/vorbis"
03-25 01:10:41.058  1942  2302 D CCodec  :   int32_t sample-rate = 44100
03-25 01:10:41.058  1942  2302 D CCodec  : } and output: AMessage(what = 0x00000000) = {
03-25 01:10:41.058  1942  2302 D CCodec  :   int32_t channel-count = 2
03-25 01:10:41.058  1942  2302 D CCodec  :   string mime = "audio/raw"
03-25 01:10:41.058  1942  2302 D CCodec  :   int32_t sample-rate = 44100
03-25 01:10:41.058  1942  2302 D CCodec  :   int32_t channel-mask = 3
03-25 01:10:41.058  1942  2302 D CCodec  : }
03-25 01:10:41.059  1942  2306 D ReflectedParamUpdater: extent() != 1 for single value type: algo.buffers.max-count.values
03-25 01:10:41.059  1942  2302 W Codec2Client: query -- param skipped: index = 1342179345.
03-25 01:10:41.059  1942  2302 W Codec2Client: query -- param skipped: index = 2415921170.
03-25 01:10:41.059  1942  2306 D ReflectedParamUpdater: extent() != 1 for single value type: output.subscribed-indices.values
03-25 01:10:41.059  1942  2306 D ReflectedParamUpdater: extent() != 1 for single value type: input.buffers.allocator-ids.values
03-25 01:10:41.059  1942  2306 D ReflectedParamUpdater: extent() != 1 for single value type: output.buffers.allocator-ids.values
03-25 01:10:41.059  1942  2302 E FMQ     : grantorIdx must be less than 3
03-25 01:10:41.059  1942  2302 E FMQ     : grantorIdx must be less than 3
03-25 01:10:41.059  1942  2302 D CCodecBufferChannel: [c2.android.vorbis.decoder#43] Created input block pool with allocatorID 16 => poolID 17 - OK (0)
03-25 01:10:41.060  1942  2306 D ReflectedParamUpdater: extent() != 1 for single value type: algo.buffers.allocator-ids.values
03-25 01:10:41.060  1942  2306 D ReflectedParamUpdater: extent() != 1 for single value type: output.buffers.pool-ids.values
03-25 01:10:41.060  1942  2306 D ReflectedParamUpdater: extent() != 1 for single value type: algo.buffers.pool-ids.values
03-25 01:10:41.060  1942  2306 I CCodecConfig: query failed after returning 7 values (BAD_INDEX)
03-25 01:10:41.060  1942  2306 D CCodecConfig: c2 config diff is Dict {
03-25 01:10:41.060  1942  2306 D CCodecConfig:   c2::u32 coded.bitrate.value = 64000
03-25 01:10:41.060  1942  2306 D CCodecConfig:   c2::u32 input.buffers.max-size.value = 32768
03-25 01:10:41.060  1942  2306 D CCodecConfig:   c2::u32 input.delay.value = 0
03-25 01:10:41.060  1942  2306 D CCodecConfig:   string input.media-type.value = "audio/vorbis"
03-25 01:10:41.060  1942  2306 D CCodecConfig:   string output.media-type.value = "audio/raw"
03-25 01:10:41.060  1942  2306 D CCodecConfig:   c2::u32 raw.channel-count.value = 1
03-25 01:10:41.060  1942  2306 D CCodecConfig:   c2::u32 raw.sample-rate.value = 48000
03-25 01:10:41.060  1942  2306 D CCodecConfig: }
03-25 01:10:41.061  1179  1294 E FMQ     : grantorIdx must be less than 3
03-25 01:10:41.061  1942  2306 D CCodec  : [c2.android.vorbis.decoder] buffers are bound to CCodec for this session
03-25 01:10:41.061  1942  2306 D CCodecConfig: no c2 equivalents for durationUs
03-25 01:10:41.061  1942  2306 D CCodecConfig: no c2 equivalents for track-id
03-25 01:10:41.061  1942  2306 D CCodecConfig: no c2 equivalents for csd-1
03-25 01:10:41.061  1942  2306 D CCodecConfig: no c2 equivalents for channel-mask
03-25 01:10:41.061  1942  2306 D CCodecConfig: no c2 equivalents for flags
03-25 01:10:41.061  1179  1294 E FMQ     : grantorIdx must be less than 3
03-25 01:10:41.061  1942  2302 I CCodecBufferChannel: [c2.android.vorbis.decoder#43] Created output block pool with allocatorID 16 => poolID 18 - OK
03-25 01:10:41.061  1942  2302 D CCodecBufferChannel: [c2.android.vorbis.decoder#43] Configured output block pool ids 18 => OK
03-25 01:10:41.061  1942  2306 D CCodecConfig: c2 config diff is   c2::u32 raw.channel-count.value = 2
03-25 01:10:41.061  1942  2306 D CCodecConfig:   c2::u32 raw.sample-rate.value = 44100
03-25 01:10:41.062  1942  2306 W Codec2Client: query -- param skipped: index = 1107298332.
03-25 01:10:41.062  1942  2306 D CCodec  : setup formats input: AMessage(what = 0x00000000) = {
03-25 01:10:41.062  1942  2306 D CCodec  :   int32_t channel-count = 2
03-25 01:10:41.062  1942  2306 D CCodec  :   int32_t max-input-size = 32768
03-25 01:10:41.062  1942  2306 D CCodec  :   string mime = "audio/vorbis"
03-25 01:10:41.062  1942  2306 D CCodec  :   int32_t sample-rate = 44100
03-25 01:10:41.062  1942  2306 D CCodec  : } and output: AMessage(what = 0x00000000) = {
03-25 01:10:41.062  1942  2306 D CCodec  :   int32_t channel-count = 2
03-25 01:10:41.062  1942  2306 D CCodec  :   string mime = "audio/raw"
03-25 01:10:41.062  1942  2306 D CCodec  :   int32_t sample-rate = 44100
03-25 01:10:41.062  1942  2306 D CCodec  :   int32_t channel-mask = 3
03-25 01:10:41.062  1942  2306 D CCodec  : }
03-25 01:10:41.062  1942  2302 E ion     : ioctl c0044901 failed with code -1: Inappropriate ioctl for device
03-25 01:10:41.062  1942  2306 W Codec2Client: query -- param skipped: index = 1342179345.
03-25 01:10:41.062  1942  2306 W Codec2Client: query -- param skipped: index = 2415921170.
03-25 01:10:41.063  1179  2570 D SimpleC2Component: Using output block pool with poolID 18 => got 18 - 0
03-25 01:10:41.063  1942  2306 E FMQ     : grantorIdx must be less than 3
03-25 01:10:41.063  1942  2306 E FMQ     : grantorIdx must be less than 3
03-25 01:10:41.063  1942  2302 E FMQ     : grantorIdx must be less than 3
03-25 01:10:41.063  1942  2306 D CCodecBufferChannel: [c2.android.vorbis.decoder#287] Created input block pool with allocatorID 16 => poolID 18 - OK (0)
03-25 01:10:41.063  1179  2575 E FMQ     : grantorIdx must be less than 3
03-25 01:10:41.063  1179  1179 E FMQ     : grantorIdx must be less than 3
03-25 01:10:41.063  1179  1179 E FMQ     : grantorIdx must be less than 3
03-25 01:10:41.063  1942  2306 I CCodecBufferChannel: [c2.android.vorbis.decoder#287] Created output block pool with allocatorID 16 => poolID 19 - OK
03-25 01:10:41.063  1942  2306 D CCodecBufferChannel: [c2.android.vorbis.decoder#287] Configured output block pool ids 19 => OK
03-25 01:10:41.064  1179  1295 E ion     : ioctl c0044901 failed with code -1: Inappropriate ioctl for device
03-25 01:10:41.064  1942  2306 E FMQ     : grantorIdx must be less than 3
03-25 01:10:41.065  1179  1179 E FMQ     : grantorIdx must be less than 3
03-25 01:10:41.065  1179  2574 D SimpleC2Component: Using output block pool with poolID 19 => got 19 - 0
03-25 01:10:41.067  1179  2570 E FMQ     : grantorIdx must be less than 3
03-25 01:10:41.067  1942  2566 E FMQ     : grantorIdx must be less than 3
03-25 01:10:41.067  1179  2574 E FMQ     : grantorIdx must be less than 3
03-25 01:10:41.068  1942  2566 E FMQ     : grantorIdx must be less than 3
03-25 01:10:41.068  1942  2302 D CCodecBuffers: [c2.android.vorbis.decoder#43:Output[N]] popFromStashAndRegister: output format changed to AMessage(what = 0x00000000) = {
03-25 01:10:41.068  1942  2302 D CCodecBuffers:   int32_t channel-count = 2
03-25 01:10:41.068  1942  2302 D CCodecBuffers:   string mime = "audio/raw"
03-25 01:10:41.068  1942  2302 D CCodecBuffers:   int32_t sample-rate = 44100
03-25 01:10:41.068  1942  2302 D CCodecBuffers:   int32_t channel-mask = 3
03-25 01:10:41.068  1942  2302 D CCodecBuffers: }
03-25 01:10:41.068  1942  2306 D CCodecBuffers: [c2.android.vorbis.decoder#287:Output[N]] popFromStashAndRegister: output format changed to AMessage(what = 0x00000000) = {
03-25 01:10:41.068  1942  2306 D CCodecBuffers:   int32_t channel-count = 2
03-25 01:10:41.068  1942  2306 D CCodecBuffers:   string mime = "audio/raw"
03-25 01:10:41.068  1942  2306 D CCodecBuffers:   int32_t sample-rate = 44100
03-25 01:10:41.068  1942  2306 D CCodecBuffers:   int32_t channel-mask = 3
03-25 01:10:41.068  1942  2306 D CCodecBuffers: }
03-25 01:10:41.069     0     0 I IPv6    : ADDRCONF(NETDEV_UP): wlan0: link is not ready
03-25 01:10:41.069   781   781 I WifiHAL : Initializing wifi
03-25 01:10:41.070   781   781 I CLD80211: android.hardware.wifi@1.0-service: initialized exit socket pair
03-25 01:10:41.070   781   781 I CLD80211: android.hardware.wifi@1.0-service: nlctrl family id: 16 group: host_logs mcast_id: 20
03-25 01:10:41.070   781   781 I CLD80211: android.hardware.wifi@1.0-service: nlctrl family id: 16 group: fw_logs mcast_id: 21
03-25 01:10:41.070   781   781 I CLD80211: android.hardware.wifi@1.0-service: nlctrl family id: 16 group: per_pkt_stats mcast_id: 22
03-25 01:10:41.070   781   781 I CLD80211: android.hardware.wifi@1.0-service: nlctrl family id: 16 group: diag_events mcast_id: 23
03-25 01:10:41.070   781   781 I CLD80211: android.hardware.wifi@1.0-service: nlctrl family id: 16 group: fatal_events mcast_id: 24
03-25 01:10:41.070   781   781 I CLD80211: android.hardware.wifi@1.0-service: nlctrl family id: 16 group: oem_msgs mcast_id: 25
03-25 01:10:41.071  1231  1278 I LOWI-9.0.0.56: [LOWIController] isWifiEnabled: Wifi is now enabled
03-25 01:10:41.072   781   781 E WifiHAL : wifi_get_capabilities: GSCAN is not supported by driver
03-25 01:10:41.072   781   781 E WifiHAL : Failed to get wifi Capabilities, error: -3
03-25 01:10:41.072   781   781 D WifiHAL : wlan_service_read_sys_param: /proc/sys/net/ipv4/tcp_limit_output_bytes 262144
03-25 01:10:41.072   781   781 D WifiHAL : wlan_service_read_sys_param: /proc/sys/net/ipv4/tcp_adv_win_scale 1
03-25 01:10:41.076  1179  1179 E FMQ     : grantorIdx must be less than 3
03-25 01:10:41.076  1179  1179 E FMQ     : grantorIdx must be less than 3
03-25 01:10:41.076  1231  1278 I LOWI-9.0.0.56: [LOWI-Scan] WipsGetSupportedChannels: return err = 0 num_2g_ch = 13 num_5g_ch = 13 num_6g_ch = 0
03-25 01:10:41.076  1231  1278 I LOWI-9.0.0.56: [LOWIWifiDriverUtils] set the band mask from wiphy 3
03-25 01:10:41.077  1179  2571 D SimpleC2Component: Using output block pool with poolID 20 => got 20 - 0
03-25 01:10:41.078  1231  1278 I LOWI-9.0.0.56: [LOWI-ROME-RTT] RomeWipsOpen: libCld80211 found, load the symbols..
03-25 01:10:41.078  1179  2572 D SimpleC2Component: Using output block pool with poolID 17 => got 17 - 0
03-25 01:10:41.078  1231  1278 I CLD80211: lowi-server: initialized exit socket pair
03-25 01:10:41.078  1179  1294 E FMQ     : grantorIdx must be less than 3
03-25 01:10:41.078  1942  1942 W AudioManager: attempt to call registerAudioRecordingCallback() on a previouslyregistered callback
03-25 01:10:41.078  1231  1278 I LOWI-9.0.0.56: [LOWI-Scan] lowi_close_record:Scan done in 1ms, 0 APs in scan results
03-25 01:10:41.078  1231  1278 I LOWI-9.0.0.56: [LOWI-Scan] No input freq.Cannot do fresh scan, cached scan failed
03-25 01:10:41.078  1231  1278 I LOWI-9.0.0.56: [LOWIWifiDriverUtils] return band_mask based on wiphy 3
03-25 01:10:41.078  1942  1942 D NotifPipeline: Notif pipeline initialized
03-25 01:10:41.082  1179  1295 E FMQ     : grantorIdx must be less than 3
03-25 01:10:41.083   781  2577 I WifiHAL : send_nl_data: sent cld80211 msg of len: 48 to driver
03-25 01:10:41.083   781  2577 I WifiHAL : send oem msg of len : 40 to apps
03-25 01:10:41.083  1231  2579 I LOWI-9.0.0.56: [LOWI-ROME-RTT] RomeExtractRegRsp: nl format oem data enabled
03-25 01:10:41.084   781  2577 I WifiHAL : send_nl_data: sent cld80211 msg of len: 32 to driver
03-25 01:10:41.084   781  2577 I WifiHAL : send oem msg of len : 148 to apps
03-25 01:10:41.084   781  2577 I WifiHAL : send_nl_data: sent cld80211 msg of len: 32 to driver
03-25 01:10:41.084   781  2577 I WifiHAL : send oem msg of len : 1608 to apps
03-25 01:10:41.084  1231  2579 I LOWI-9.0.0.56: [LOWI-ROME-RTT] ExtractNLChannelInfo: NumChan = 26
03-25 01:10:41.084  1179  2572 E FMQ     : grantorIdx must be less than 3
03-25 01:10:41.085   781  2577 I WifiHAL : send_nl_data: sent cld80211 msg of len: 64 to driver
03-25 01:10:41.086   781  2577 I WifiHAL : send oem msg of len : 108 to apps
03-25 01:10:41.087  1942  2302 D CCodecBufferChannel: [c2.android.vorbis.decoder#43] MediaCodec discarded an unknown buffer
03-25 01:10:41.087  1942  2302 D CCodecBufferChannel: [c2.android.vorbis.decoder#43] MediaCodec discarded an unknown buffer
03-25 01:10:41.088  1942  2302 I hw-BpHwBinder: onLastStrongRef automatically unlinking death recipients
03-25 01:10:41.089  1179  2571 E FMQ     : grantorIdx must be less than 3
03-25 01:10:41.090  1431  1471 I chatty  : uid=1000(system) HwBinder:1431_1 expire 2 lines
03-25 01:10:41.094  1942  2306 D CCodecBufferChannel: [c2.android.vorbis.decoder#287] MediaCodec discarded an unknown buffer
03-25 01:10:41.094  1942  2306 I chatty  : uid=10143(com.android.systemui) identical 3 lines
03-25 01:10:41.095  1179  2553 I hw-BpHwBinder: onLastStrongRef automatically unlinking death recipients
03-25 01:10:41.098  1085  1955 E Utils   : did not find channel-count and/or sample-rate
03-25 01:10:41.100   781   781 I QCALOG  : [LOWIClient] createInstance ()
03-25 01:10:41.101  1942  2583 I chatty  : uid=10143(com.android.systemui) expire 5 lines
03-25 01:10:41.101   781  2584 I QCALOG  : [MessageQ_Client] connecting to server [/dev/socket/location/mq/location-mq-s]
03-25 01:10:41.102   781  2584 I QCALOG  : [MessageQ_Client] connected
03-25 01:10:41.102  1431  1441 I chatty  : uid=1000(system) HeapTaskDaemon expire 1 line
03-25 01:10:41.102   757  2103 E IzatSvc_IzatManager: Exiting with error handleMsg line 494 "3"
03-25 01:10:41.102   781   781 W QCALOG  : [LOWIMsgQ] pop 0: deprecated.
03-25 01:10:41.102  1231  1278 I LOWI-9.0.0.56: [LOWIUtils] inPostcardToRequest - FROM: 7818a124f8-LC, TO:   LOWI-SERVER, REQ:  LOWI_CAPABILITY
03-25 01:10:41.102  1231  1278 I LOWI-9.0.0.56: [LOWIController] generateResponse, Get Wigig capabilitiles from controller
03-25 01:10:41.102  1231  1278 I LOWI-9.0.0.56: [LOWIUtils] responseToOutPostcard - TO: 7818a124f8-LC, FROM:   LOWI-SERVER, RESP:  LOWI_CAPABILITY
03-25 01:10:41.102   781  2584 I QCALOG  : [LOWIUtils] inPostcardToResponse - FROM: LOWI-SERVER, TO:   7818a124f8-LC, RESP:  LOWI_CAPABILITY
03-25 01:10:41.102   781   781 I QCALOG  : [LOWI-WIFIHAL-2.1.1.20] printCapabilitiesInfo: discovery_scan_supported(1) ranging_scan_supported(1)active_scan_supported(1) bgscan_supported(0) scans_supported(0x26)
03-25 01:10:41.102   781   781 I QCALOG  : [LOWI-WIFIHAL-2.1.1.20] printCapabilitiesInfo: one_sided_ranging_supported(1) dual_sided_ranging_supported_11mc(1) bwSupport(0x3) preambleSupport(0x7) mcVersion(50)
03-25 01:10:41.109  1942  1942 I chatty  : uid=10143(com.android.systemui) expire 1 line
03-25 01:10:41.114   781   781 I WifiHAL : mpdu_size_threshold : 128, aggressive_statistics_gathering : 0
03-25 01:10:41.114  1942  2583 I chatty  : uid=10143(com.android.systemui) expire 24 lines
03-25 01:10:41.117  1085  1326 E Utils   : did not find channel-count and/or sample-rate
03-25 01:10:41.118  1179  1295 E FMQ     : grantorIdx must be less than 3
03-25 01:10:41.118  1179  1295 E FMQ     : grantorIdx must be less than 3
03-25 01:10:41.118  1942  1942 I chatty  : uid=10143(com.android.systemui) expire 2 lines
03-25 01:10:41.119  1179  1295 I hw-BpHwBinder: onLastStrongRef automatically unlinking death recipients
03-25 01:10:41.120  1942  2583 I chatty  : uid=10143(com.android.systemui) expire 1 line
03-25 01:10:41.120  1179  2586 D SimpleC2Component: Using output block pool with poolID 21 => got 21 - 0
03-25 01:10:41.120  1179  1294 E FMQ     : grantorIdx must be less than 3
03-25 01:10:41.121  1431  2590 I chatty  : uid=1000(system) Binder:1431_3 expire 31 lines
03-25 01:10:41.123  1179  2586 E FMQ     : grantorIdx must be less than 3
03-25 01:10:41.124  1942  2566 I chatty  : uid=10143(com.android.systemui) HwBinder:1942_1 expire 1 line
03-25 01:10:41.124  1942  2583 I chatty  : uid=10143(com.android.systemui) expire 2 lines
03-25 01:10:41.125  1431  1873 I chatty  : uid=1000(system) WifiScanningSer expire 4 lines
03-25 01:10:41.125   781   781 E WifiHAL : wifi_get_gscan_capabilities: GSCAN is not supported by driver
03-25 01:10:41.125  1085  1955 E Utils   : did not find channel-count and/or sample-rate
03-25 01:10:41.128  1431  2593 I chatty  : uid=1000(system) Binder:1431_3 expire 32 lines
03-25 01:10:41.136     0     0 I init    : starting service 'wpa_supplicant'...
03-25 01:10:41.136     0     0 I init    : Created socket '/dev/socket/wpa_wlan0', mode 660, user 1010, group 1010
03-25 01:10:41.139     0     0 I init    : Control message: Processed ctl.interface_start for 'android.hardware.wifi.supplicant@1.0::ISupplicant/default' from pid: 570 (/system/bin/hwservicemanager)
03-25 01:10:41.253  2599  2599 D wpa_supplicant: nl80211: Supported vendor event: vendor_id=0x1374 subcmd=119
03-25 01:10:41.253  2599  2599 D wpa_supplicant: nl80211: Supported vendor event: vendor_id=0x1374 subcmd=81
03-25 01:10:41.253  2599  2599 D wpa_supplicant: nl80211: Supported vendor event: vendor_id=0x1374 subcmd=123
03-25 01:10:41.253  2599  2599 D wpa_supplicant: nl80211: Supported vendor event: vendor_id=0x1374 subcmd=124
03-25 01:10:41.253  2599  2599 D wpa_supplicant: nl80211: Supported vendor event: vendor_id=0x1374 subcmd=147
03-25 01:10:41.253  2599  2599 D wpa_supplicant: nl80211: Supported vendor event: vendor_id=0x1374 subcmd=148
03-25 01:10:41.253  2599  2599 D wpa_supplicant: nl80211: Supported vendor event: vendor_id=0x1374 subcmd=150
03-25 01:10:41.253  2599  2599 D wpa_supplicant: nl80211: Supported vendor event: vendor_id=0x1374 subcmd=157
03-25 01:10:41.254  2599  2599 D wpa_supplicant: nl80211: Supported vendor event: vendor_id=0x0 subcmd=0
03-25 01:10:41.254  2599  2599 D wpa_supplicant: nl80211: Supported vendor event: vendor_id=0x1374 subcmd=165
03-25 01:10:41.254  2599  2599 D wpa_supplicant: nl80211: Supported vendor event: vendor_id=0x1374 subcmd=171
03-25 01:10:41.254  2599  2599 D wpa_supplicant: nl80211: Supported vendor event: vendor_id=0x1374 subcmd=174
03-25 01:10:41.254  2599  2599 D wpa_supplicant: nl80211: Supported vendor event: vendor_id=0x1374 subcmd=101
03-25 01:10:41.254  2599  2599 D wpa_supplicant: nl80211: Supported vendor event: vendor_id=0x0 subcmd=0
03-25 01:10:41.254  2599  2599 D wpa_supplicant: nl80211: Supported vendor event: vendor_id=0x1374 subcmd=180
03-25 01:10:41.254  2599  2599 D wpa_supplicant: nl80211: Supported vendor event: vendor_id=0x1374 subcmd=64
03-25 01:10:41.254  2599  2599 D wpa_supplicant: nl80211: Supported vendor event: vendor_id=0x1374 subcmd=182
03-25 01:10:41.254  2599  2599 D wpa_supplicant: nl80211: Supported vendor event: vendor_id=0x1374 subcmd=187
03-25 01:10:41.254  2599  2599 D wpa_supplicant: nl80211: Supported vendor event: vendor_id=0x1374 subcmd=188
03-25 01:10:41.254  2599  2599 D wpa_supplicant: nl80211: STATION supported key_mgmt 0x3fff6f
03-25 01:10:41.254  2599  2599 D wpa_supplicant: nl80211: P2P_CLIENT supported key_mgmt 0x3fff6f
03-25 01:10:41.254  2599  2599 D wpa_supplicant: nl80211: AP supported key_mgmt 0x1040c
03-25 01:10:41.254  2599  2599 D wpa_supplicant: nl80211: P2P_GO supported key_mgmt 0x1040c
03-25 01:10:41.254  2599  2599 D wpa_supplicant: nl80211: Use separate P2P group interface (driver advertised support)
03-25 01:10:41.254  2599  2599 D wpa_supplicant: nl80211: Enable multi-channel concurrent (driver advertised support)
03-25 01:10:41.254  2599  2599 D wpa_supplicant: nl80211: key_mgmt=0x3fff6f enc=0x76f auth=0x7 flags=0x10ad7a769abcfbc4 rrm_flags=0x0 probe_resp_offloads=0x0 max_stations=32 max_remain_on_chan=5000 max_scan_ssids=10
03-25 01:10:41.254  2599  2599 D wpa_supplicant: nl80211: interface wlan0 in phy phy0
03-25 01:10:41.254  2599  2599 D wpa_supplicant: nl80211: Set mode ifindex 30 iftype 2 (STATION)
03-25 01:10:41.254  2599  2599 D wpa_supplicant: nl80211: Subscribe to mgmt frames with non-AP handle 0xb400007a5a650230
03-25 01:10:41.254  2599  2599 D wpa_supplicant: nl80211: Register frame type=0xb0 (WLAN_FC_STYPE_AUTH) nl_handle=0xb400007a5a650230 match=0300 multicast=0
03-25 01:10:41.254  2599  2599 D wpa_supplicant: nl80211: Register frame type=0xd0 (WLAN_FC_STYPE_ACTION) nl_handle=0xb400007a5a650230 match=0104 multicast=0
03-25 01:10:41.254  2599  2599 D wpa_supplicant: nl80211: Register frame type=0xd0 (WLAN_FC_STYPE_ACTION) nl_handle=0xb400007a5a650230 match=040a multicast=0
03-25 01:10:41.254  2599  2599 D wpa_supplicant: nl80211: Register frame type=0xd0 (WLAN_FC_STYPE_ACTION) nl_handle=0xb400007a5a650230 match=040b multicast=0
03-25 01:10:41.255  2599  2599 D wpa_supplicant: nl80211: Register frame type=0xd0 (WLAN_FC_STYPE_ACTION) nl_handle=0xb400007a5a650230 match=040c multicast=0
03-25 01:10:41.255  2599  2599 D wpa_supplicant: nl80211: Register frame type=0xd0 (WLAN_FC_STYPE_ACTION) nl_handle=0xb400007a5a650230 match=040d multicast=0
03-25 01:10:41.255  2599  2599 D wpa_supplicant: nl80211: Register frame type=0xd0 (WLAN_FC_STYPE_ACTION) nl_handle=0xb400007a5a650230 match=090a multicast=0
03-25 01:10:41.255  2599  2599 D wpa_supplicant: nl80211: Register frame type=0xd0 (WLAN_FC_STYPE_ACTION) nl_handle=0xb400007a5a650230 match=090b multicast=0
03-25 01:10:41.255  2599  2599 D wpa_supplicant: nl80211: Register frame type=0xd0 (WLAN_FC_STYPE_ACTION) nl_handle=0xb400007a5a650230 match=090c multicast=0
03-25 01:10:41.255  2599  2599 D wpa_supplicant: nl80211: Register frame type=0xd0 (WLAN_FC_STYPE_ACTION) nl_handle=0xb400007a5a650230 match=090d multicast=0
03-25 01:10:41.255  2599  2599 D wpa_supplicant: nl80211: Register frame type=0xd0 (WLAN_FC_STYPE_ACTION) nl_handle=0xb400007a5a650230 match=0409506f9a09 multicast=0
03-25 01:10:41.255  2599  2599 D wpa_supplicant: nl80211: Register frame type=0xd0 (WLAN_FC_STYPE_ACTION) nl_handle=0xb400007a5a650230 match=7f506f9a09 multicast=0
03-25 01:10:41.255  2599  2599 D wpa_supplicant: nl80211: Register frame type=0xd0 (WLAN_FC_STYPE_ACTION) nl_handle=0xb400007a5a650230 match=0409506f9a1a multicast=0
03-25 01:10:41.255  2599  2599 D wpa_supplicant: nl80211: Register frame type=0xd0 (WLAN_FC_STYPE_ACTION) nl_handle=0xb400007a5a650230 match=0801 multicast=0
03-25 01:10:41.255  2599  2599 D wpa_supplicant: nl80211: Register frame type=0xd0 (WLAN_FC_STYPE_ACTION) nl_handle=0xb400007a5a650230 match=040e multicast=0
03-25 01:10:41.255  2599  2599 D wpa_supplicant: nl80211: Register frame type=0xd0 (WLAN_FC_STYPE_ACTION) nl_handle=0xb400007a5a650230 match=06 multicast=0
03-25 01:10:41.255  2599  2599 D wpa_supplicant: nl80211: Register frame type=0xd0 (WLAN_FC_STYPE_ACTION) nl_handle=0xb400007a5a650230 match=0a07 multicast=0
03-25 01:10:41.255  2599  2599 D wpa_supplicant: nl80211: Register frame type=0xd0 (WLAN_FC_STYPE_ACTION) nl_handle=0xb400007a5a650230 match=0a11 multicast=0
03-25 01:10:41.255  2599  2599 D wpa_supplicant: nl80211: Register frame type=0xd0 (WLAN_FC_STYPE_ACTION) nl_handle=0xb400007a5a650230 match=0a0b multicast=0
03-25 01:10:41.255  2599  2599 D wpa_supplicant: nl80211: Register frame type=0xd0 (WLAN_FC_STYPE_ACTION) nl_handle=0xb400007a5a650230 match=0a1a multicast=0
03-25 01:10:41.255  2599  2599 D wpa_supplicant: nl80211: Register frame type=0xd0 (WLAN_FC_STYPE_ACTION) nl_handle=0xb400007a5a650230 match=1101 multicast=0
03-25 01:10:41.255  2599  2599 D wpa_supplicant: nl80211: Register frame type=0xd0 (WLAN_FC_STYPE_ACTION) nl_handle=0xb400007a5a650230 match=1102 multicast=0
03-25 01:10:41.255  2599  2599 D wpa_supplicant: nl80211: Register frame type=0xd0 (WLAN_FC_STYPE_ACTION) nl_handle=0xb400007a5a650230 match=0505 multicast=0
03-25 01:10:41.255  2599  2599 D wpa_supplicant: nl80211: Register frame type=0xd0 (WLAN_FC_STYPE_ACTION) nl_handle=0xb400007a5a650230 match=0500 multicast=0
03-25 01:10:41.256  2599  2599 I wpa_supplicant: rfkill: Cannot open RFKILL control device
03-25 01:10:41.256  2599  2599 D wpa_supplicant: nl80211: RFKILL status not available
03-25 01:10:41.256  2599  2599 D wpa_supplicant: netlink: Operstate: ifindex=30 linkmode=1 (userspace-control), operstate=5 (IF_OPER_DORMANT)
03-25 01:10:41.257  1431  1452 I EthernetTracker: interfaceLinkStateChanged, iface: wlan0, up: false
03-25 01:10:41.257  2599  2599 D wpa_supplicant: nl80211: driver param='"no_rrm=1"'
03-25 01:10:41.257  2599  2599 D wpa_supplicant: Add interface wlan0 to a new radio phy0
03-25 01:10:41.258  2599  2599 D wpa_supplicant: nl80211: Regulatory information - country=CN (DFS-JP)
03-25 01:10:41.258  2599  2599 D wpa_supplicant: nl80211: 2402-2482 @ 40 MHz 20 mBm
03-25 01:10:41.258  2599  2599 D wpa_supplicant: nl80211: 5170-5250 @ 80 MHz 23 mBm
03-25 01:10:41.258  2599  2599 D wpa_supplicant: nl80211: 5250-5330 @ 80 MHz 23 mBm (DFS)
03-25 01:10:41.258  2599  2599 D wpa_supplicant: nl80211: 5735-5835 @ 80 MHz 33 mBm
03-25 01:10:41.258  2599  2599 D wpa_supplicant: nl80211: Added 802.11b mode based on 802.11g information
03-25 01:10:41.258  2599  2599 D wpa_supplicant: nl80211: Mode IEEE 802.11g: 2412 2417 2422 2427 2432 2437 2442 2447 2452 2457 2462 2467 2472 2484[DISABLED]
03-25 01:10:41.258  2599  2599 D wpa_supplicant: nl80211: Mode IEEE 802.11a: 5180 5200 5220 5240 5260[RADAR] 5280[RADAR] 5300[RADAR] 5320[RADAR] 5500[DISABLED] 5520[DISABLED] 5540[DISABLED] 5560[DISABLED] 5580[DISABLED] 5600[DISABLED] 5620[DISABLED] 5640[DISABLED]
03-25 01:10:41.258  2599  2599 D wpa_supplicant: nl80211: Mode IEEE 802.11b: 2412 2417 2422 2427 2432 2437 2442 2447 2452 2457 2462 2467 2472 2484[DISABLED]
03-25 01:10:41.260  2599  2599 D wpa_supplicant: wlan0: Own MAC address: a8:9c:ed:b3:7d:1e
03-25 01:10:41.260  2599  2599 D wpa_supplicant: wpa_driver_nl80211_set_key: ifindex=30 (wlan0) alg=0 addr=0x0 key_idx=0 set_tx=0 seq_len=0 key_len=0 key_flag=0x10
03-25 01:10:41.260  2599  2599 D wpa_supplicant: nl80211: DEL_KEY
03-25 01:10:41.260  2599  2599 D wpa_supplicant:    broadcast key
03-25 01:10:41.260  2599  2599 D wpa_supplicant: wpa_driver_nl80211_set_key: ifindex=30 (wlan0) alg=0 addr=0x0 key_idx=1 set_tx=0 seq_len=0 key_len=0 key_flag=0x10
03-25 01:10:41.260  2599  2599 D wpa_supplicant: nl80211: DEL_KEY
03-25 01:10:41.260  2599  2599 D wpa_supplicant:    broadcast key
03-25 01:10:41.260  2599  2599 D wpa_supplicant: wpa_driver_nl80211_set_key: ifindex=30 (wlan0) alg=0 addr=0x0 key_idx=2 set_tx=0 seq_len=0 key_len=0 key_flag=0x10
03-25 01:10:41.260  2599  2599 D wpa_supplicant: nl80211: DEL_KEY
03-25 01:10:41.260  2599  2599 D wpa_supplicant:    broadcast key
03-25 01:10:41.260  2599  2599 D wpa_supplicant: wpa_driver_nl80211_set_key: ifindex=30 (wlan0) alg=0 addr=0x0 key_idx=3 set_tx=0 seq_len=0 key_len=0 key_flag=0x10
03-25 01:10:41.260  2599  2599 D wpa_supplicant: nl80211: DEL_KEY
03-25 01:10:41.260  2599  2599 D wpa_supplicant:    broadcast key
03-25 01:10:41.261  2599  2599 D wpa_supplicant: wpa_driver_nl80211_set_key: ifindex=30 (wlan0) alg=0 addr=0x0 key_idx=4 set_tx=0 seq_len=0 key_len=0 key_flag=0x10
03-25 01:10:41.261  2599  2599 D wpa_supplicant: nl80211: DEL_KEY
03-25 01:10:41.261  2599  2599 D wpa_supplicant:    broadcast key
03-25 01:10:41.261  2599  2599 D wpa_supplicant: wpa_driver_nl80211_set_key: ifindex=30 (wlan0) alg=0 addr=0x0 key_idx=5 set_tx=0 seq_len=0 key_len=0 key_flag=0x10
03-25 01:10:41.261  2599  2599 D wpa_supplicant: nl80211: DEL_KEY
03-25 01:10:41.261  2599  2599 D wpa_supplicant:    broadcast key
03-25 01:10:41.261  2599  2599 D wpa_supplicant: wlan0: RSN: flushing PMKID list in the driver
03-25 01:10:41.261  2599  2599 D wpa_supplicant: nl80211: Flush PMKIDs
03-25 01:10:41.261  2599  2599 D wpa_supplicant: wlan0: State: DISCONNECTED -> INACTIVE
03-25 01:10:41.261  2599  2599 D wpa_supplicant: Notifying state change event to hidl control: 2
03-25 01:10:41.261  2599  2599 D wpa_supplicant: TDLS: TDLS operation supported by driver
03-25 01:10:41.261  2599  2599 D wpa_supplicant: TDLS: Driver uses external link setup
03-25 01:10:41.261  2599  2599 D wpa_supplicant: TDLS: Driver does not support TDLS channel switching
03-25 01:10:41.261  2599  2599 D wpa_supplicant: wlan0: WPS: UUID based on MAC address: 2fb4dbde-e337-5315-b422-45da6d2bd6fd
03-25 01:10:41.262  2599  2599 D wpa_supplicant: EAPOL: SUPP_PAE entering state DISCONNECTED
03-25 01:10:41.262  2599  2599 D wpa_supplicant: EAPOL: Supplicant port status: Unauthorized
03-25 01:10:41.262  2599  2599 D wpa_supplicant: nl80211: Skip set_supp_port(unauthorized) while not associated
03-25 01:10:41.262  2599  2599 D wpa_supplicant: EAPOL: KEY_RX entering state NO_KEY_RECEIVE
03-25 01:10:41.262  2599  2599 D wpa_supplicant: EAPOL: SUPP_BE entering state INITIALIZE
03-25 01:10:41.262  2599  2599 D wpa_supplicant: EAP: EAP entering state DISABLED
03-25 01:10:41.262  2599  2599 D wpa_supplicant: Using existing control interface directory.
03-25 01:10:41.262  2599  2599 D wpa_supplicant: nl80211: Setting wowlan
03-25 01:10:41.262  2599  2599 D wpa_supplicant: MBO: Update non-preferred channels, non_pref_chan=N/A
03-25 01:10:41.262  2599  2599 D wpa_supplicant: nl80211: Scan default IEs - hexdump(len=29): 7f 0a 00 00 0a 82 00 40 00 00 00 01 ff 03 02 00 ff dd 0a 50 6f 9a 16 03 01 03 65 01 01
03-25 01:10:41.262  2599  2599 D wpa_supplicant: Registering interface to hidl control: wlan0
03-25 01:10:41.262  2599  2599 D wpa_supplicant: wlan0: Added interface wlan0
03-25 01:10:41.262  2599  2599 D wpa_supplicant: wlan0: State: INACTIVE -> DISCONNECTED
03-25 01:10:41.263  2599  2599 D wpa_supplicant: nl80211: Set wlan0 operstate 0->0 (DORMANT)
03-25 01:10:41.263  2599  2599 D wpa_supplicant: netlink: Operstate: ifindex=30 linkmode=-1 (no change), operstate=5 (IF_OPER_DORMANT)
03-25 01:10:41.263  2599  2599 D wpa_supplicant: Notifying state change event to hidl control: 0
03-25 01:10:41.263  2599  2599 D wpa_supplicant: RTM_NEWLINK: ifi_index=30 ifname=wlan0 operstate=2 linkmode=1 ifi_family=0 ifi_flags=0x1003 ([UP])
03-25 01:10:41.274  1431  1870 D SupplicantStaIfaceHal: Newer HAL is found, skip V1_2 remaining init flow.
03-25 01:10:41.274  1431  1870 D SupplicantStaIfaceHal: Newer HAL is found, skip V1_1 remaining init flow.
03-25 01:10:41.274  1431  1870 D SupplicantStaIfaceHal: Newer HAL is found, skip V1_0 remaining init flow.
03-25 01:10:41.284  2599  2599 D wpa_supplicant: Driver capability mask: 0x3
03-25 01:10:41.285  1431  1870 I WifiNative: Successfully switched to connectivity mode on iface=Iface:{Name=wlan0,Id=0,Type=STA_CONNECTIVITY}
03-25 01:10:41.285  1431  1870 D WakeupController: stop()
03-25 01:10:41.285  1431  1870 E WifiScanner: listener cannot be found
03-25 01:10:41.285  1431  1870 D WifiClientModeManager: entering ConnectModeState
03-25 01:10:41.286  1431  1873 I WifiScanningService: Received a request to enable scanning, UID = 1000
03-25 01:10:41.286  1431  1873 I WifiScanningService: scanner impls already exists
03-25 01:10:41.286  1431  1873 E WifiScanningService: wifi driver loaded received while already loaded
03-25 01:10:41.286  1431  1870 D WifiScanRequestProxy: Sending scan available broadcast: true
03-25 01:10:41.286  1431  1870 I WifiScanRequestProxy: Scanning is enabled
03-25 01:10:41.286  1431  1870 I WifiScanRequestProxy: Scanning for hidden networks is enabled
03-25 01:10:41.286  1431  1870 D WifiClientModeImpl: entering ConnectModeState: ifaceName = wlan0
03-25 01:10:41.286  1431  1870 D WifiClientModeImpl: setupClientMode() ifacename = wlan0
03-25 01:10:41.286  1431  1431 D WifiP2pService: Wifi enabled=true, P2P Interface availability=true, Number of clients=0
03-25 01:10:41.286  1431  1431 D WifiP2pService: Wifi enabled=true, P2P Interface availability=true
03-25 01:10:41.287  1431  1871 D WifiP2pNative: Setup P2P interface
03-25 01:10:41.293  1431  1871 I android_os_HwBinder: HwBinder: Starting thread pool for getting: android.hidl.manager@1.0::IServiceManager/default
03-25 01:10:41.295  1431  2608 I android_os_HwBinder: HwBinder: Starting thread pool for getting: android.hardware.wifi.supplicant@1.0::ISupplicant/default
03-25 01:10:41.295  1431  2608 I SupplicantP2pIfaceHal: Completed initialization of ISupplicant interfaces.
03-25 01:10:41.326  1231  1278 I LOWI-9.0.0.56: [LOWIController] isWifiEnabled: Wifi is now disabled
03-25 01:10:41.327  1231  2578 I LOWI-9.0.0.56: [LOWIScanResultReceiver] Thread terminate was requested
03-25 01:10:41.327  1431  1452 I EthernetTracker: interfaceLinkStateChanged, iface: wlan0, up: false
03-25 01:10:41.327  1231  2579 I LOWI-9.0.0.56: [LOWIScanResultReceiver] Thread terminate was requested
03-25 01:10:41.328  1231  1278 I CLD80211: lowi-server: Sent msg on exit sock to unblock poll()
03-25 01:10:41.336  1431  1452 I EthernetTracker: interfaceLinkStateChanged, iface: wlan0, up: false
03-25 01:10:41.338  1231  1278 I LOWI-9.0.0.56: [LOWIController] isWifiEnabled: Wifi is now enabled
03-25 01:10:41.339  1431  1452 I EthernetTracker: interfaceLinkStateChanged, iface: wlan0, up: false
03-25 01:10:41.340  1231  1278 I LOWI-9.0.0.56: [LOWI-Scan] WipsGetSupportedChannels: return err = 0 num_2g_ch = 13 num_5g_ch = 13 num_6g_ch = 0
03-25 01:10:41.340  1231  1278 I LOWI-9.0.0.56: [LOWIWifiDriverUtils] set the band mask from wiphy 3
03-25 01:10:41.342  1231  1278 I LOWI-9.0.0.56: [LOWI-ROME-RTT] RomeWipsOpen: libCld80211 found, load the symbols..
03-25 01:10:41.342  1231  1278 I CLD80211: lowi-server: initialized exit socket pair
03-25 01:10:41.342  1431  1870 D WifiCountryCode: Reading country code from telephony
03-25 01:10:41.342  1231  1278 I LOWI-9.0.0.56: [LOWIWifiDriverUtils] return band_mask based on wiphy 3
03-25 01:10:41.343  1431  1870 D WifiCountryCode: Set telephony country code to: 
03-25 01:10:41.343  1431  1870 D WifiCountryCode: updateCountryCode to null
03-25 01:10:41.344   781  2577 I WifiHAL : send_nl_data: sent cld80211 msg of len: 48 to driver
03-25 01:10:41.344   781  2577 I WifiHAL : send oem msg of len : 40 to apps
03-25 01:10:41.344  1231  2622 I LOWI-9.0.0.56: [LOWI-ROME-RTT] RomeExtractRegRsp: nl format oem data enabled
03-25 01:10:41.344   781  2577 I WifiHAL : send_nl_data: sent cld80211 msg of len: 32 to driver
03-25 01:10:41.344   781  2577 I WifiHAL : send oem msg of len : 148 to apps
03-25 01:10:41.345   781  2577 I WifiHAL : send_nl_data: sent cld80211 msg of len: 32 to driver
03-25 01:10:41.345   781  2577 I WifiHAL : send oem msg of len : 1608 to apps
03-25 01:10:41.345  1231  2622 I LOWI-9.0.0.56: [LOWI-ROME-RTT] ExtractNLChannelInfo: NumChan = 26
03-25 01:10:41.345   781  2577 I WifiHAL : send_nl_data: sent cld80211 msg of len: 64 to driver
03-25 01:10:41.345  1431  1870 I WifiVendorHal: Driver: 5.2.022.6P Firmware: FW:3.0.0.0.327.3 HW:HW_VERSION=40060000.
03-25 01:10:41.347  1431  1448 I DefaultPermGrantPolicy: Revoking permissions from disabled data services for user:0
03-25 01:10:41.349  1431  1448 I DefaultPermGrantPolicy: Granting permissions to enabled data services for user:0
03-25 01:10:41.351  1431  1870 D WifiDiags: startLogging() iface list is {wlan0} after adding wlan0
03-25 01:10:41.352   781  2577 I WifiHAL : send oem msg of len : 108 to apps
03-25 01:10:41.357  1431  1870 D WakeupController: reset()
03-25 01:10:41.359  1431  1870 I WifiClientModeImpl: disconnectedstate enter
03-25 01:10:41.361  1431  1870 D WifiActiveModeWarden: Switching all client mode managers
03-25 01:10:41.365  1431  1870 D ApConfigUtil: Update Softap capability, add acs feature support
03-25 01:10:41.365  1431  1870 D ApConfigUtil: Update Softap capability, add client control feature support
03-25 01:10:41.365  1431  1870 D ApConfigUtil: Update Softap capability, max client = 16
03-25 01:10:41.375  1431  1870 D WifiService: updateInterfaceIpState: ifaceName=wlan0 mode=-1 previous LOHS mode= -1
03-25 01:10:41.400  2599  2599 I wpa_supplicant: rfkill: Cannot open RFKILL control device
03-25 01:10:41.400     0     0 I IPv6    : ADDRCONF(NETDEV_UP): p2p0: link is not ready
03-25 01:10:41.402  1431  1452 I EthernetTracker: interfaceLinkStateChanged, iface: p2p0, up: false
03-25 01:10:41.424  1431  1452 I EthernetTracker: interfaceLinkStateChanged, iface: p2p0, up: false
03-25 01:10:41.424     0     0 I IPv6    : ADDRCONF(NETDEV_UP): p2p0: link is not ready
03-25 01:10:41.432  1431  1871 I WifiP2pNative: P2P interface setup completed
03-25 01:10:41.433  1431  1871 I WifiContext: Found Wifi Resources APK at: com.android.wifi.resources
03-25 01:10:41.434  1431  1871 I WifiP2pService: Supported feature: P2P MAC randomization
03-25 01:10:41.437  1942  2234 D EglHelper: createEglContext start
03-25 01:10:41.438  1942  2234 D EglHelper: createEglContext done
03-25 01:10:41.438  1942  2234 D EglHelper: createEglSurface start
03-25 01:10:41.439  1942  2234 D EglHelper: createEglSurface done
03-25 01:10:41.441  1431  1871 E WifiP2pService: sendP2pConnectionChangedBroadcast(): WifiChannel is null
03-25 01:10:41.443  1942  1942 D Tonal   : Tonal Palette - index: 10. Main color: ffffa07e
03-25 01:10:41.443  1942  1942 D Tonal   : Colors: ff0f0200, ff290500, ff420400, ff610600, ff870200, ffad1400, ffd31900, ffed3e26, ffff603b, ffff7d5a, ffffa07e, ffffc7b1, ffffded4
03-25 01:10:41.443  1942  1942 D Tonal   : Gradients: 
03-25 01:10:41.443  1942  1942 D Tonal   : 	Normal GradientColors(ffffa07e, ffffa07e)
03-25 01:10:41.443  1942  1942 D Tonal   : 	Dark GradientColors(ff610600, ff610600)
03-25 01:10:41.443  1942  1942 D Tonal   : 	Extra dark: GradientColors(ff420400, ff420400)
03-25 01:10:41.443  1942  1942 D Tonal   : Tonal Palette - index: 10. Main color: ffffa07e
03-25 01:10:41.443  1942  1942 D Tonal   : Colors: ff0f0200, ff290500, ff420400, ff610600, ff870200, ffad1400, ffd31900, ffed3e26, ffff603b, ffff7d5a, ffffa07e, ffffc7b1, ffffded4
03-25 01:10:41.443  1942  1942 D Tonal   : Gradients: 
03-25 01:10:41.443  1942  1942 D Tonal   : 	Normal GradientColors(ffffa07e, ffffa07e)
03-25 01:10:41.443  1942  1942 D Tonal   : 	Dark GradientColors(ff610600, ff610600)
03-25 01:10:41.443  1942  1942 D Tonal   : 	Extra dark: GradientColors(ff420400, ff420400)
03-25 01:10:41.449  1942  1942 I Choreographer: Skipped 31 frames!  The application may be doing too much work on its main thread.
03-25 01:10:41.449  1431  2095 W Binder  : Caught a RuntimeException from the binder stub implementation.
03-25 01:10:41.449  1431  2095 W Binder  : java.lang.IllegalArgumentException: Requested window null does not exist
03-25 01:10:41.449  1431  2095 W Binder  : 	at com.android.server.wm.WindowManagerService.windowForClientLocked(WindowManagerService.java:5443)
03-25 01:10:41.449  1431  2095 W Binder  : 	at com.android.server.wm.Session.actionOnWallpaper(Session.java:356)
03-25 01:10:41.449  1431  2095 W Binder  : 	at com.android.server.wm.Session.setWallpaperZoomOut(Session.java:382)
03-25 01:10:41.449  1431  2095 W Binder  : 	at android.view.IWindowSession$Stub.onTransact(IWindowSession.java:1154)
03-25 01:10:41.449  1431  2095 W Binder  : 	at com.android.server.wm.Session.onTransact(Session.java:139)
03-25 01:10:41.449  1431  2095 W Binder  : 	at android.os.Binder.execTransactInternal(Binder.java:1159)
03-25 01:10:41.449  1431  2095 W Binder  : 	at android.os.Binder.execTransact(Binder.java:1123)
03-25 01:10:41.461  1431  1871 D WifiP2pNative: P2P InterfaceAvailableListener false
03-25 01:10:41.461  1431  1871 I WifiP2pNative: Masking interface non-availability callback because we created a P2P iface
03-25 01:10:41.462  1942  1942 D KeyguardClockSwitch: Updating clock: 110
03-25 01:10:41.526  1942  1942 D StatusBar: disable<e i a s b h R!c s > disable2<q i n >
03-25 01:10:41.529  1942  1942 W Resources: Drawable com.android.systemui:anim/lock_unlock has unresolved theme attributes! Consider using Resources.getDrawable(int, Theme) or Context.getDrawable(int).
03-25 01:10:41.529  1942  1942 W Resources: java.lang.RuntimeException
03-25 01:10:41.529  1942  1942 W Resources: 	at android.content.res.Resources.getDrawable(Resources.java:899)
03-25 01:10:41.529  1942  1942 W Resources: 	at com.android.systemui.statusbar.phone.LockIcon.getIcon(LockIcon.java:174)
03-25 01:10:41.529  1942  1942 W Resources: 	at com.android.systemui.statusbar.phone.LockIcon.access$200(LockIcon.java:45)
03-25 01:10:41.529  1942  1942 W Resources: 	at com.android.systemui.statusbar.phone.LockIcon$1.onPreDraw(LockIcon.java:68)
03-25 01:10:41.529  1942  1942 W Resources: 	at android.view.ViewTreeObserver.dispatchOnPreDraw(ViewTreeObserver.java:1093)
03-25 01:10:41.529  1942  1942 W Resources: 	at android.view.ViewRootImpl.performTraversals(ViewRootImpl.java:3094)
