03-25 01:10:39.893  1431  1431 I SystemServerTiming: MakeCountryDetectionServiceReady
03-25 01:10:39.893  1431  1431 D SystemServerTiming: MakeCountryDetectionServiceReady took to complete: 0ms
03-25 01:10:39.893  1431  1431 I SystemServerTiming: MakeNetworkTimeUpdateReady
03-25 01:10:39.893  1431  1431 D ConnectivityService: requestNetwork for uid/pid:1000/1431 NetworkRequest [ TRACK_DEFAULT id=9, [ Capabilities: INTERNET&NOT_RESTRICTED&TRUSTED Uid: 1000 AdministratorUids: [] RequestorUid: 1000 RequestorPackageName: android] ]
03-25 01:10:39.893  1431  1874 D ConnectivityService: NetReassign [no changes]
03-25 01:10:39.894  1431  1431 D SystemServerTiming: MakeNetworkTimeUpdateReady took to complete: 0ms
03-25 01:10:39.894  1431  1431 I SystemServerTiming: MakeInputManagerServiceReady
03-25 01:10:39.894  1431  1431 D SystemServerTiming: MakeInputManagerServiceReady took to complete: 0ms
03-25 01:10:39.894  1431  1431 I SystemServerTiming: MakeTelephonyRegistryReady
03-25 01:10:39.894  1431  1431 D SystemServerTiming: MakeTelephonyRegistryReady took to complete: 0ms
03-25 01:10:39.894  1431  1431 I SystemServerTiming: MakeMediaRouterServiceReady
03-25 01:10:39.894  1431  1431 D SystemServerTiming: MakeMediaRouterServiceReady took to complete: 0ms
03-25 01:10:39.894  1431  1431 I SystemServerTiming: MakeMmsServiceReady
03-25 01:10:39.894  1431  1431 I MmsServiceBroker: Delay connecting to MmsService until an API is called
03-25 01:10:39.894  1431  1431 D SystemServerTiming: MakeMmsServiceReady took to complete: 0ms
03-25 01:10:39.894  1431  1431 I SystemServerTiming: IncidentDaemonReady
03-25 01:10:39.896  1431  1431 D SystemServerTiming: IncidentDaemonReady took to complete: 2ms
03-25 01:10:39.896  1431  1431 I SystemServerTiming: MakeIncrementalServiceReady
03-25 01:10:39.896  1431  1431 D SystemServerTiming: MakeIncrementalServiceReady took to complete: 0ms
03-25 01:10:39.896  1431  1431 I SystemServerTiming: getCurrentUser
03-25 01:10:39.896  1431  1431 I ActivityManager: Current user:0
03-25 01:10:39.896  1431  1431 D SystemServerTiming: getCurrentUser took to complete: 0ms
03-25 01:10:39.896  1431  1431 I SystemServerTiming: ActivityManagerStartApps
03-25 01:10:39.896  1431  1431 I SystemServerTiming: ssm.StartUser-0
03-25 01:10:39.896  1431  1431 I SystemServiceManager: Calling onStartUser 0
03-25 01:10:39.896  1431  1431 I SystemServerTiming: ssm.onStartUser-0_com.android.server.security.FileIntegrityService
03-25 01:10:39.896  1431  1431 D SystemServerTiming: ssm.onStartUser-0_com.android.server.security.FileIntegrityService took to complete: 0ms
03-25 01:10:39.897  1431  1431 I SystemServerTiming: ssm.onStartUser-0_com.android.server.pm.Installer
03-25 01:10:39.897  1431  1431 D SystemServerTiming: ssm.onStartUser-0_com.android.server.pm.Installer took to complete: 0ms
03-25 01:10:39.897  1431  1431 I SystemServerTiming: ssm.onStartUser-0_com.android.server.os.DeviceIdentifiersPolicyService
03-25 01:10:39.907     0     0 I cs35l41 0-0040: DSP1: Read 440 bytes from 2800230
03-25 01:10:39.907     0     0 I cs35l41 0-0040: DSP1: Read 4 bytes from 2800404
03-25 01:10:39.908     0     0 I cs35l41 0-0040: DSP1: Read 4 bytes from 2800400
03-25 01:10:39.909  1431  1431 V StorageManagerService: Package com.android.theme.icon_pack.sam.themepicker does not have legacy storage
03-25 01:10:39.909  1431  1431 V StorageManagerService: Package com.android.bluetooth does not have legacy storage
03-25 01:10:39.909  1431  1431 V StorageManagerService: Package com.qualcomm.timeservice does not have legacy storage
03-25 01:10:39.909  1431  1431 V StorageManagerService: Package com.qualcomm.embms does not have legacy storage
03-25 01:10:39.909  1431  1431 V StorageManagerService: Package com.android.providers.contacts does not have legacy storage
03-25 01:10:39.909  1431  1431 V StorageManagerService: Package com.android.captiveportallogin does not have legacy storage
03-25 01:10:39.909  1431  1431 V StorageManagerService: Package com.android.theme.icon.roundedrect does not have legacy storage
03-25 01:10:39.909     0     0 I cs35l41 0-0040: DSP1: Read 12 bytes from 28003f4
03-25 01:10:39.909  1431  1431 V StorageManagerService: Package co.potatoproject.stub does not have legacy storage
03-25 01:10:39.909  1431  1431 V StorageManagerService: Package com.android.internal.systemui.navbar.gestural_narrow_back does not have legacy storage
03-25 01:10:39.909  1431  1431 V StorageManagerService: Package com.android.theme.icon_pack.rounded.settings does not have legacy storage
03-25 01:10:39.909  1431  1431 V StorageManagerService: Package com.android.theme.icon_pack.circular.android does not have legacy storage
03-25 01:10:39.910  1431  1431 D SystemServerTiming: ssm.onStartUser-0_com.android.server.StorageManagerService$Lifecycle took to complete: 11ms
03-25 01:10:39.910  1431  1431 I SystemServerTiming: ssm.onStartUser-0_com.android.server.usage.StorageStatsService$Lifecycle
03-25 01:10:39.910  1431  1431 D SystemServerTiming: ssm.onStartUser-0_com.android.server.usage.StorageStatsService$Lifecycle took to complete: 0ms
03-25 01:10:39.910  1431  1431 I SystemServerTiming: ssm.onStartUser-0_com.android.server.UiModeManagerService
03-25 01:10:39.910  1431  1431 D SystemServerTiming: ssm.onStartUser-0_com.android.server.UiModeManagerService took to complete: 0ms
03-25 01:10:39.910  1431  1431 I SystemServerTiming: ssm.onStartUser-0_com.android.server.locksettings.LockSettingsService$Lifecycle
03-25 01:10:39.910     0     0 I cs35l41 0-0040: DSP1: Read 4 bytes from 28003f0
03-25 01:10:39.910  1431  1431 D SystemServerTiming: ssm.onStartUser-0_com.android.server.locksettings.LockSettingsService$Lifecycle took to complete: 0ms
03-25 01:10:39.910  1431  1431 I SystemServerTiming: ssm.onStartUser-0_com.android.server.PersistentDataBlockService
03-25 01:10:39.910  1431  1431 D SystemServerTiming: ssm.onStartUser-0_com.android.server.PersistentDataBlockService took to complete: 0ms
03-25 01:10:39.910  1431  1431 I SystemServerTiming: ssm.onStartUser-0_com.android.server.testharness.TestHarnessModeService
03-25 01:10:39.910  1431  1431 D SystemServerTiming: ssm.onStartUser-0_com.android.server.testharness.TestHarnessModeService took to complete: 0ms
03-25 01:10:39.910  1431  1431 I SystemServerTiming: ssm.onStartUser-0_com.android.server.oemlock.OemLockService
03-25 01:10:39.910  1431  1431 D SystemServerTiming: ssm.onStartUser-0_com.android.server.oemlock.OemLockService took to complete: 0ms
03-25 01:10:39.910  1431  1431 I SystemServerTiming: ssm.onStartUser-0_com.android.server.DeviceIdleController
03-25 01:10:39.910  1431  1431 D SystemServerTiming: ssm.onStartUser-0_com.android.server.DeviceIdleController took to complete: 0ms
03-25 01:10:39.910  1431  1431 I SystemServerTiming: ssm.onStartUser-0_com.android.server.devicepolicy.DevicePolicyManagerService$Lifecycle
03-25 01:10:39.910  1431  1431 D SystemServerTiming: ssm.onStartUser-0_com.android.server.devicepolicy.DevicePolicyManagerService$Lifecycle took to complete: 0ms
03-25 01:10:39.910  1431  1431 I SystemServerTiming: ssm.onStartUser-0_com.android.server.textservices.TextServicesManagerService$Lifecycle
03-25 01:10:39.910  1431  1431 D SystemServerTiming: ssm.onStartUser-0_com.android.server.textservices.TextServicesManagerService$Lifecycle took to complete: 0ms
03-25 01:10:39.910  1431  1431 I SystemServerTiming: ssm.onStartUser-0_com.android.server.textclassifier.TextClassificationManagerService$Lifecycle
03-25 01:10:39.910  1431  1431 D SystemServerTiming: ssm.onStartUser-0_com.android.server.textclassifier.TextClassificationManagerService$Lifecycle took to complete: 0ms
03-25 01:10:39.910  1431  1431 I SystemServerTiming: ssm.onStartUser-0_com.android.server.NetworkScoreService$Lifecycle
03-25 01:10:39.910  1431  1431 D SystemServerTiming: ssm.onStartUser-0_com.android.server.NetworkScoreService$Lifecycle took to complete: 0ms
03-25 01:10:39.910  1431  1431 I SystemServerTiming: ssm.onStartUser-0_com.android.server.wifi.WifiService
03-25 01:10:39.910  1431  1431 D SystemServerTiming: ssm.onStartUser-0_com.android.server.wifi.WifiService took to complete: 0ms
03-25 01:10:39.910  1431  1431 I SystemServerTiming: ssm.onStartUser-0_com.android.server.wifi.scanner.WifiScanningService
03-25 01:10:39.910  1431  1431 D SystemServerTiming: ssm.onStartUser-0_com.android.server.wifi.scanner.WifiScanningService took to complete: 0ms
03-25 01:10:39.910  1431  1431 I SystemServerTiming: ssm.onStartUser-0_com.android.server.wifi.rtt.RttService
03-25 01:10:39.910  1431  1431 D SystemServerTiming: ssm.onStartUser-0_com.android.server.wifi.rtt.RttService took to complete: 0ms
03-25 01:10:39.910  1431  1431 I SystemServerTiming: ssm.onStartUser-0_com.android.server.wifi.p2p.WifiP2pService
03-25 01:10:39.910  1431  1431 D SystemServerTiming: ssm.onStartUser-0_com.android.server.wifi.p2p.WifiP2pService took to complete: 0ms
03-25 01:10:39.910  1431  1431 I SystemServerTiming: ssm.onStartUser-0_com.android.server.ethernet.EthernetService
03-25 01:10:39.910  1431  1431 D SystemServerTiming: ssm.onStartUser-0_com.android.server.ethernet.EthernetService took to complete: 0ms
03-25 01:10:39.910  1431  1431 I SystemServerTiming: ssm.onStartUser-0_com.android.server.notification.NotificationManagerService
03-25 01:10:39.910  1431  1431 D SystemServerTiming: ssm.onStartUser-0_com.android.server.notification.NotificationManagerService took to complete: 0ms
03-25 01:10:39.911  1431  1431 I SystemServerTiming: ssm.onStartUser-0_com.android.server.storage.DeviceStorageMonitorService
03-25 01:10:39.911  1431  1431 D SystemServerTiming: ssm.onStartUser-0_com.android.server.storage.DeviceStorageMonitorService took to complete: 0ms
03-25 01:10:39.911  1431  1431 I SystemServerTiming: ssm.onStartUser-0_com.android.server.location.LocationManagerService$Lifecycle
03-25 01:10:39.911  1431  1431 D SystemServerTiming: ssm.onStartUser-0_com.android.server.location.LocationManagerService$Lifecycle took to complete: 1ms
03-25 01:10:39.911  1431  1431 I SystemServerTiming: ssm.onStartUser-0_com.android.server.timedetector.TimeDetectorService$Lifecycle
03-25 01:10:39.911  1431  1431 D SystemServerTiming: ssm.onStartUser-0_com.android.server.timedetector.TimeDetectorService$Lifecycle took to complete: 0ms
03-25 01:10:39.911  1431  1431 I SystemServerTiming: ssm.onStartUser-0_com.android.server.timezonedetector.TimeZoneDetectorService$Lifecycle
03-25 01:10:39.911  1431  1462 I ActivityManager: Start proc 2054:com.android.networkstack.process/1073 for service {com.android.networkstack/com.android.server.NetworkStackService}
03-25 01:10:39.911  1431  1431 D SystemServerTiming: ssm.onStartUser-0_com.android.server.timezonedetector.TimeZoneDetectorService$Lifecycle took to complete: 0ms
03-25 01:10:39.911  1431  1431 I SystemServerTiming: ssm.onStartUser-0_com.android.server.search.SearchManagerService$Lifecycle
03-25 01:10:39.911  1431  1431 D SystemServerTiming: ssm.onStartUser-0_com.android.server.search.SearchManagerService$Lifecycle took to complete: 0ms
03-25 01:10:39.911  1431  1431 I SystemServerTiming: ssm.onStartUser-0_com.android.server.wallpaper.WallpaperManagerService$Lifecycle
03-25 01:10:39.911  1431  1431 D SystemServerTiming: ssm.onStartUser-0_com.android.server.wallpaper.WallpaperManagerService$Lifecycle took to complete: 0ms
03-25 01:10:39.911  1431  1431 I SystemServerTiming: ssm.onStartUser-0_com.android.server.audio.AudioService$Lifecycle
03-25 01:10:39.911  1431  1431 D SystemServerTiming: ssm.onStartUser-0_com.android.server.audio.AudioService$Lifecycle took to complete: 0ms
03-25 01:10:39.911  1431  1431 I SystemServerTiming: ssm.onStartUser-0_com.android.server.soundtrigger_middleware.SoundTriggerMiddlewareService$Lifecycle
03-25 01:10:39.911  1431  1431 D SystemServerTiming: ssm.onStartUser-0_com.android.server.soundtrigger_middleware.SoundTriggerMiddlewareService$Lifecycle took to complete: 0ms
03-25 01:10:39.911  1431  1431 I SystemServerTiming: ssm.onStartUser-0_com.android.server.DockObserver
03-25 01:10:39.911  1431  1431 D SystemServerTiming: ssm.onStartUser-0_com.android.server.DockObserver took to complete: 0ms
03-25 01:10:39.911  1431  1431 I SystemServerTiming: ssm.onStartUser-0_com.android.server.midi.MidiService$Lifecycle
03-25 01:10:39.911  1431  1431 D SystemServerTiming: ssm.onStartUser-0_com.android.server.midi.MidiService$Lifecycle took to complete: 0ms
03-25 01:10:39.911  1431  1431 I SystemServerTiming: ssm.onStartUser-0_com.android.server.adb.AdbService$Lifecycle
03-25 01:10:39.911  1431  1431 D SystemServerTiming: ssm.onStartUser-0_com.android.server.adb.AdbService$Lifecycle took to complete: 0ms
03-25 01:10:39.911  1431  1431 I SystemServerTiming: ssm.onStartUser-0_com.android.server.usb.UsbService$Lifecycle
03-25 01:10:39.911  1431  1431 D SystemServerTiming: ssm.onStartUser-0_com.android.server.usb.UsbService$Lifecycle took to complete: 0ms
03-25 01:10:39.911  1431  1431 I SystemServerTiming: ssm.onStartUser-0_com.android.server.twilight.TwilightService
03-25 01:10:39.911  1431  1431 D SystemServerTiming: ssm.onStartUser-0_com.android.server.twilight.TwilightService took to complete: 0ms
03-25 01:10:39.913     0     0 I cs35l41 0-0040: DSP1: Read 32 bytes from 28003e8
03-25 01:10:40.120     0     0 I binder  : 1985:2004 ioctl c0306201 c6367068 returned -4
03-25 01:10:40.120     0     0 I binder  : 1985:2033 ioctl c0306201 c6266068 returned -4
03-25 01:10:40.121     0     0 I binder  : 1985:2003 ioctl c0306201 c6468068 returned -4
03-25 01:10:40.133     0     0 I binder  : 2012:2036 ioctl c0306201 76ad57ea10 returned -4
03-25 01:10:40.134     0     0 I binder  : 2012:2032 ioctl c0306201 76b167ca10 returned -4
03-25 01:10:40.156     0     0 I binder  : 2054:2093 ioctl c0306201 76ad57ea10 returned -4
03-25 01:10:40.157     0     0 I binder  : 2054:2054 ioctl c0306201 7ff045b360 returned -4
03-25 01:10:40.157     0     0 I binder  : 2054:2085 ioctl c0306201 76ae67ca10 returned -4
03-25 01:10:40.163     0     0 I msm_vidc: info: Opening video instance: 0000000000000000, 1
03-25 01:10:40.167     0     0 I msm_vidc: fw: <VFW_E:HostDr:unkn:--------:-> VenusHostDriver_SetSysProperty(1009): QC_IMAGE_VERSION_STRING=VIDEO.IR.1.2-00045-PROD-1
03-25 01:10:40.167     0     0 I msm_vidc: fw: <VFW_E:HostDr:unkn:--------:->
03-25 01:10:40.167     0     0 I msm_vidc: fw: <VFW_E:HostDr:unkn:--------:-> VenusHostDriver_SetSysProperty(1012): BUILD_TIME: Sep  3 2020 05:03:12
03-25 01:10:40.167     0     0 I msm_vidc: fw: <VFW_E:HostDr:unkn:--------:->
03-25 01:10:40.167     0     0 I msm_vidc: fw: <VFW_E:HostDr:unkn:--------:-> VenusHostDriver_SetSysProperty(1009): QC_IMAGE_VERSION_STRING=VIDEO.IR.1.2-00045-PROD-1
03-25 01:10:40.167     0     0 I msm_vidc: fw: <VFW_E:HostDr:unkn:--------:->
03-25 01:10:40.167     0     0 I msm_vidc: fw: <VFW_E:HostDr:unkn:--------:-> VenusHostDriver_SetSysProperty(1012): BUILD_TIME: Sep  3 2020 05:03:12
03-25 01:10:40.167     0     0 I msm_vidc: fw: <VFW_E:HostDr:unkn:--------:->
03-25 01:10:40.168     0     0 I binder  : undelivered TRANSACTION_COMPLETE
03-25 01:10:40.168     0     0 I binder  : undelivered transaction 10268, process died.
03-25 01:10:40.174     0     0 I msm_vidc: info: Closed video instance: 0000000000000000
03-25 01:10:40.180     0     0 I msm_vidc: info: Opening video instance: 0000000000000000, 1
03-25 01:10:40.182     0     0 I msm_vidc: fw: <VFW_E:HostDr:unkn:--------:-> VenusHostDriver_SetSysProperty(1009): QC_IMAGE_VERSION_STRING=VIDEO.IR.1.2-00045-PROD-1
03-25 01:10:40.182     0     0 I msm_vidc: fw: <VFW_E:HostDr:unkn:--------:->
03-25 01:10:40.182     0     0 I msm_vidc: fw: <VFW_E:HostDr:unkn:--------:-> VenusHostDriver_SetSysProperty(1012): BUILD_TIME: Sep  3 2020 05:03:12
03-25 01:10:40.182     0     0 I msm_vidc: fw: <VFW_E:HostDr:unkn:--------:->
03-25 01:10:40.192     0     0 I msm_vidc: info: Closed video instance: 0000000000000000
03-25 01:10:40.235     0     0 I init    : starting service 'vendor.ims_rtp_daemon'...
03-25 01:10:40.249     0     0 I msm_vidc: info: Opening video instance: 0000000000000000, 1
03-25 01:10:40.252     0     0 I msm_vidc: fw: <VFW_E:HostDr:unkn:--------:-> VenusHostDriver_SetSysProperty(1009): QC_IMAGE_VERSION_STRING=VIDEO.IR.1.2-00045-PROD-1
03-25 01:10:40.252     0     0 I msm_vidc: fw: <VFW_E:HostDr:unkn:--------:->
03-25 01:10:40.252     0     0 I msm_vidc: fw: <VFW_E:HostDr:unkn:--------:-> VenusHostDriver_SetSysProperty(1012): BUILD_TIME: Sep  3 2020 05:03:12
03-25 01:10:40.252     0     0 I msm_vidc: fw: <VFW_E:HostDr:unkn:--------:->
03-25 01:10:40.262     0     0 I msm_vidc: info: Closed video instance: 0000000000000000
03-25 01:10:40.280     0     0 I msm_vidc: info: Opening video instance: 0000000000000000, 1
03-25 01:10:40.289     0     0 I msm_vidc: fw: <VFW_E:HostDr:unkn:--------:-> VenusHostDriver_SetSysProperty(1009): QC_IMAGE_VERSION_STRING=VIDEO.IR.1.2-00045-PROD-1
03-25 01:10:40.289     0     0 I msm_vidc: fw: <VFW_E:HostDr:unkn:--------:->
03-25 01:10:40.289     0     0 I msm_vidc: fw: <VFW_E:HostDr:unkn:--------:-> VenusHostDriver_SetSysProperty(1012): BUILD_TIME: Sep  3 2020 05:03:12
03-25 01:10:40.289     0     0 I msm_vidc: fw: <VFW_E:HostDr:unkn:--------:->
03-25 01:10:40.296     0     0 I msm_vidc: info: Closed video instance: 0000000000000000
03-25 01:10:40.338     0     0 I msm_vidc: info: Opening video instance: 0000000000000000, 1
03-25 01:10:40.340     0     0 I msm_vidc: fw: <VFW_E:HostDr:unkn:--------:-> VenusHostDriver_SetSysProperty(1009): QC_IMAGE_VERSION_STRING=VIDEO.IR.1.2-00045-PROD-1
03-25 01:10:40.340     0     0 I msm_vidc: fw: <VFW_E:HostDr:unkn:--------:->
03-25 01:10:40.340     0     0 I msm_vidc: fw: <VFW_E:HostDr:unkn:--------:-> VenusHostDriver_SetSysProperty(1012): BUILD_TIME: Sep  3 2020 05:03:12
03-25 01:10:40.340     0     0 I msm_vidc: fw: <VFW_E:HostDr:unkn:--------:->
03-25 01:10:40.347     0     0 I msm_vidc: info: Closed video instance: 0000000000000000
03-25 01:10:40.403     0     0 I msm_vidc: info: Opening video instance: 0000000000000000, 1
03-25 01:10:40.404     0     0 I msm_vidc: fw: <VFW_E:HostDr:unkn:--------:-> VenusHostDriver_SetSysProperty(1009): QC_IMAGE_VERSION_STRING=VIDEO.IR.1.2-00045-PROD-1
03-25 01:10:40.404     0     0 I msm_vidc: fw: <VFW_E:HostDr:unkn:--------:->
03-25 01:10:40.404     0     0 I msm_vidc: fw: <VFW_E:HostDr:unkn:--------:-> VenusHostDriver_SetSysProperty(1012): BUILD_TIME: Sep  3 2020 05:03:12
03-25 01:10:40.404     0     0 I msm_vidc: fw: <VFW_E:HostDr:unkn:--------:->
03-25 01:10:40.416     0     0 I msm_vidc: info: Closed video instance: 0000000000000000
--------- beginning of main
03-25 01:10:40.438  2268  2268 D NetworkSecurityConfig: No Network Security Config specified, using platform default
03-25 01:10:40.439  2268  2268 D NetworkSecurityConfig: No Network Security Config specified, using platform default
03-25 01:10:40.439  1088  1244 I OMXClient: IOmx service obtained
03-25 01:10:40.439  1092  2133 I OMXMaster: makeComponentInstance(OMX.qcom.video.decoder.vp8) in android.hardwar process
03-25 01:10:40.439  1092  2133 D PlatformConfig: getInstance: Enter
03-25 01:10:40.440  1092  2133 D PlatformConfig: getConfigStoreBool: vpp/enable=false, returning false 
03-25 01:10:40.440  2238  2238 I SecureElementService: Check if terminal eSE1 is available.
03-25 01:10:40.441   570   570 I hwservicemanager: getTransport: Cannot find entry android.hardware.secure_element@1.2::ISecureElement/eSE1 in either framework or device manifest.
03-25 01:10:40.442  2238  2238 D SecureElement-Terminal-eSE1: SE Hal V1.2 is not supported
03-25 01:10:40.442   811  2167 I chatty  : uid=1041(audioserver) Binder:811_3 expire 4 lines
03-25 01:10:40.442   570   570 I hwservicemanager: getTransport: Cannot find entry android.hardware.secure_element@1.1::ISecureElement/eSE1 in either framework or device manifest.
03-25 01:10:40.442  2238  2238 D SecureElement-Terminal-eSE1: SE Hal V1.1 is not supported
03-25 01:10:40.442   811  2172 I chatty  : uid=1041(audioserver) Binder:811_4 expire 1 line
03-25 01:10:40.443   570   570 I hwservicemanager: getTransport: Cannot find entry android.hardware.secure_element@1.0::ISecureElement/eSE1 in either framework or device manifest.
03-25 01:10:40.443  2238  2238 I SecureElementService: No HAL implementation for eSE1
03-25 01:10:40.443  2238  2238 I SecureElementService: Check if terminal SIM1 is available.
03-25 01:10:40.444   570   570 I hwservicemanager: getTransport: Cannot find entry android.hardware.secure_element@1.2::ISecureElement/SIM1 in either framework or device manifest.
03-25 01:10:40.444  1092  2133 D PlatformConfig: getInstance: Enter
03-25 01:10:40.444  1092  2133 D PlatformConfig: getInt32 Config name: vidc_dec_log_in value: 0
03-25 01:10:40.444  1092  2133 D PlatformConfig: getInstance: Enter
03-25 01:10:40.444  1092  2133 D PlatformConfig: getInt32 Config name: vidc_dec_log_out value: 0
03-25 01:10:40.444  1092  2133 D PlatformConfig: getInstance: Enter
03-25 01:10:40.444  1092  2133 D PlatformConfig: getInt32 Config name: vidc_dec_sec_prefetch_size_internal value: 209715200
03-25 01:10:40.444  1092  2133 D PlatformConfig: getInstance: Enter
03-25 01:10:40.444  1092  2133 D PlatformConfig: getInt32 Config name: vidc_dec_sec_prefetch_size_output value: 13434880
03-25 01:10:40.444  1092  2133 D PlatformConfig: getInstance: Enter
03-25 01:10:40.444  1092  2133 D PlatformConfig: getInt32 Config name: vidc_dec_arb_mode_override value: 7
03-25 01:10:40.444  1942  1942 D NavigationModeController: getCurrentInteractionMode: mode=2 contextUser=0
03-25 01:10:40.444  1092  2133 D PlatformConfig: getInstance: Enter
03-25 01:10:40.444  1092  2133 D PlatformConfig: getInt32 Config name: vidc_perf_control_enable value: 0
03-25 01:10:40.444  2238  2238 D SecureElement-Terminal-SIM1: SE Hal V1.2 is not supported
03-25 01:10:40.444     0     0 I msm_vidc: info: Opening video instance: 0000000000000000, 1
03-25 01:10:40.444  1092  2133 I OMX-VDEC-1080P: component_init: OMX.qcom.video.decoder.vp8 : fd=8
03-25 01:10:40.444   570   570 I hwservicemanager: getTransport: Cannot find entry android.hardware.secure_element@1.1::ISecureElement/SIM1 in either framework or device manifest.
03-25 01:10:40.444  1092  2133 E OMX-VDEC-1080P: Unsupported output color format for c2d (2141391876)
03-25 01:10:40.444  1092  2133 E OMX-VDEC-1080P: Setting color format failed
03-25 01:10:40.444  2238  2238 D SecureElement-Terminal-SIM1: SE Hal V1.1 is not supported
03-25 01:10:40.444   570   570 I hwservicemanager: getTransport: Cannot find entry android.hardware.secure_element@1.0::ISecureElement/SIM1 in either framework or device manifest.
03-25 01:10:40.445  2238  2238 I SecureElementService: No HAL implementation for SIM1
03-25 01:10:40.445     0     0 I msm_vidc: fw: <VFW_E:HostDr:unkn:--------:-> VenusHostDriver_SetSysProperty(1009): QC_IMAGE_VERSION_STRING=VIDEO.IR.1.2-00045-PROD-1
03-25 01:10:40.445     0     0 I msm_vidc: fw: <VFW_E:HostDr:unkn:--------:->
03-25 01:10:40.445     0     0 I msm_vidc: fw: <VFW_E:HostDr:unkn:--------:-> VenusHostDriver_SetSysProperty(1012): BUILD_TIME: Sep  3 2020 05:03:12
03-25 01:10:40.445     0     0 I msm_vidc: fw: <VFW_E:HostDr:unkn:--------:->
03-25 01:10:40.445  1092  2133 D PlatformConfig: getInstance: Enter
03-25 01:10:40.445  1092  2133 D PlatformConfig: getInt32: Returning default
03-25 01:10:40.445  1092  2133 D PlatformConfig: getInstance: Enter
03-25 01:10:40.445  1092  2133 D PlatformConfig: getInt32: Returning default
03-25 01:10:40.445  1092  2133 I OMX-VDEC-1080P: omx_vdec::component_init() success : fd=8
03-25 01:10:40.448  1092  1983 E OMX-VDEC-1080P: Extension: OMX.google.android.index.storeANWBufferInMetadata not implemented
03-25 01:10:40.448  1092  1983 E OMX-VDEC-1080P: Extension: OMX.google.android.index.configureVideoTunnelMode not implemented
03-25 01:10:40.448  1092  1983 E OMX-VDEC-1080P: Extension: OMX.google.android.index.useAndroidNativeBuffer is supported
03-25 01:10:40.448  1092  1983 E OMXNodeInstance: getParameter(0xf3c10024:qcom.decoder.vp8, ??(0x7f000044)) ERROR: UnsupportedSetting(0x80001019)
03-25 01:10:40.449  1092  1983 E OMXNodeInstance: getParameter(0xf3c10024:qcom.decoder.vp8, ??(0x7f000044)) ERROR: UnsupportedSetting(0x80001019)
03-25 01:10:40.449  1092  1983 E OMX-VDEC-1080P: Extension: OMX.google.android.index.configureVideoTunnelMode not implemented
03-25 01:10:40.449  1092  1983 E OMXNodeInstance: getExtensionIndex(0xf3c10024:qcom.decoder.vp8, OMX.google.android.index.configureVideoTunnelMode) ERROR: NotImplemented(0x80001006)
03-25 01:10:40.449  1088  1244 D MediaCodecInfo: detail feature-tunneled-playback wasn't present to remove
03-25 01:10:40.449  1092  1983 E OMX-VDEC-1080P: set_parameter: Error: 0x80001019, setting param 0x7f00005d
03-25 01:10:40.449  1092  1983 E OMXNodeInstance: setParameter(0xf3c10024:qcom.decoder.vp8, OMX.google.android.index.allocateNativeHandle(0x7f00005d): Output:1 en=0) ERROR: UnsupportedSetting(0x80001019)
03-25 01:10:40.449  1092  1983 E OMX-VDEC-1080P: Extension: OMX.google.android.index.storeANWBufferInMetadata not implemented
03-25 01:10:40.449  1092  1983 I OMX-VDEC-1080P: omx_vdec::component_deinit() complete
03-25 01:10:40.450     0     0 I msm_vidc: info: Closed video instance: 0000000000000000
03-25 01:10:40.450  1092  1983 I OMX-VDEC-1080P: Exit OMX vdec Destructor: fd=8
03-25 01:10:40.451  1030  1043 I adbd    : jdwp connection from 2330
03-25 01:10:40.456  1942  1942 I vol.Events: writeEvent collection_started
03-25 01:10:40.458  1088  1244 I OMXClient: IOmx service obtained
03-25 01:10:40.458  1092  1197 I OMXMaster: makeComponentInstance(OMX.google.vp8.decoder) in android.hardwar process
03-25 01:10:40.469  1092  1983 E OMXNodeInstance: getExtensionIndex(0xf5580fd0:google.vp8.decoder, OMX.google.android.index.configureVideoTunnelMode) ERROR: UnsupportedIndex(0x8000101a)
03-25 01:10:40.469  1088  1244 D MediaCodecInfo: detail feature-tunneled-playback wasn't present to remove
03-25 01:10:40.470  1092  1983 E OMXNodeInstance: getExtensionIndex(0xf5580fd0:google.vp8.decoder, OMX.google.android.index.enableAndroidNativeBuffers) ERROR: UnsupportedIndex(0x8000101a)
03-25 01:10:40.470   789   789 D vendor.qti.vibrator: QTI Vibrator reporting capabilities: 7
03-25 01:10:40.475  1088  1244 I OMXClient: IOmx service obtained
03-25 01:10:40.476  1092  1197 I OMXMaster: makeComponentInstance(OMX.qcom.video.decoder.vp9) in android.hardwar process
03-25 01:10:40.476  1092  1197 D PlatformConfig: getInstance: Enter
03-25 01:10:40.476  1092  1197 D PlatformConfig: getConfigStoreBool: vpp/enable=false, returning false 
03-25 01:10:40.479  1092  1197 D PlatformConfig: getInstance: Enter
03-25 01:10:40.479  1092  1197 D PlatformConfig: getInt32 Config name: vidc_dec_log_in value: 0
03-25 01:10:40.479  1092  1197 D PlatformConfig: getInstance: Enter
03-25 01:10:40.479  1092  1197 D PlatformConfig: getInt32 Config name: vidc_dec_log_out value: 0
03-25 01:10:40.479  1092  1197 D PlatformConfig: getInstance: Enter
03-25 01:10:40.479  1092  1197 D PlatformConfig: getInt32 Config name: vidc_dec_sec_prefetch_size_internal value: 209715200
03-25 01:10:40.479  1092  1197 D PlatformConfig: getInstance: Enter
03-25 01:10:40.479  1092  1197 D PlatformConfig: getInt32 Config name: vidc_dec_sec_prefetch_size_output value: 13434880
03-25 01:10:40.479  1092  1197 D PlatformConfig: getInstance: Enter
03-25 01:10:40.479  1092  1197 D PlatformConfig: getInt32 Config name: vidc_dec_arb_mode_override value: 7
03-25 01:10:40.479  1092  1197 D PlatformConfig: getInstance: Enter
03-25 01:10:40.479  1092  1197 D PlatformConfig: getInt32 Config name: vidc_perf_control_enable value: 0
03-25 01:10:40.479     0     0 I msm_vidc: info: Opening video instance: 0000000000000000, 1
03-25 01:10:40.479  1092  1197 I OMX-VDEC-1080P: component_init: OMX.qcom.video.decoder.vp9 : fd=8
03-25 01:10:40.479  1092  1197 E OMX-VDEC-1080P: Unsupported output color format for c2d (2141391876)
03-25 01:10:40.479  1092  1197 E OMX-VDEC-1080P: Setting color format failed
03-25 01:10:40.480     0     0 I msm_vidc: fw: <VFW_E:HostDr:unkn:--------:-> VenusHostDriver_SetSysProperty(1009): QC_IMAGE_VERSION_STRING=VIDEO.IR.1.2-00045-PROD-1
03-25 01:10:40.480     0     0 I msm_vidc: fw: <VFW_E:HostDr:unkn:--------:->
03-25 01:10:40.480     0     0 I msm_vidc: fw: <VFW_E:HostDr:unkn:--------:-> VenusHostDriver_SetSysProperty(1012): BUILD_TIME: Sep  3 2020 05:03:12
03-25 01:10:40.480     0     0 I msm_vidc: fw: <VFW_E:HostDr:unkn:--------:->
03-25 01:10:40.480   741   741 D Zygote  : Forked child process 2367
03-25 01:10:40.481  1092  1197 D PlatformConfig: getInstance: Enter
03-25 01:10:40.481  1092  1197 D PlatformConfig: getInt32: Returning default
03-25 01:10:40.481  1092  1197 D PlatformConfig: getInstance: Enter
03-25 01:10:40.481  1092  1197 D PlatformConfig: getInt32: Returning default
03-25 01:10:40.481  1092  1197 I OMX-VDEC-1080P: omx_vdec::component_init() success : fd=8
03-25 01:10:40.481  1092  1983 E OMX-VDEC-1080P: Invalid profile, cannot find corresponding omx profile
03-25 01:10:40.481  1092  1983 E OMXNodeInstance: getParameter(0xf3c20034:qcom.decoder.vp9, ParamVideoProfileLevelQuerySupported(0x600000f)) ERROR: Hardware(0x80001009)
03-25 01:10:40.481  1092  1983 E OMX-VDEC-1080P: Extension: OMX.google.android.index.storeANWBufferInMetadata not implemented
03-25 01:10:40.481  1092  1983 E OMX-VDEC-1080P: Extension: OMX.google.android.index.configureVideoTunnelMode not implemented
03-25 01:10:40.481  1092  1983 E OMX-VDEC-1080P: Extension: OMX.google.android.index.useAndroidNativeBuffer is supported
03-25 01:10:40.482  1092  1983 E OMXNodeInstance: getParameter(0xf3c20034:qcom.decoder.vp9, ??(0x7f000044)) ERROR: UnsupportedSetting(0x80001019)
03-25 01:10:40.482  1092  1983 E OMXNodeInstance: getParameter(0xf3c20034:qcom.decoder.vp9, ??(0x7f000044)) ERROR: UnsupportedSetting(0x80001019)
03-25 01:10:40.482  1092  1983 E OMX-VDEC-1080P: Extension: OMX.google.android.index.configureVideoTunnelMode not implemented
03-25 01:10:40.482  1092  1983 E OMXNodeInstance: getExtensionIndex(0xf3c20034:qcom.decoder.vp9, OMX.google.android.index.configureVideoTunnelMode) ERROR: NotImplemented(0x80001006)
03-25 01:10:40.482  1088  1244 D MediaCodecInfo: detail feature-tunneled-playback wasn't present to remove
03-25 01:10:40.482  1092  1983 E OMX-VDEC-1080P: set_parameter: Error: 0x80001019, setting param 0x7f00005d
03-25 01:10:40.482  1092  1983 E OMXNodeInstance: setParameter(0xf3c20034:qcom.decoder.vp9, OMX.google.android.index.allocateNativeHandle(0x7f00005d): Output:1 en=0) ERROR: UnsupportedSetting(0x80001019)
03-25 01:10:40.482  1092  1983 E OMX-VDEC-1080P: Extension: OMX.google.android.index.storeANWBufferInMetadata not implemented
03-25 01:10:40.482  1092  1983 I OMX-VDEC-1080P: omx_vdec::component_deinit() complete
03-25 01:10:40.483     0     0 I msm_vidc: info: Closed video instance: 0000000000000000
03-25 01:10:40.483  1092  1983 I OMX-VDEC-1080P: Exit OMX vdec Destructor: fd=8
03-25 01:10:40.486  1088  1244 I OMXClient: IOmx service obtained
03-25 01:10:40.486  1092  1983 I OMXMaster: makeComponentInstance(OMX.qcom.video.decoder.vp9.secure) in android.hardwar process
03-25 01:10:40.486  1092  1983 D PlatformConfig: getInstance: Enter
03-25 01:10:40.486  1092  1983 D PlatformConfig: getConfigStoreBool: vpp/enable=false, returning false 
03-25 01:10:40.489  1092  1983 D PlatformConfig: getInstance: Enter
03-25 01:10:40.489  1092  1983 D PlatformConfig: getInt32 Config name: vidc_dec_log_in value: 0
03-25 01:10:40.489  1092  1983 D PlatformConfig: getInstance: Enter
03-25 01:10:40.489  1092  1983 D PlatformConfig: getInt32 Config name: vidc_dec_log_out value: 0
03-25 01:10:40.489  1092  1983 D PlatformConfig: getInstance: Enter
03-25 01:10:40.489  1092  1983 D PlatformConfig: getInt32 Config name: vidc_dec_sec_prefetch_size_internal value: 209715200
03-25 01:10:40.489  1092  1983 D PlatformConfig: getInstance: Enter
03-25 01:10:40.489  1092  1983 D PlatformConfig: getInt32 Config name: vidc_dec_sec_prefetch_size_output value: 13434880
03-25 01:10:40.489  1092  1983 D PlatformConfig: getInstance: Enter
03-25 01:10:40.489  1092  1983 D PlatformConfig: getInt32 Config name: vidc_dec_arb_mode_override value: 7
03-25 01:10:40.489  1092  1983 D PlatformConfig: getInstance: Enter
03-25 01:10:40.489  1092  1983 D PlatformConfig: getInt32 Config name: vidc_perf_control_enable value: 0
03-25 01:10:40.489     0     0 I msm_vidc: info: Opening video instance: 0000000000000000, 1
03-25 01:10:40.489  1092  1983 I OMX-VDEC-1080P: component_init: OMX.qcom.video.decoder.vp9 : fd=8
03-25 01:10:40.489  1092  1983 E OMX-VDEC-1080P: Unsupported output color format for c2d (2141391876)
03-25 01:10:40.489  1092  1983 E OMX-VDEC-1080P: Setting color format failed
03-25 01:10:40.490     0     0 I msm_vidc: fw: <VFW_E:HostDr:unkn:--------:-> VenusHostDriver_SetSysProperty(1009): QC_IMAGE_VERSION_STRING=VIDEO.IR.1.2-00045-PROD-1
03-25 01:10:40.490     0     0 I msm_vidc: fw: <VFW_E:HostDr:unkn:--------:->
03-25 01:10:40.490     0     0 I msm_vidc: fw: <VFW_E:HostDr:unkn:--------:-> VenusHostDriver_SetSysProperty(1012): BUILD_TIME: Sep  3 2020 05:03:12
03-25 01:10:40.490     0     0 I msm_vidc: fw: <VFW_E:HostDr:unkn:--------:->
03-25 01:10:40.490  1092  1983 D PlatformConfig: getInstance: Enter
03-25 01:10:40.490  1092  1983 D PlatformConfig: getInt32: Returning default
03-25 01:10:40.490  1092  1983 D PlatformConfig: getInstance: Enter
03-25 01:10:40.490  1092  1983 D PlatformConfig: getInt32: Returning default
03-25 01:10:40.490  1092  1983 I OMX-VDEC-1080P: omx_vdec::component_init() success : fd=8
03-25 01:10:40.491  1092  1197 E OMX-VDEC-1080P: Invalid profile, cannot find corresponding omx profile
03-25 01:10:40.491  1092  1197 E OMXNodeInstance: getParameter(0xf3c20034:qcom.decoder.vp9.secure, ParamVideoProfileLevelQuerySupported(0x600000f)) ERROR: Hardware(0x80001009)
03-25 01:10:40.492  1092  1197 E OMX-VDEC-1080P: Extension: OMX.google.android.index.storeANWBufferInMetadata not implemented
03-25 01:10:40.492  1092  1197 E OMX-VDEC-1080P: Extension: OMX.google.android.index.configureVideoTunnelMode not implemented
03-25 01:10:40.492  1092  1197 E OMX-VDEC-1080P: Extension: OMX.google.android.index.useAndroidNativeBuffer is supported
03-25 01:10:40.492  1092  1197 E OMXNodeInstance: getParameter(0xf3c20034:qcom.decoder.vp9.secure, ??(0x7f000044)) ERROR: UnsupportedSetting(0x80001019)
03-25 01:10:40.492  1092  1197 E OMXNodeInstance: getParameter(0xf3c20034:qcom.decoder.vp9.secure, ??(0x7f000044)) ERROR: UnsupportedSetting(0x80001019)
03-25 01:10:40.492  2367  2367 W id.ext.service: Core platform API violation: Ljava/lang/reflect/Field;->accessFlags:I from Landroid/os/Build; using reflection
03-25 01:10:40.493  1092  1197 E OMX-VDEC-1080P: Extension: OMX.google.android.index.configureVideoTunnelMode not implemented
03-25 01:10:40.493  1092  1197 E OMXNodeInstance: getExtensionIndex(0xf3c20034:qcom.decoder.vp9.secure, OMX.google.android.index.configureVideoTunnelMode) ERROR: NotImplemented(0x80001006)
03-25 01:10:40.493  1088  1244 D MediaCodecInfo: detail feature-tunneled-playback wasn't present to remove
03-25 01:10:40.493  1092  1197 E OMX-VDEC-1080P: set_parameter: Error: 0x80001019, setting param 0x7f00005d
03-25 01:10:40.493  1092  1197 E OMXNodeInstance: setParameter(0xf3c20034:qcom.decoder.vp9.secure, OMX.google.android.index.allocateNativeHandle(0x7f00005d): Output:1 en=0) ERROR: UnsupportedSetting(0x80001019)
03-25 01:10:40.493  1092  1197 E OMX-VDEC-1080P: Extension: OMX.google.android.index.storeANWBufferInMetadata not implemented
03-25 01:10:40.493  1092  1197 I OMX-VDEC-1080P: omx_vdec::component_deinit() complete
03-25 01:10:40.494     0     0 I msm_vidc: info: Closed video instance: 0000000000000000
03-25 01:10:40.494  1092  1197 I OMX-VDEC-1080P: Exit OMX vdec Destructor: fd=8
03-25 01:10:40.497  1088  1244 I OMXClient: IOmx service obtained
03-25 01:10:40.498  1030  1043 I adbd    : jdwp connection from 2367
03-25 01:10:40.498  1092  1197 I OMXMaster: makeComponentInstance(OMX.google.vp9.decoder) in android.hardwar process
03-25 01:10:40.499  1092  1983 E OMXNodeInstance: getExtensionIndex(0xf55809b0:google.vp9.decoder, OMX.google.android.index.configureVideoTunnelMode) ERROR: UnsupportedIndex(0x8000101a)
03-25 01:10:40.499  1088  1244 D MediaCodecInfo: detail feature-tunneled-playback wasn't present to remove
03-25 01:10:40.499  1092  1983 E OMXNodeInstance: getExtensionIndex(0xf55809b0:google.vp9.decoder, OMX.google.android.index.enableAndroidNativeBuffers) ERROR: UnsupportedIndex(0x8000101a)
03-25 01:10:40.501  1088  1244 I OMXClient: IOmx service obtained
03-25 01:10:40.501  1092  1983 I OMXMaster: makeComponentInstance(OMX.qcom.video.encoder.avc) in android.hardwar process
03-25 01:10:40.532  1092  1983 D PlatformConfig: getInstance: Enter
03-25 01:10:40.532  1092  1983 D PlatformConfig: getInt32 Config name: vidc_perf_control_enable value: 0
03-25 01:10:40.532  1092  1983 D PlatformConfig: getInstance: Enter
03-25 01:10:40.532  1092  1983 D PlatformConfig: getInt32 Config name: vidc_enc_log_in value: 0
03-25 01:10:40.532  1092  1983 D PlatformConfig: getInstance: Enter
03-25 01:10:40.532  1092  1983 D PlatformConfig: getInt32 Config name: vidc_enc_log_out value: 0
03-25 01:10:40.532  1092  1983 D PlatformConfig: getInstance: Enter
03-25 01:10:40.532  1092  1983 D PlatformConfig: getInt32 Config name: vidc_enc_csc_custom_matrix value: 0
03-25 01:10:40.532  1092  1983 D PlatformConfig: getInstance: Enter
03-25 01:10:40.532  1092  1983 D PlatformConfig: getInt32 Config name: vidc_enc_linear_color_format value: 0
03-25 01:10:40.532  1092  1983 D PlatformConfig: getInstance: Enter
03-25 01:10:40.532  1092  1983 D PlatformConfig: getInt32 Config name: vidc_enc_bitrate_savings_enable value: 1
03-25 01:10:40.532     0     0 I msm_vidc: info: Opening video instance: 0000000000000000, 0
03-25 01:10:40.535     0     0 I msm_vidc: fw: <VFW_E:HostDr:unkn:--------:-> VenusHostDriver_SetSysProperty(1009): QC_IMAGE_VERSION_STRING=VIDEO.IR.1.2-00045-PROD-1
03-25 01:10:40.535     0     0 I msm_vidc: fw: <VFW_E:HostDr:unkn:--------:->
03-25 01:10:40.535     0     0 I msm_vidc: fw: <VFW_E:HostDr:unkn:--------:-> VenusHostDriver_SetSysProperty(1012): BUILD_TIME: Sep  3 2020 05:03:12
03-25 01:10:40.535     0     0 I msm_vidc: fw: <VFW_E:HostDr:unkn:--------:->
03-25 01:10:40.536  2330  2330 I ndroid.setting: The ClassLoaderContext is a special shared library.
03-25 01:10:40.537  2173  2173 I TetheringManager: registerTetheringEventCallback:com.android.networkstack
03-25 01:10:40.544  1092  1983 I OMX-VENC: Component_init : OMX.qcom.video.encoder.avc : return = 0x0
03-25 01:10:40.544  1092  1197 I OMX-VENC: venc_dev: v4l2 profile : 1 flags : 131095 
03-25 01:10:40.544  1092  1197 I OMX-VENC: venc_dev: v4l2 profile : 0 flags : 131095 
03-25 01:10:40.544  1092  1197 I OMX-VENC: venc_dev: v4l2 profile : 2 flags : 131095 
03-25 01:10:40.544  1092  1197 I OMX-VENC: venc_dev: v4l2 profile : 17 flags : 131095 
03-25 01:10:40.545  1092  1197 I OMX-VENC: venc_dev: v4l2 profile : 4 flags : 131095 
03-25 01:10:40.545  1088  1244 W OMXUtils: do not know color format 0x7fa30c06 = 2141391878
03-25 01:10:40.545  1088  1244 W OMXUtils: do not know color format 0x7fa30c04 = 2141391876
03-25 01:10:40.545  1088  1244 W OMXUtils: do not know color format 0x7fa30c00 = 2141391872
03-25 01:10:40.545  1088  1244 W OMXUtils: do not know color format 0x7fa30c09 = 2141391881
03-25 01:10:40.545  1088  1244 W OMXUtils: do not know color format 0x7fa30c0a = 2141391882
03-25 01:10:40.546  1088  1244 W OMXUtils: do not know color format 0x7fa30c08 = 2141391880
03-25 01:10:40.546  1088  1244 W OMXUtils: do not know color format 0x7fa30c07 = 2141391879
03-25 01:10:40.546  1088  1244 W OMXUtils: do not know color format 0x7f000789 = 2130708361
03-25 01:10:40.546  2173  2173 D ApplicationLoaders: Returning zygote-cached class loader: /system/framework/android.test.base.jar
03-25 01:10:40.547  1092  2399 E OMX-VENC: venc_dev: async_venc_message_thread interrupted to be exited
03-25 01:10:40.547  2330  2330 I ndroid.setting: The ClassLoaderContext is a special shared library.
03-25 01:10:40.549     0     0 I msm_vidc: info: Closed video instance: 0000000000000000
03-25 01:10:40.549  1092  1197 I OMX-VENC: Component Deinit
03-25 01:10:40.555   741   741 D Zygote  : Forked child process 2404
03-25 01:10:40.557  1088  1244 I OMXClient: IOmx service obtained
03-25 01:10:40.557  1092  1983 I OMXMaster: makeComponentInstance(OMX.google.h264.encoder) in android.hardwar process
03-25 01:10:40.561  1942  2359 I vol.Events: writeEvent level_changed STREAM_VOICE_CALL 5
03-25 01:10:40.564  1088  1244 W OMXUtils: do not know color format 0x7f000789 = 2130708361
03-25 01:10:40.567  1088  1244 I OMXClient: IOmx service obtained
03-25 01:10:40.567  1092  1983 I OMXMaster: makeComponentInstance(OMX.qcom.video.encoder.h263sw) in android.hardwar process
03-25 01:10:40.567  1942  2359 I vol.Events: writeEvent level_changed STREAM_SYSTEM 5
03-25 01:10:40.567  1030  1043 I adbd    : jdwp connection from 2404
03-25 01:10:40.568  1942  1942 D InterruptionStateProvider: heads up is enabled
03-25 01:10:40.568  2330  2330 D NetworkSecurityConfig: No Network Security Config specified, using platform default
03-25 01:10:40.568  2404  2404 W droid.launcher: Core platform API violation: Ljava/lang/reflect/Field;->accessFlags:I from Landroid/os/Build; using reflection
03-25 01:10:40.568  1942  2359 I vol.Events: writeEvent mute_changed STREAM_SYSTEM true
03-25 01:10:40.568  2330  2330 D NetworkSecurityConfig: No Network Security Config specified, using platform default
03-25 01:10:40.570  1942  2359 I vol.Events: writeEvent level_changed STREAM_RING 5
03-25 01:10:40.570  1942  2359 I vol.Events: writeEvent mute_changed STREAM_RING true
03-25 01:10:40.571  1942  2359 I vol.Events: writeEvent internal_ringer_mode_changed unknown
03-25 01:10:40.572  1942  2359 I vol.Events: writeEvent level_changed STREAM_MUSIC 18
03-25 01:10:40.580  1092  1983 D PlatformConfig: getInstance: Enter
03-25 01:10:40.580  1092  1983 D PlatformConfig: getInt32 Config name: vidc_enc_log_in value: 0
03-25 01:10:40.580  1092  1983 D PlatformConfig: getInstance: Enter
03-25 01:10:40.580  1092  1983 D PlatformConfig: getInt32 Config name: vidc_enc_log_out value: 0
03-25 01:10:40.580  1092  1983 I SWVENC  : >>> swvenc_init(): H.263 codec, version date: 2017-01-27T12:02:22+0530
03-25 01:10:40.581  2367  2367 D NetworkSecurityConfig: No Network Security Config specified, using platform default
03-25 01:10:40.581  2173  2173 D NetworkSecurityConfig: No Network Security Config specified, using platform default
03-25 01:10:40.581  2173  2173 W nsconfig: com.android.networkstack.process: New config does not match the previously set config.
03-25 01:10:40.581  2367  2367 D NetworkSecurityConfig: No Network Security Config specified, using platform default
03-25 01:10:40.585   726   726 I chatty  : uid=1001(radio) /system/vendor/bin/qti expire 2 lines
03-25 01:10:40.586  1092  1983 I SWVENC  : --- set_state(): SWVENC_STATE_INVALID -> SWVENC_STATE_INIT
03-25 01:10:40.586  1092  1983 I SWVENC  : >>> swvenc_setproperty(): 
03-25 01:10:40.586  1092  1983 I SWVENC  : --- set_profile(): baseline profile
03-25 01:10:40.586  1092  1983 I SWVENC  : >>> swvenc_setproperty(): 
03-25 01:10:40.586  1092  1983 I SWVENC  : --- set_level(): 10
03-25 01:10:40.586  1092  1983 I SWVENC  : >>> swvenc_setproperty(): 
03-25 01:10:40.586  1092  1983 I SWVENC  : --- set_frame_size(): 176 x 144
03-25 01:10:40.586  1092  1983 I SWVENC  : >>> swvenc_setproperty(): 
03-25 01:10:40.586  1092  1983 I SWVENC  : --- set_property(): frame attributes: y,uv strides: 176,176; y,uv offsets: 0,25344; size: 38016
03-25 01:10:40.586  1092  1983 I SWVENC  : >>> swvenc_getproperty(): 
03-25 01:10:40.586  1092  1983 I SWVENC  : --- get_buffer_req(): input: 38016 byte buffers x (5 to 32), aligned to 128 byte boundaries
03-25 01:10:40.586  1092  1983 I SWVENC  : >>> swvenc_getproperty(): 
03-25 01:10:40.586  1092  1983 I SWVENC  : --- get_buffer_req(): output: 38016 byte buffers x (5 to 32), aligned to 128 byte boundaries
03-25 01:10:40.590  1942  1942 D NavigationModeController: getCurrentInteractionMode: mode=2 contextUser=0
03-25 01:10:40.592  1088  1244 W OMXUtils: do not know color format 0x7fa30c04 = 2141391876
03-25 01:10:40.593  2404  2404 I droid.launcher: The ClassLoaderContext is a special shared library.
03-25 01:10:40.593  1088  1244 W OMXUtils: do not know color format 0x7fa30c00 = 2141391872
03-25 01:10:40.594  1088  1244 W OMXUtils: do not know color format 0x7f000789 = 2130708361
03-25 01:10:40.595  1092  1983 I SWVENC  : >>> swvenc_deinit(): 
03-25 01:10:40.595  1092  1983 I SWVENC  : --- ~c_swvenc_mpeg4(): 
03-25 01:10:40.595  1092  1983 I SWVENC  : --- set_state(): SWVENC_STATE_INIT -> SWVENC_STATE_INVALID
03-25 01:10:40.595  1092  2429 I SWVENC  : --- thread_eventd(): SWVENC_THREAD_SIGNAL_EXIT
03-25 01:10:40.595  1092  2428 I SWVENC  : --- thread_worker(): SWVENC_THREAD_SIGNAL_EXIT
03-25 01:10:40.595  1092  1983 I SWVENC  : --- swvenc_deinit(): all done, goodbye!
03-25 01:10:40.596  1942  2359 I vol.Events: writeEvent level_changed STREAM_ALARM 6
03-25 01:10:40.599  1088  1244 I OMXClient: IOmx service obtained
03-25 01:10:40.599  1092  1983 I OMXMaster: makeComponentInstance(OMX.google.h263.encoder) in android.hardwar process
03-25 01:10:40.601  1431  1454 I chatty  : uid=1000(system) android.io expire 1 line
03-25 01:10:40.601  1942  2313 D BluetoothAdapter: onBluetoothServiceUp: android.bluetooth.IBluetooth$Stub$Proxy@eccf648
03-25 01:10:40.601     0     0 W healthd : battery l=100 v=4159 t=27.7 h=2 st=2 c=1064452 fc=4000000 cc=41 chg=u
03-25 01:10:40.602  1942  2359 I vol.Events: writeEvent level_changed STREAM_BLUETOOTH_SCO 7
03-25 01:10:40.603  1919  1940 D BluetoothAdapter: onBluetoothServiceUp: com.android.bluetooth.btservice.AdapterService$AdapterServiceBinder@ff9117
03-25 01:10:40.604  1919  1938 D BluetoothAdapterService: enable() - Enable called with quiet mode status =  false
03-25 01:10:40.604  1919  2037 I AdapterState: BLE_TURNING_ON : entered 
03-25 01:10:40.604  1919  2037 D AdapterProperties: Setting state to BLE_TURNING_ON
03-25 01:10:40.605  1919  2037 D BluetoothAdapterService: updateAdapterState() - Broadcasting state BLE_TURNING_ON to 1 receivers.
03-25 01:10:40.605  1942  2359 I vol.Events: writeEvent external_ringer_mode_changed unknown
03-25 01:10:40.607  1942  2359 I vol.Events: writeEvent zen_mode_config_changed [disallowAlarms=false disallowMedia=false disallowSystem=true disallowRinger=false]
03-25 01:10:40.608   627  1482 W DisplayIdentification: Invalid EDID: falling back to serial number due to missing display name.
03-25 01:10:40.608   627  1482 W DisplayIdentification: Invalid EDID: falling back to ASCII text due to missing serial number.
03-25 01:10:40.608  1942  2359 D CompatibilityChangeReporter: Compat change id reported: 150939131; UID 10143; state: ENABLED
03-25 01:10:40.617  1431  1449 I chatty  : uid=1000(system) Binder:1431_2 expire 2 lines
03-25 01:10:40.619  1092  1983 I SoftMPEG4Encoder: Construct SoftMPEG4Encoder
03-25 01:10:40.620  1088  1244 W OMXUtils: do not know color format 0x7f000789 = 2130708361
03-25 01:10:40.620  1092  1983 E OMXNodeInstance: getConfig(0xf5580630:google.h263.encoder, ConfigAndroidIntraRefresh(0x6f60000a)) ERROR: Undefined(0x80001001)
03-25 01:10:40.620  1092  1983 E OMXNodeInstance: getParameter(0xf5580630:google.h263.encoder, ParamVideoIntraRefresh(0x6000006)) ERROR: UnsupportedIndex(0x8000101a)
03-25 01:10:40.620  1088  1244 D MediaCodecInfo: detail feature-frame-parsing wasn't present to remove
03-25 01:10:40.621  2404  2404 W ContextImpl: Failed to ensure /data/user/0/com.android.launcher3/cache: mkdir failed: errno 126 (Required key not available)
03-25 01:10:40.621  2404  2404 W ContextImpl: Failed to update user.inode_cache: stat failed: ENOENT (No such file or directory)
03-25 01:10:40.624  1919  2037 D BluetoothAdapterService: bleOnProcessStart()
03-25 01:10:40.624  1919  2037 I AdapterProperties: init(), maxConnectedAudioDevices, default=5, propertyOverlayed=5, finalValue=5
03-25 01:10:40.624  1942  2260 D KeyguardViewMediator: updateActivityLockScreenState(true, false)
03-25 01:10:40.626  2404  2404 D NetworkSecurityConfig: No Network Security Config specified, using platform default
03-25 01:10:40.626  2404  2404 D NetworkSecurityConfig: No Network Security Config specified, using platform default
03-25 01:10:40.627  1431  1948 I chatty  : uid=1000(system) Binder:1431_5 expire 1 line
03-25 01:10:40.629  1919  2037 D BluetoothAdapterService: bleOnProcessStart() - Make Bond State Machine
03-25 01:10:40.629  1919  2037 D BluetoothBondStateMachine: make
03-25 01:10:40.632  1088  1244 I OMXClient: IOmx service obtained
03-25 01:10:40.632  1092  1983 I OMXMaster: makeComponentInstance(OMX.qcom.video.encoder.hevc) in android.hardwar process
03-25 01:10:40.638  1092  1983 D PlatformConfig: getInstance: Enter
03-25 01:10:40.638  1092  1983 D PlatformConfig: getInt32 Config name: vidc_perf_control_enable value: 0
03-25 01:10:40.638  1092  1983 D PlatformConfig: getInstance: Enter
03-25 01:10:40.638  1092  1983 D PlatformConfig: getInt32 Config name: vidc_enc_log_in value: 0
03-25 01:10:40.638  1092  1983 D PlatformConfig: getInstance: Enter
03-25 01:10:40.638  1092  1983 D PlatformConfig: getInt32 Config name: vidc_enc_log_out value: 0
03-25 01:10:40.638  1092  1983 D PlatformConfig: getInstance: Enter
03-25 01:10:40.638  1092  1983 D PlatformConfig: getInt32 Config name: vidc_enc_csc_custom_matrix value: 0
03-25 01:10:40.638  1092  1983 D PlatformConfig: getInstance: Enter
03-25 01:10:40.638  1092  1983 D PlatformConfig: getInt32 Config name: vidc_enc_linear_color_format value: 0
