03-25 01:10:40.638  1092  1983 D PlatformConfig: getInstance: Enter
03-25 01:10:40.638  1092  1983 D PlatformConfig: getInt32 Config name: vidc_enc_bitrate_savings_enable value: 1
03-25 01:10:40.638     0     0 I msm_vidc: info: Opening video instance: 0000000000000000, 0
03-25 01:10:40.639  2173  2173 D CompatibilityChangeReporter: Compat change id reported: 147600208; UID 1073; state: ENABLED
03-25 01:10:40.639     0     0 I msm_vidc: fw: <VFW_E:HostDr:unkn:--------:-> VenusHostDriver_SetSysProperty(1009): QC_IMAGE_VERSION_STRING=VIDEO.IR.1.2-00045-PROD-1
03-25 01:10:40.639     0     0 I msm_vidc: fw: <VFW_E:HostDr:unkn:--------:->
03-25 01:10:40.639     0     0 I msm_vidc: fw: <VFW_E:HostDr:unkn:--------:-> VenusHostDriver_SetSysProperty(1012): BUILD_TIME: Sep  3 2020 05:03:12
03-25 01:10:40.639     0     0 I msm_vidc: fw: <VFW_E:HostDr:unkn:--------:->
03-25 01:10:40.640  1919  2446 I BluetoothBondStateMachine: StableState(): Entering Off State
03-25 01:10:40.640   660   660 W libperfmgr: NodeLooperThread is not running, cancel LAUNCH
03-25 01:10:40.643  1942  2453 W TelecomManager: Telecom Service not found.
03-25 01:10:40.644  1092  1983 I OMX-VENC: Component_init : OMX.qcom.video.encoder.hevc : return = 0x0
03-25 01:10:40.644  1942  1942 I TetheringManager: registerTetheringEventCallback:com.android.systemui
03-25 01:10:40.645  1092  1197 I OMX-VENC: venc_dev: v4l2 profile : 0 flags : 3 
03-25 01:10:40.645  1092  1197 I OMX-VENC: venc_dev: v4l2 profile : 1 flags : 3 
03-25 01:10:40.645  1092  1197 I OMX-VENC: venc_dev: v4l2 profile : 2 flags : 3 
03-25 01:10:40.645  1092  1197 E OMX-VENC: venc_dev: venc_get_supported_profile_level: Invalid index corresponding profile not supported : 4 
03-25 01:10:40.645  1088  1244 W OMXUtils: do not know color format 0x7fa30c06 = 2141391878
03-25 01:10:40.646  1088  1244 W OMXUtils: do not know color format 0x7fa30c04 = 2141391876
03-25 01:10:40.646  1088  1244 W OMXUtils: do not know color format 0x7fa30c00 = 2141391872
03-25 01:10:40.646  1088  1244 W OMXUtils: do not know color format 0x7fa30c09 = 2141391881
03-25 01:10:40.646  1088  1244 W OMXUtils: do not know color format 0x7fa30c0a = 2141391882
03-25 01:10:40.647  1088  1244 W OMXUtils: do not know color format 0x7fa30c08 = 2141391880
03-25 01:10:40.647  1088  1244 W OMXUtils: do not know color format 0x7fa30c07 = 2141391879
03-25 01:10:40.647  1088  1244 W OMXUtils: do not know color format 0x7f000789 = 2130708361
03-25 01:10:40.649  1092  2455 E OMX-VENC: venc_dev: async_venc_message_thread interrupted to be exited
03-25 01:10:40.651  1942  2195 W TelecomManager: Telecom Service not found.
03-25 01:10:40.651     0     0 I msm_vidc: info: Closed video instance: 0000000000000000
03-25 01:10:40.651  1092  1197 I OMX-VENC: Component Deinit
03-25 01:10:40.654  1088  1244 I OMXClient: IOmx service obtained
03-25 01:10:40.654  1942  1942 V WifiManager: registerTrafficStateCallback: callback=com.android.systemui.statusbar.policy.WifiSignalController$WifiTrafficStateCallback@8a5f96d, executor=android.os.HandlerExecutor@f55a49f
03-25 01:10:40.654  1092  1197 I OMXMaster: makeComponentInstance(OMX.qcom.video.encoder.hevc.cq) in android.hardwar process
03-25 01:10:40.656  1919  1919 I BtGatt.JNI: classInitNative(L875): classInitNative: Success!
03-25 01:10:40.656  1092  1197 D PlatformConfig: getInstance: Enter
03-25 01:10:40.656  1092  1197 D PlatformConfig: getInt32 Config name: vidc_perf_control_enable value: 0
03-25 01:10:40.656  1092  1197 D PlatformConfig: getInstance: Enter
03-25 01:10:40.656  1092  1197 D PlatformConfig: getInt32 Config name: vidc_enc_log_in value: 0
03-25 01:10:40.656  1092  1197 D PlatformConfig: getInstance: Enter
03-25 01:10:40.656  1092  1197 D PlatformConfig: getInt32 Config name: vidc_enc_log_out value: 0
03-25 01:10:40.656  1092  1197 D PlatformConfig: getInstance: Enter
03-25 01:10:40.656  1092  1197 D PlatformConfig: getInt32 Config name: vidc_enc_csc_custom_matrix value: 0
03-25 01:10:40.656  1092  1197 D PlatformConfig: getInstance: Enter
03-25 01:10:40.656  1092  1197 D PlatformConfig: getInt32 Config name: vidc_enc_linear_color_format value: 0
03-25 01:10:40.656  1092  1197 D PlatformConfig: getInstance: Enter
03-25 01:10:40.656  1092  1197 D PlatformConfig: getInt32 Config name: vidc_enc_bitrate_savings_enable value: 1
03-25 01:10:40.657     0     0 I msm_vidc: info: Opening video instance: 0000000000000000, 0
03-25 01:10:40.657     0     0 I msm_vidc: fw: <VFW_E:HostDr:unkn:--------:-> VenusHostDriver_SetSysProperty(1009): QC_IMAGE_VERSION_STRING=VIDEO.IR.1.2-00045-PROD-1
03-25 01:10:40.657     0     0 I msm_vidc: fw: <VFW_E:HostDr:unkn:--------:->
03-25 01:10:40.657     0     0 I msm_vidc: fw: <VFW_E:HostDr:unkn:--------:-> VenusHostDriver_SetSysProperty(1012): BUILD_TIME: Sep  3 2020 05:03:12
03-25 01:10:40.657     0     0 I msm_vidc: fw: <VFW_E:HostDr:unkn:--------:->
03-25 01:10:40.658  1919  1919 D BtGatt.DebugUtils: handleDebugAction() action=null
03-25 01:10:40.659  1919  1919 D BluetoothAdapterService: getAdapterService() - returning com.android.bluetooth.btservice.AdapterService@7df3036
03-25 01:10:40.659  1092  1197 I OMX-VENC: Component_init : OMX.qcom.video.encoder.hevc.cq : return = 0x0
03-25 01:10:40.660  2173  2173 V WifiManager: registerSoftApCallback: callback=com.android.networkstack.tethering.Tethering$TetheringSoftApCallback@e2b7c28, executor=com.android.networkstack.tethering.Tethering$TetheringThreadExecutor@7483d41
03-25 01:10:40.660  2404  2404 W ContextImpl: Failed to ensure /data/user/0/com.android.launcher3/files: mkdir failed: errno 126 (Required key not available)
03-25 01:10:40.660  2404  2404 D TouchInteractionService: Touch service connected
03-25 01:10:40.661  1092  1983 I OMX-VENC: venc_dev: v4l2 profile : 0 flags : 3 
03-25 01:10:40.661  1092  1983 I OMX-VENC: venc_dev: v4l2 profile : 1 flags : 3 
03-25 01:10:40.661  1092  1983 I OMX-VENC: venc_dev: v4l2 profile : 2 flags : 3 
03-25 01:10:40.661  1092  1983 E OMX-VENC: venc_dev: venc_get_supported_profile_level: Invalid index corresponding profile not supported : 4 
03-25 01:10:40.661  1919  1919 I bt_btif : get_profile_interface: id = gatt
03-25 01:10:40.662  1919  1919 D BluetoothAdapterService: getAdapterService() - returning com.android.bluetooth.btservice.AdapterService@7df3036
03-25 01:10:40.662  1088  1244 W OMXUtils: do not know color format 0x7fa30c06 = 2141391878
03-25 01:10:40.662  1088  1244 W OMXUtils: do not know color format 0x7fa30c04 = 2141391876
03-25 01:10:40.663  1088  1244 W OMXUtils: do not know color format 0x7fa30c00 = 2141391872
03-25 01:10:40.663  1088  1244 W OMXUtils: do not know color format 0x7fa30c09 = 2141391881
03-25 01:10:40.663  1088  1244 W OMXUtils: do not know color format 0x7fa30c0a = 2141391882
03-25 01:10:40.664  1088  1244 W OMXUtils: do not know color format 0x7fa30c08 = 2141391880
03-25 01:10:40.665  1088  1244 W OMXUtils: do not know color format 0x7fa30c07 = 2141391879
03-25 01:10:40.665  1088  1244 W OMXUtils: do not know color format 0x7f000789 = 2130708361
03-25 01:10:40.666  1092  2464 E OMX-VENC: venc_dev: async_venc_message_thread interrupted to be exited
03-25 01:10:40.666     0     0 I msm_vidc: info: Closed video instance: 0000000000000000
03-25 01:10:40.666  1092  1197 I OMX-VENC: Component Deinit
03-25 01:10:40.668  1942  1942 D NavigationModeController: getCurrentInteractionMode: mode=2 contextUser=0
03-25 01:10:40.669  1088  1244 I OMXClient: IOmx service obtained
03-25 01:10:40.669  1092  1983 I OMXMaster: makeComponentInstance(OMX.qcom.video.encoder.mpeg4sw) in android.hardwar process
03-25 01:10:40.675   570   570 I hwservicemanager: getTransport: Cannot find entry android.hardware.radio.deprecated@1.0::IOemHook/slot1 in either framework or device manifest.
03-25 01:10:40.676  1092  1983 D PlatformConfig: getInstance: Enter
03-25 01:10:40.676  1092  1983 D PlatformConfig: getInt32 Config name: vidc_enc_log_in value: 0
03-25 01:10:40.676  1092  1983 D PlatformConfig: getInstance: Enter
03-25 01:10:40.676  1092  1983 D PlatformConfig: getInt32 Config name: vidc_enc_log_out value: 0
03-25 01:10:40.676  1092  1983 I SWVENC  : >>> swvenc_init(): MPEG-4 codec, version date: 2017-01-27T12:02:22+0530
03-25 01:10:40.676  1919  1919 D BluetoothAdapterService: getAdapterService() - returning com.android.bluetooth.btservice.AdapterService@7df3036
03-25 01:10:40.678  1919  2046 I bt_stack_manager: event_start_up_stack is bringing up the stack
03-25 01:10:40.678  1919  2046 I bt_core_module: module_start_up Starting module "btif_config_module"
03-25 01:10:40.678  1919  2046 I bt_core_module: module_start_up Started module "btif_config_module"
03-25 01:10:40.678  1919  2046 I bt_core_module: module_start_up Starting module "btsnoop_module"
03-25 01:10:40.678  1919  2046 I droid.bluetoot: [0325/011040.678440:INFO:btsnoop.cc(207)] start_up: Snoop Logs disabled
03-25 01:10:40.678  1919  2046 I droid.bluetoot: [0325/011040.678524:INFO:btsnoop.cc(338)] delete_btsnoop_files: Deleting snoop logs if they exist. filtered = 1
03-25 01:10:40.680  1919  2046 I droid.bluetoot: [0325/011040.679974:INFO:btsnoop.cc(338)] delete_btsnoop_files: Deleting snoop logs if they exist. filtered = 0
03-25 01:10:40.680  1919  2046 I bt_core_module: module_start_up Started module "btsnoop_module"
03-25 01:10:40.680  1919  2046 I bt_core_module: module_start_up Starting module "hci_module"
03-25 01:10:40.680  1919  2046 I bt_hci  : hci_module_start_up
03-25 01:10:40.682  1919  2478 I droid.bluetoot: [0325/011040.682003:INFO:message_loop_thread.cc(175)] Run: message loop starting for thread bt_hci_thread
03-25 01:10:40.682  1092  1983 I SWVENC  : --- set_state(): SWVENC_STATE_INVALID -> SWVENC_STATE_INIT
03-25 01:10:40.682  1092  1983 I SWVENC  : >>> swvenc_setproperty(): 
03-25 01:10:40.682  1092  1983 I SWVENC  : --- set_profile(): simple profile
03-25 01:10:40.682  1092  1983 I SWVENC  : >>> swvenc_setproperty(): 
03-25 01:10:40.682  1092  1983 I SWVENC  : --- set_level(): 0
03-25 01:10:40.682  1092  1983 I SWVENC  : >>> swvenc_setproperty(): 
03-25 01:10:40.682  1092  1983 I SWVENC  : --- set_frame_size(): 176 x 144
03-25 01:10:40.682  1092  1983 I SWVENC  : >>> swvenc_setproperty(): 
03-25 01:10:40.682  1092  1983 I SWVENC  : --- set_property(): frame attributes: y,uv strides: 176,176; y,uv offsets: 0,25344; size: 38016
03-25 01:10:40.682  1092  1983 I SWVENC  : >>> swvenc_getproperty(): 
03-25 01:10:40.682  1092  1983 I SWVENC  : --- get_buffer_req(): input: 38016 byte buffers x (5 to 32), aligned to 128 byte boundaries
03-25 01:10:40.682  1092  1983 I SWVENC  : >>> swvenc_getproperty(): 
03-25 01:10:40.682  1092  1983 I SWVENC  : --- get_buffer_req(): output: 38016 byte buffers x (5 to 32), aligned to 128 byte boundaries
03-25 01:10:40.682  1919  2046 D bt_hci  : hci_module_start_up starting async portion
03-25 01:10:40.682  1919  2478 I bt_hci  : hci_initialize
03-25 01:10:40.682   570   570 I hwservicemanager: getTransport: Cannot find entry android.hardware.bluetooth@1.1::IBluetoothHci/default in either framework or device manifest.
03-25 01:10:40.683  1919  2478 I bt_hci  : hci_initialize: IBluetoothHci::getService() returned 0xb4000077c3523850 (remote)
03-25 01:10:40.683   749   749 W vendor.qti.bluetooth@1.0-bluetooth_hci: BluetoothHci::initialize()
03-25 01:10:40.683   749   749 W vendor.qti.bluetooth@1.0-data_handler: DataHandler:: Init()
03-25 01:10:40.683   749   749 W vendor.qti.bluetooth@1.0-data_handler: SOC property  set to cherokee
03-25 01:10:40.683   749   749 I vendor.qti.bluetooth@1.0-data_handler: data_service_setup_sighandler: Entry
03-25 01:10:40.683   749   749 D vendor.qti.bluetooth@1.0-data_handler: isProtocolAdded:
03-25 01:10:40.683   749   749 I vendor.qti.bluetooth@1.0-data_handler: isProtocolAdded: status:0
03-25 01:10:40.683   749   749 I vendor.qti.bluetooth@1.0-data_handler: Open init_status 0 
03-25 01:10:40.683   749   749 I vendor.qti.bluetooth@1.0-data_handler: Open: soc_need_reload_patch = 1
03-25 01:10:40.683   749   749 D vendor.qti.bluetooth@1.0-wake_lock: Init wakelock is initiated 
03-25 01:10:40.683   749   749 I vendor.qti.bluetooth@1.0-bluetooth_hci: initialize: linking to deathRecipient
03-25 01:10:40.684   749  2486 D vendor.qti.bluetooth@1.0-data_handler: StartInitTimer: Init timer started
03-25 01:10:40.684   749  2486 I vendor.qti.bluetooth@1.0-uart_controller: soc need reload patch = 1
03-25 01:10:40.684   749  2486 D vendor.qti.bluetooth@1.0-power_manager: SetPower: enable: 0
03-25 01:10:40.684   749  2486 E vendor.qti.bluetooth@1.0-power_manager: 
03-25 01:10:40.684   749  2486 E vendor.qti.bluetooth@1.0-power_manager: PowerUpChip enable(0) retentionMode(0)
03-25 01:10:40.684     0     0 E bt_ioctl: BT_CMD_PWR_CTRL pwr_cntrl:0
03-25 01:10:40.684   749  2486 D vendor.qti.bluetooth@1.0-power_manager: SetPower: enable: 1
03-25 01:10:40.684     0     0 E bt_ioctl: BT chip state is already :0 no change d
03-25 01:10:40.684   749  2486 E vendor.qti.bluetooth@1.0-power_manager: 
03-25 01:10:40.684   749  2486 E vendor.qti.bluetooth@1.0-power_manager: PowerUpChip enable(1) retentionMode(0)
03-25 01:10:40.684  1088  1244 W OMXUtils: do not know color format 0x7fa30c04 = 2141391876
03-25 01:10:40.684     0     0 E bt_ioctl: BT_CMD_PWR_CTRL pwr_cntrl:1
03-25 01:10:40.684     0     0 W bt_power vendor: bt_wcn3990: vendor:bt_wcn3990 supply qca,bt-vdd-vl not found, using dummy regulator
03-25 01:10:40.684  1088  1244 W OMXUtils: do not know color format 0x7fa30c00 = 2141391872
03-25 01:10:40.684     0     0 W bt_power vendor: bt_wcn3990: vendor:bt_wcn3990 supply qca,bt-vdd-vm not found, using dummy regulator
03-25 01:10:40.684     0     0 W bt_power vendor: bt_wcn3990: vendor:bt_wcn3990 supply qca,bt-vdd-5c not found, using dummy regulator
03-25 01:10:40.684     0     0 W bt_power vendor: bt_wcn3990: vendor:bt_wcn3990 supply qca,bt-vdd-5a not found, using dummy regulator
03-25 01:10:40.684  1088  1244 W OMXUtils: do not know color format 0x7f000789 = 2130708361
03-25 01:10:40.684     0     0 W bt_power vendor: bt_wcn3990: vendor:bt_wcn3990 supply qca,bt-vdd-vh not found, using dummy regulator
03-25 01:10:40.684     0     0 W bt_power vendor: bt_wcn3990: vendor:bt_wcn3990 supply qca,bt-vdd-io not found, using dummy regulator
03-25 01:10:40.684     0     0 W bt_power vendor: bt_wcn3990: vendor:bt_wcn3990 supply qca,bt-vdd-xtal not found, using dummy regulator
03-25 01:10:40.685  1092  1983 I SWVENC  : >>> swvenc_deinit(): 
03-25 01:10:40.685  1092  1983 I SWVENC  : --- ~c_swvenc_mpeg4(): 
03-25 01:10:40.685  1092  1983 I SWVENC  : --- set_state(): SWVENC_STATE_INIT -> SWVENC_STATE_INVALID
03-25 01:10:40.685   570   570 I hwservicemanager: getTransport: Cannot find entry android.hardware.radio.deprecated@1.0::IOemHook/slot2 in either framework or device manifest.
03-25 01:10:40.685     0     0 W bt_power vendor: bt_wcn3990: vendor:bt_wcn3990 supply qca,bt-chip-pwd not found, using dummy regulator
03-25 01:10:40.686  1942  1942 I TetheringManager: registerTetheringEventCallback caller:com.android.systemui
03-25 01:10:40.687  1092  2480 I SWVENC  : --- thread_eventd(): SWVENC_THREAD_SIGNAL_EXIT
03-25 01:10:40.687  1092  2473 I SWVENC  : --- thread_worker(): SWVENC_THREAD_SIGNAL_EXIT
03-25 01:10:40.687  1092  1983 I SWVENC  : --- swvenc_deinit(): all done, goodbye!
03-25 01:10:40.691  1088  1244 I OMXClient: IOmx service obtained
03-25 01:10:40.691  1092  1197 I OMXMaster: makeComponentInstance(OMX.google.mpeg4.encoder) in android.hardwar process
03-25 01:10:40.692  1092  1197 I SoftMPEG4Encoder: Construct SoftMPEG4Encoder
03-25 01:10:40.692   749  2486 D vendor.qti.bluetooth@1.0-wake_lock: Acquire wakelock is acquired 
03-25 01:10:40.692   749  2486 D vendor.qti.bluetooth@1.0-uart_transport: Init:> soc_type: 3, need_reload: 1
03-25 01:10:40.692   749  2486 D vendor.qti.bluetooth@1.0-uart_transport: CleanUp:> soc_type: 3, need_reload: 1
03-25 01:10:40.692   749  2486 D vendor.qti.bluetooth@1.0-uart_transport: userial clock off
03-25 01:10:40.693  1088  1244 W OMXUtils: do not know color format 0x7f000789 = 2130708361
03-25 01:10:40.693  1092  1197 E OMXNodeInstance: getConfig(0xf5580390:google.mpeg4.encoder, ConfigAndroidIntraRefresh(0x6f60000a)) ERROR: Undefined(0x80001001)
03-25 01:10:40.693  1092  1197 E OMXNodeInstance: getParameter(0xf5580390:google.mpeg4.encoder, ParamVideoIntraRefresh(0x6000006)) ERROR: UnsupportedIndex(0x8000101a)
03-25 01:10:40.693  1088  1244 D MediaCodecInfo: detail feature-frame-parsing wasn't present to remove
03-25 01:10:40.694  1088  1244 I OMXClient: IOmx service obtained
03-25 01:10:40.694  1092  1983 I OMXMaster: makeComponentInstance(OMX.qcom.video.encoder.vp8) in android.hardwar process
03-25 01:10:40.697  1092  1983 D PlatformConfig: getInstance: Enter
03-25 01:10:40.697  1092  1983 D PlatformConfig: getInt32 Config name: vidc_perf_control_enable value: 0
03-25 01:10:40.697  1092  1983 D PlatformConfig: getInstance: Enter
03-25 01:10:40.697  1092  1983 D PlatformConfig: getInt32 Config name: vidc_enc_log_in value: 0
03-25 01:10:40.697  1092  1983 D PlatformConfig: getInstance: Enter
03-25 01:10:40.697  1092  1983 D PlatformConfig: getInt32 Config name: vidc_enc_log_out value: 0
03-25 01:10:40.697  1092  1983 D PlatformConfig: getInstance: Enter
03-25 01:10:40.697  1092  1983 D PlatformConfig: getInt32 Config name: vidc_enc_csc_custom_matrix value: 0
03-25 01:10:40.697  1092  1983 D PlatformConfig: getInstance: Enter
03-25 01:10:40.697  1092  1983 D PlatformConfig: getInt32 Config name: vidc_enc_linear_color_format value: 0
03-25 01:10:40.697  1092  1983 D PlatformConfig: getInstance: Enter
03-25 01:10:40.697  1092  1983 D PlatformConfig: getInt32 Config name: vidc_enc_bitrate_savings_enable value: 1
03-25 01:10:40.697     0     0 I msm_vidc: info: Opening video instance: 0000000000000000, 0
03-25 01:10:40.698     0     0 I msm_vidc: fw: <VFW_E:HostDr:unkn:--------:-> VenusHostDriver_SetSysProperty(1009): QC_IMAGE_VERSION_STRING=VIDEO.IR.1.2-00045-PROD-1
03-25 01:10:40.698     0     0 I msm_vidc: fw: <VFW_E:HostDr:unkn:--------:->
03-25 01:10:40.698     0     0 I msm_vidc: fw: <VFW_E:HostDr:unkn:--------:-> VenusHostDriver_SetSysProperty(1012): BUILD_TIME: Sep  3 2020 05:03:12
03-25 01:10:40.698     0     0 I msm_vidc: fw: <VFW_E:HostDr:unkn:--------:->
03-25 01:10:40.700  1092  1983 I OMX-VENC: Component_init : OMX.qcom.video.encoder.vp8 : return = 0x0
03-25 01:10:40.701  1088  1244 W OMXUtils: do not know color format 0x7fa30c06 = 2141391878
03-25 01:10:40.702  1088  1244 W OMXUtils: do not know color format 0x7fa30c04 = 2141391876
03-25 01:10:40.702   749  2486 I vendor.qti.bluetooth@1.0-uart_transport: InitTransport: opening /dev/ttyHS0
03-25 01:10:40.702  1088  1244 W OMXUtils: do not know color format 0x7fa30c00 = 2141391872
03-25 01:10:40.702  1088  1244 W OMXUtils: do not know color format 0x7fa30c09 = 2141391881
03-25 01:10:40.702  1088  1244 W OMXUtils: do not know color format 0x7fa30c0a = 2141391882
03-25 01:10:40.703  1088  1244 W OMXUtils: do not know color format 0x7fa30c08 = 2141391880
03-25 01:10:40.703  1088  1244 W OMXUtils: do not know color format 0x7fa30c07 = 2141391879
03-25 01:10:40.703  1088  1244 W OMXUtils: do not know color format 0x7f000789 = 2130708361
03-25 01:10:40.704  1942  1942 I CameraManagerGlobal: Connecting to camera service
03-25 01:10:40.704  1092  2509 E OMX-VENC: venc_dev: async_venc_message_thread interrupted to be exited
03-25 01:10:40.705   749  2486 D vendor.qti.bluetooth@1.0-uart_transport: userial clock on
03-25 01:10:40.705   749  2486 I vendor.qti.bluetooth@1.0-uart_transport: GetBaudRate: Current Baudrate = 2400 bps
03-25 01:10:40.705   749  2486 I vendor.qti.bluetooth@1.0-uart_transport: InitTransport: device fd = 9 open @2400 bps
03-25 01:10:40.705     0     0 I msm_vidc: info: Closed video instance: 0000000000000000
03-25 01:10:40.705  1092  1983 I OMX-VENC: Component Deinit
03-25 01:10:40.706  1942  1942 W CameraManagerGlobal: [soar.cts] ignore the status update of camera: 100
03-25 01:10:40.707  1942  1942 W CameraManagerGlobal: [soar.cts] ignore the status update of camera: 101
03-25 01:10:40.707  1942  1942 W CameraManagerGlobal: [soar.cts] ignore the status update of camera: 120
03-25 01:10:40.707  1942  1942 W CameraManagerGlobal: [soar.cts] ignore the status update of camera: 20
03-25 01:10:40.707  1942  1942 W CameraManagerGlobal: [soar.cts] ignore the status update of camera: 21
03-25 01:10:40.707  1942  1942 W CameraManagerGlobal: [soar.cts] ignore the status update of camera: 60
03-25 01:10:40.707  1942  1942 W CameraManagerGlobal: [soar.cts] ignore the status update of camera: 61
03-25 01:10:40.707  1942  1942 W CameraManagerGlobal: [soar.cts] ignore the status update of camera: 62
03-25 01:10:40.707  1942  1942 W CameraManagerGlobal: [soar.cts] ignore the status update of camera: 63
03-25 01:10:40.713  1088  1244 I OMXClient: IOmx service obtained
03-25 01:10:40.714  1092  1983 I OMXMaster: makeComponentInstance(OMX.google.vp8.encoder) in android.hardwar process
03-25 01:10:40.715  1088  1244 W OMXUtils: do not know color format 0x7f000789 = 2130708361
03-25 01:10:40.715  1092  1983 E OMXNodeInstance: getConfig(0xf5580400:google.vp8.encoder, ConfigAndroidIntraRefresh(0x6f60000a)) ERROR: Undefined(0x80001001)
03-25 01:10:40.716  1092  1983 E OMXNodeInstance: getParameter(0xf5580400:google.vp8.encoder, ParamVideoIntraRefresh(0x6000006)) ERROR: UnsupportedIndex(0x8000101a)
03-25 01:10:40.716  1088  1244 D MediaCodecInfo: detail feature-frame-parsing wasn't present to remove
03-25 01:10:40.717  1088  1244 I OMXClient: IOmx service obtained
03-25 01:10:40.717  1092  1983 I OMXMaster: makeComponentInstance(OMX.google.vp9.encoder) in android.hardwar process
03-25 01:10:40.718  1088  1244 W OMXUtils: do not know color format 0x7f000789 = 2130708361
03-25 01:10:40.718  1092  1983 E OMXNodeInstance: getConfig(0xf5580400:google.vp9.encoder, ConfigAndroidIntraRefresh(0x6f60000a)) ERROR: Undefined(0x80001001)
03-25 01:10:40.718  1092  1983 E OMXNodeInstance: getParameter(0xf5580400:google.vp9.encoder, ParamVideoIntraRefresh(0x6000006)) ERROR: UnsupportedIndex(0x8000101a)
03-25 01:10:40.718  1088  1244 D MediaCodecInfo: detail feature-frame-parsing wasn't present to remove
03-25 01:10:40.720  1088  1244 I Codec2Client: Available Codec2 services: "default" "software"
03-25 01:10:40.723  1179  1294 V C2Store : in init
03-25 01:10:40.723  1179  1294 V C2Store : loading dll
03-25 01:10:40.728  1942  1942 D StatusBar: disable<e i a s b h r c s > disable2<q i n >
03-25 01:10:40.730   749  2486 I vendor.qti.bluetooth@1.0-uart_transport: CleanUp:send out shutdown signal
03-25 01:10:40.730   749  2486 D vendor.qti.bluetooth@1.0-uart_transport: userial clock off
03-25 01:10:40.731   749  2486 I vendor.qti.bluetooth@1.0-uart_transport: DeInitTransport: Transport is being closed!
03-25 01:10:40.732  1179  1294 V C2Store : in ~ComponentModule
03-25 01:10:40.732  1179  1294 V C2Store : unloading dll
03-25 01:10:40.733  1179  1294 V C2Store : in init
03-25 01:10:40.733  1179  1294 V C2Store : loading dll
03-25 01:10:40.737  1179  1294 V C2Store : in ~ComponentModule
03-25 01:10:40.737  1179  1294 V C2Store : unloading dll
03-25 01:10:40.738  1179  1294 V C2Store : in init
03-25 01:10:40.738  1179  1294 V C2Store : loading dll
03-25 01:10:40.743  1179  1294 V C2Store : in ~ComponentModule
03-25 01:10:40.743  1179  1294 V C2Store : unloading dll
03-25 01:10:40.744  1179  1294 V C2Store : in init
03-25 01:10:40.744  1179  1294 V C2Store : loading dll
03-25 01:10:40.751  1179  1294 V C2Store : in ~ComponentModule
03-25 01:10:40.751  1179  1294 V C2Store : unloading dll
03-25 01:10:40.751  1179  1294 V C2Store : in init
03-25 01:10:40.751  1179  1294 V C2Store : loading dll
03-25 01:10:40.755  1179  1294 V C2Store : in ~ComponentModule
03-25 01:10:40.755  1179  1294 V C2Store : unloading dll
03-25 01:10:40.756  1179  1294 V C2Store : in init
03-25 01:10:40.756  1179  1294 V C2Store : loading dll
03-25 01:10:40.760  2173  2173 D NetworkSecurityConfig: No Network Security Config specified, using platform default
03-25 01:10:40.760  2173  2173 W nsconfig: com.android.networkstack.process: New config does not match the previously set config.
03-25 01:10:40.760  1179  1294 V C2Store : in ~ComponentModule
03-25 01:10:40.761  1179  1294 V C2Store : unloading dll
03-25 01:10:40.761  1179  1294 V C2Store : in init
03-25 01:10:40.761  1179  1294 V C2Store : loading dll
03-25 01:10:40.767  1179  1294 V C2Store : in ~ComponentModule
03-25 01:10:40.767  1179  1294 V C2Store : unloading dll
03-25 01:10:40.767  1179  1294 V C2Store : in init
03-25 01:10:40.767  1179  1294 V C2Store : loading dll
03-25 01:10:40.772  1179  1294 V C2Store : in ~ComponentModule
03-25 01:10:40.772  1179  1294 V C2Store : unloading dll
03-25 01:10:40.773  1179  1294 V C2Store : in init
03-25 01:10:40.773  1179  1294 V C2Store : loading dll
03-25 01:10:40.777  1179  1294 I mediaswcodec: missing struct descriptor #Param::CoreIndex(--004) for field values of struct #Param::CoreIndex(F-12004)
03-25 01:10:40.777  1179  1294 V C2Store : in ~ComponentModule
03-25 01:10:40.777  1179  1294 V C2Store : unloading dll
03-25 01:10:40.778  1179  1294 V C2Store : in init
03-25 01:10:40.778  1179  1294 V C2Store : loading dll
03-25 01:10:40.786  1179  1294 V C2Store : in ~ComponentModule
03-25 01:10:40.786  1179  1294 V C2Store : unloading dll
03-25 01:10:40.786  1179  1294 V C2Store : in init
03-25 01:10:40.786  1179  1294 V C2Store : loading dll
03-25 01:10:40.790  1179  1294 V C2Store : in ~ComponentModule
03-25 01:10:40.790  1179  1294 V C2Store : unloading dll
03-25 01:10:40.791  1179  1294 V C2Store : in init
03-25 01:10:40.791  1179  1294 V C2Store : loading dll
03-25 01:10:40.795  1179  1294 V C2Store : in ~ComponentModule
03-25 01:10:40.795  1179  1294 V C2Store : unloading dll
03-25 01:10:40.795  1179  1294 V C2Store : in init
03-25 01:10:40.795  1179  1294 V C2Store : loading dll
03-25 01:10:40.799  1179  1294 V C2Store : in ~ComponentModule
03-25 01:10:40.800  1179  1294 V C2Store : unloading dll
03-25 01:10:40.800  1179  1294 V C2Store : in init
03-25 01:10:40.800  1179  1294 V C2Store : loading dll
03-25 01:10:40.803  1179  1294 V C2Store : in ~ComponentModule
03-25 01:10:40.803  1179  1294 V C2Store : unloading dll
03-25 01:10:40.804  1179  1294 V C2Store : in init
03-25 01:10:40.804  1179  1294 V C2Store : loading dll
03-25 01:10:40.808  1179  1294 V C2Store : in ~ComponentModule
03-25 01:10:40.808  1179  1294 V C2Store : unloading dll
03-25 01:10:40.808  1179  1294 V C2Store : in init
03-25 01:10:40.808  1179  1294 V C2Store : loading dll
03-25 01:10:40.812  1179  1294 V C2Store : in ~ComponentModule
03-25 01:10:40.812  1179  1294 V C2Store : unloading dll
03-25 01:10:40.813  1179  1294 V C2Store : in init
03-25 01:10:40.813  1179  1294 V C2Store : loading dll
03-25 01:10:40.818  1179  1294 V C2Store : in ~ComponentModule
03-25 01:10:40.818  1179  1294 V C2Store : unloading dll
03-25 01:10:40.818  1179  1294 V C2Store : in init
03-25 01:10:40.818  1179  1294 V C2Store : loading dll
03-25 01:10:40.823  1179  1294 I mediaswcodec: missing struct descriptor #Param::CoreIndex(--004) for field values of struct #Param::CoreIndex(F-12004)
03-25 01:10:40.824  1179  1294 D C2SoftHevcEnc: Given level 6000 does not cover current configuration: adjusting to 6001
03-25 01:10:40.824  1179  1294 V C2Store : in ~ComponentModule
03-25 01:10:40.824  1179  1294 V C2Store : unloading dll
03-25 01:10:40.824  1179  1294 V C2Store : in init
03-25 01:10:40.824  1179  1294 V C2Store : loading dll
03-25 01:10:40.827   828   844 I sensors.qti: diag_buffering_enabled:130, DIAG Buffering mode val: 0
03-25 01:10:40.827   828   844 I sensors.qti: handle_diag_settings:411, Setting SNS TX MODE to STREAMING
03-25 01:10:40.827   828   844 E Diag_Lib: diag: In diag_configure_peripheral_buffering_tx_mode, request for buffer configuring pd 3
03-25 01:10:40.827   828   844 E Diag_Lib: diag: In diag_configure_peripheral_buffering_tx_mode, request for buffer configuring pd 10
03-25 01:10:40.827   828   844 I sensors.qti: handle_diag_settings:423, Set SNS TX MODE success and return val: 1
03-25 01:10:40.827   828   828 I sensors.qti: main:534, took 6002 ms to complete diag init
03-25 01:10:40.827   828   847 I sensors.qti: diag_mdlog_capture:281,  in diag_mdlog_capture 
03-25 01:10:40.828  1179  1294 V C2Store : in ~ComponentModule
03-25 01:10:40.828  1179  1294 V C2Store : unloading dll
03-25 01:10:40.828  1179  1294 V C2Store : in init
03-25 01:10:40.828  1179  1294 V C2Store : loading dll
03-25 01:10:40.831   749  2486 I vendor.qti.bluetooth@1.0-uart_transport: InitTransport: opening /dev/ttyHS0
03-25 01:10:40.832   749  2486 D vendor.qti.bluetooth@1.0-uart_transport: userial clock on
03-25 01:10:40.832   749  2486 I vendor.qti.bluetooth@1.0-uart_transport: GetBaudRate: Current Baudrate = 115200 bps
03-25 01:10:40.832   749  2486 I vendor.qti.bluetooth@1.0-uart_transport: InitTransport: device fd = 9 open @115200 bps
03-25 01:10:40.833  1179  1294 V C2Store : in ~ComponentModule
03-25 01:10:40.833  1179  1294 V C2Store : unloading dll
03-25 01:10:40.833   749  2486 I vendor.qti.bluetooth@1.0-uart_transport: Init:send out poweron signal
03-25 01:10:40.833   749  2486 D vendor.qti.bluetooth@1.0-uart_transport: userial clock off
03-25 01:10:40.833  1179  1294 V C2Store : in init
03-25 01:10:40.833  1179  1294 V C2Store : loading dll
03-25 01:10:40.833   749  2486 I vendor.qti.bluetooth@1.0-uart_transport: DeInitTransport: Transport is being closed!
03-25 01:10:40.833   749  2486 I vendor.qti.bluetooth@1.0-uart_transport: InitTransport: opening /dev/ttyHS0
03-25 01:10:40.834   749  2486 D vendor.qti.bluetooth@1.0-uart_transport: userial clock on
03-25 01:10:40.834   749  2486 I vendor.qti.bluetooth@1.0-uart_transport: InitTransport: HW flow control enabled
03-25 01:10:40.834   749  2486 I vendor.qti.bluetooth@1.0-uart_transport: GetBaudRate: Current Baudrate = 115200 bps
03-25 01:10:40.834   749  2486 I vendor.qti.bluetooth@1.0-uart_transport: InitTransport: device fd = 9 open @115200 bps
03-25 01:10:40.834   749  2486 D vendor.qti.bluetooth@1.0-uart_transport: userial clock off
03-25 01:10:40.837  1179  1294 V C2Store : in ~ComponentModule
03-25 01:10:40.837  1179  1294 V C2Store : unloading dll
03-25 01:10:40.838  1179  1294 V C2Store : in init
03-25 01:10:40.838  1179  1294 V C2Store : loading dll
03-25 01:10:40.842  1179  1294 V C2Store : in ~ComponentModule
03-25 01:10:40.842  1179  1294 V C2Store : unloading dll
03-25 01:10:40.842  1179  1294 V C2Store : in init
03-25 01:10:40.842  1179  1294 V C2Store : loading dll
03-25 01:10:40.848  1179  1294 V C2Store : in ~ComponentModule
03-25 01:10:40.848  1179  1294 V C2Store : unloading dll
03-25 01:10:40.848  1179  1294 V C2Store : in init
03-25 01:10:40.848  1179  1294 V C2Store : loading dll
03-25 01:10:40.850     0     0 I icnss   : WLAN FW is ready: 0xd87
03-25 01:10:40.852  1179  1294 V C2Store : in ~ComponentModule
03-25 01:10:40.853  1179  1294 V C2Store : unloading dll
03-25 01:10:40.853  1179  1294 V C2Store : in init
03-25 01:10:40.853  1179  1294 V C2Store : loading dll
03-25 01:10:40.858     0     0 I ueventd : firmware: loading 'wlan/qca_cld/WCNSS_qcom_cfg.ini' for '/devices/virtual/firmware/wlan!qca_cld!WCNSS_qcom_cfg.ini'
03-25 01:10:40.858  1179  1294 V C2Store : in ~ComponentModule
03-25 01:10:40.858  1179  1294 V C2Store : unloading dll
03-25 01:10:40.858  1179  1294 V C2Store : in init
03-25 01:10:40.858  1179  1294 V C2Store : loading dll
03-25 01:10:40.862     0     0 I ueventd : loading /devices/virtual/firmware/wlan!qca_cld!WCNSS_qcom_cfg.ini took 4ms
03-25 01:10:40.862  1179  1294 V C2Store : in ~ComponentModule
03-25 01:10:40.862  1179  1294 V C2Store : unloading dll
03-25 01:10:40.862  1179  1294 V C2Store : in init
03-25 01:10:40.863  1179  1294 V C2Store : loading dll
03-25 01:10:40.868     0     0 E ipa3_uc_reg_rdyCB: 3131 bad parm. inout=0000000000000000
03-25 01:10:40.872  1179  1294 V C2Store : in ~ComponentModule
03-25 01:10:40.872  1179  1294 V C2Store : unloading dll
03-25 01:10:40.873  1179  1294 V C2Store : in init
03-25 01:10:40.873  1179  1294 V C2Store : loading dll
03-25 01:10:40.876  1179  1294 I C2SoftVp8Enc: setting temporal layering 0 + 0
03-25 01:10:40.877  1179  1294 V C2Store : in ~ComponentModule
03-25 01:10:40.877  1179  1294 V C2Store : unloading dll
03-25 01:10:40.877  1179  1294 V C2Store : in init
03-25 01:10:40.877  1179  1294 V C2Store : loading dll
03-25 01:10:40.882  1179  1294 V C2Store : in ~ComponentModule
03-25 01:10:40.882  1179  1294 V C2Store : unloading dll
03-25 01:10:40.882  1942  1942 D NavigationModeController: getCurrentInteractionMode: mode=2 contextUser=0
03-25 01:10:40.882  1179  1294 V C2Store : in init
03-25 01:10:40.882  1179  1294 V C2Store : loading dll
03-25 01:10:40.886  1179  1294 I C2SoftVp9Enc: setting temporal layering 0 + 0
03-25 01:10:40.886  1179  1294 V C2Store : in ~ComponentModule
03-25 01:10:40.886  1179  1294 V C2Store : unloading dll
03-25 01:10:40.888  1088  1244 D MediaCodecsXmlParser: parsing /apex/com.android.media.swcodec/etc/media_codecs.xml...
03-25 01:10:40.890  1088  1244 D MediaCodecsXmlParser: disabling c2.android.gsm.decoder
03-25 01:10:40.890  1088  1244 D MediaCodecsXmlParser: disabling c2.android.mpeg2.decoder
03-25 01:10:40.891  1088  1244 D MediaCodecsXmlParser: Cannot find 
03-25 01:10:40.892  1088  1244 D MediaCodecsXmlParser: parsing /vendor/etc/media_codecs_c2.xml...
03-25 01:10:40.895  1088  1244 D MediaCodecsXmlParser: Cannot find 
03-25 01:10:40.895  1088  1244 D MediaCodecsXmlParser: parsing /vendor/etc/media_codecs.xml...
03-25 01:10:40.896  1088  1244 D MediaCodecsXmlParser: parsing /vendor/etc/media_codecs_google_audio.xml...
03-25 01:10:40.896  1088  1244 D MediaCodecsXmlParser: parsing /vendor/etc/media_codecs_google_telephony.xml...
03-25 01:10:40.898  1067  1067 D incidentd: WorkDirectory::getReports
03-25 01:10:40.898  1088  1244 D MediaCodecsXmlParser: parsing /vendor/etc/media_codecs_google_video.xml...
03-25 01:10:40.899  1088  1244 D MediaCodecsXmlParser: parsing /vendor/etc/media_codecs_performance.xml...
03-25 01:10:40.901   790  1317 I vendor.qti.media.c2@1.0-service: missing struct descriptor #Param::CoreIndex(--002) for field mastering of struct #Param::CoreIndex(--180a)
03-25 01:10:40.901   790  1317 I QC2CompStore: Created interface(c2.qti.avc.decoder) id(0)
03-25 01:10:40.902  1088  1244 I Codec2InfoBuilder: adding type 'video/avc'
03-25 01:10:40.904   790  1317 I vendor.qti.media.c2@1.0-service: missing struct descriptor #Param::CoreIndex(--002) for field mastering of struct #Param::CoreIndex(--180a)
03-25 01:10:40.905   790  1317 I QC2CompStore: Created interface(c2.qti.avc.decoder.low_latency) id(1)
03-25 01:10:40.907   790  1317 I vendor.qti.media.c2@1.0-service: missing struct descriptor #Param::CoreIndex(--002) for field mastering of struct #Param::CoreIndex(--180a)
03-25 01:10:40.907   790  1317 I QC2CompStore: Created interface(c2.qti.avc.decoder.secure) id(2)
03-25 01:10:40.909   790  1317 I vendor.qti.media.c2@1.0-service: missing struct descriptor #Param::CoreIndex(--004) for field values of struct #Param::CoreIndex(F-12004)
03-25 01:10:40.909   790  1317 I QC2CompStore: Created interface(c2.qti.avc.encoder) id(3)
03-25 01:10:40.910  1088  1244 I Codec2InfoBuilder: adding type 'video/avc'
03-25 01:10:40.913   627  1482 W DisplayIdentification: Invalid EDID: falling back to serial number due to missing display name.
03-25 01:10:40.913   627  1482 W DisplayIdentification: Invalid EDID: falling back to ASCII text due to missing serial number.
03-25 01:10:40.914   790   790 I vendor.qti.media.c2@1.0-service: missing struct descriptor #Param::CoreIndex(--004) for field values of struct #Param::CoreIndex(F-12004)
03-25 01:10:40.914   790   790 I QC2CompStore: Created interface(c2.qti.heic.encoder) id(4)
03-25 01:10:40.916   790  1317 I vendor.qti.media.c2@1.0-service: missing struct descriptor #Param::CoreIndex(--002) for field mastering of struct #Param::CoreIndex(--180a)
03-25 01:10:40.917   790  1317 I QC2CompStore: Created interface(c2.qti.hevc.decoder) id(5)
03-25 01:10:40.918   790   790 I vendor.qti.media.c2@1.0-service: missing struct descriptor #Param::CoreIndex(--002) for field mastering of struct #Param::CoreIndex(--180a)
03-25 01:10:40.919   790   790 I QC2CompStore: Created interface(c2.qti.hevc.decoder.secure) id(6)
03-25 01:10:40.921   790  2538 I vendor.qti.media.c2@1.0-service: missing struct descriptor #Param::CoreIndex(--004) for field values of struct #Param::CoreIndex(F-12004)
03-25 01:10:40.921   790  2538 I QC2CompStore: Created interface(c2.qti.hevc.encoder) id(7)
03-25 01:10:40.923   790  2540 I vendor.qti.media.c2@1.0-service: missing struct descriptor #Param::CoreIndex(--004) for field values of struct #Param::CoreIndex(F-12004)
03-25 01:10:40.923   790  2540 I QC2CompStore: Created interface(c2.qti.hevc.encoder.cq) id(8)
03-25 01:10:40.925   790  2541 I vendor.qti.media.c2@1.0-service: missing struct descriptor #Param::CoreIndex(--002) for field mastering of struct #Param::CoreIndex(--180a)
03-25 01:10:40.925   790  2541 I QC2CompStore: Created interface(c2.qti.vp8.decoder) id(9)
03-25 01:10:40.927   790   790 I vendor.qti.media.c2@1.0-service: missing struct descriptor #Param::CoreIndex(--004) for field values of struct #Param::CoreIndex(F-12004)
03-25 01:10:40.927   790   790 I QC2CompStore: Created interface(c2.qti.vp8.encoder) id(10)
03-25 01:10:40.929   790  2540 I vendor.qti.media.c2@1.0-service: missing struct descriptor #Param::CoreIndex(--002) for field mastering of struct #Param::CoreIndex(--180a)
03-25 01:10:40.929   790  2540 I QC2CompStore: Created interface(c2.qti.vp9.decoder) id(11)
03-25 01:10:40.931   790  2538 I vendor.qti.media.c2@1.0-service: missing struct descriptor #Param::CoreIndex(--002) for field mastering of struct #Param::CoreIndex(--180a)
03-25 01:10:40.931   790  2538 I QC2CompStore: Created interface(c2.qti.vp9.decoder.secure) id(12)
03-25 01:10:40.931  1942  1942 W System  : ClassLoader referenced unknown path: 
03-25 01:10:40.933  1179  1294 V C2Store : in init
03-25 01:10:40.933  1179  1294 V C2Store : loading dll
03-25 01:10:40.934   749  2486 D vendor.qti.bluetooth@1.0-power_manager: CheckSwCtrl: Check SW_CTRL & save value in kernel
03-25 01:10:40.934   749  2486 D vendor.qti.bluetooth@1.0-power_manager: CheckSwCtrl: ioctl failed to check for SW_CTRL with ret :-1 error =(Invalid argument)
03-25 01:10:40.934   749  2486 D vendor.qti.bluetooth@1.0-patch_dl_manager: PatchDLManager
03-25 01:10:40.935   749  2486 D vendor.qti.bluetooth@1.0-ibs_handler: IbsHandler
03-25 01:10:40.935   749  2486 D vendor.qti.bluetooth@1.0-ibs_handler: InitInt: tty_fd = 9
03-25 01:10:40.935   749  2486 E vendor.qti.bluetooth@1.0-bluetooth_address: fetch_persist_bdaddr: 1d:7d:b3
03-25 01:10:40.935   749  2486 I vendor.qti.bluetooth@1.0-uart_transport: ## userial_vendor_ioctl: UART Flow On 
03-25 01:10:40.935   749  2486 I vendor.qti.bluetooth@1.0-patch_dl_manager: Wipower not enabled
03-25 01:10:40.935   749  2486 I vendor.qti.bluetooth@1.0-patch_dl_manager:  SocInit 
03-25 01:10:40.935   749  2486 D vendor.qti.bluetooth@1.0-patch_dl_manager: PatchVerReq: Sending Get Version CMD to SOC
03-25 01:10:40.935   749  2486 D vendor.qti.bluetooth@1.0-patch_dl_manager: HciSendVsCmd: Get Version Cmd sent to SOC
03-25 01:10:40.937  1088  1244 I Codec2InfoBuilder: adding type 'audio/mp4a-latm'
03-25 01:10:40.939   749  2486 I vendor.qti.bluetooth@1.0-patch_dl_manager: 	 Current Product ID		: 0x0000000a
03-25 01:10:40.939   749  2486 I vendor.qti.bluetooth@1.0-patch_dl_manager: 	 Current Patch Version		: 0x6699
03-25 01:10:40.939   749  2486 I vendor.qti.bluetooth@1.0-patch_dl_manager: 	 Current ROM Build Version	: 0x1001
03-25 01:10:40.939   749  2486 I vendor.qti.bluetooth@1.0-patch_dl_manager: 	 Current SOC Version		: 0x40010224
03-25 01:10:40.939   749  2486 E vendor.qti.bluetooth@1.0-power_manager: 
03-25 01:10:40.939   749  2486 E vendor.qti.bluetooth@1.0-power_manager: bt soc version  (1073807908)
03-25 01:10:40.939     0     0 E bt_ioctl: BT_CMD_CHIP_VERS soc_version:40010224
03-25 01:10:40.939   749  2486 E vendor.qti.bluetooth@1.0-patch_dl_manager: PatchVerReq: rsp[CMD_RSP_OFFSET] = 0 ,  rsp[RSP_TYPE_OFFSET] = 2
03-25 01:10:40.939   749  2486 D vendor.qti.bluetooth@1.0-patch_dl_manager: ReadHciEvent: Expected CC
03-25 01:10:40.939   749  2486 I vendor.qti.bluetooth@1.0-patch_dl_manager: SocInit: Chipset Version (0x40010224000a1001)
03-25 01:10:40.940  1179  1295 V C2Store : in init
03-25 01:10:40.940  1179  1295 V C2Store : loading dll
03-25 01:10:40.940   749  2486 I vendor.qti.bluetooth@1.0-uart_transport: ## userial_vendor_ioctl: UART Flow Off 
03-25 01:10:40.943  1179  1294 V C2Store : in ~ComponentModule
03-25 01:10:40.943  1179  1294 V C2Store : unloading dll
03-25 01:10:40.943  1088  1244 I Codec2InfoBuilder: adding type 'audio/mp4a-latm'
03-25 01:10:40.946  1179  1295 V C2Store : in ~ComponentModule
03-25 01:10:40.946  1179  1295 V C2Store : unloading dll
03-25 01:10:40.946  1179  1179 V C2Store : in init
03-25 01:10:40.946  1179  1179 V C2Store : loading dll
03-25 01:10:40.952  1088  1244 I Codec2InfoBuilder: adding type 'audio/3gpp'
03-25 01:10:40.953  1179  2547 V C2Store : in init
03-25 01:10:40.953  1179  2547 V C2Store : loading dll
03-25 01:10:40.956  1088  1244 I Codec2InfoBuilder: adding type 'audio/3gpp'
03-25 01:10:40.956  1179  1179 V C2Store : in ~ComponentModule
03-25 01:10:40.956  1179  1179 V C2Store : unloading dll
03-25 01:10:40.956  1179  1294 V C2Store : in init
03-25 01:10:40.956  1179  1294 V C2Store : loading dll
03-25 01:10:40.957  1179  2547 V C2Store : in ~ComponentModule
03-25 01:10:40.957  1179  2547 V C2Store : unloading dll
03-25 01:10:40.960  1088  1244 I Codec2InfoBuilder: adding type 'audio/amr-wb'
03-25 01:10:40.960  1179  2549 V C2Store : in ~ComponentModule
03-25 01:10:40.960  1179  2549 V C2Store : unloading dll
03-25 01:10:40.960  1179  2547 V C2Store : in init
03-25 01:10:40.960  1179  2547 V C2Store : loading dll
03-25 01:10:40.961   749  2486 I vendor.qti.bluetooth@1.0-uart_transport: ## userial_vendor_set_baud: 17
03-25 01:10:40.961   749  2486 I vendor.qti.bluetooth@1.0-uart_transport: SetBaudRate: in BOTHER
03-25 01:10:40.961   749  2486 I vendor.qti.bluetooth@1.0-uart_transport: GetBaudRate: Current Baudrate = 3200000 bps
03-25 01:10:40.961   749  2486 I vendor.qti.bluetooth@1.0-uart_transport: ## userial_vendor_ioctl: UART Flow On 
03-25 01:10:40.961   749  2486 D vendor.qti.bluetooth@1.0-patch_dl_manager: ReadHciEvent: Expected CC
03-25 01:10:40.961   749  2486 I vendor.qti.bluetooth@1.0-patch_dl_manager: SocInit: Baud rate changed successfully 
03-25 01:10:40.961   749  2486 E vendor.qti.bluetooth@1.0-patch_dl_manager: /bt_firmware/image/crbtfw21.tlv File Open Fail No such file or directory (2)
03-25 01:10:40.961   749  2486 I vendor.qti.bluetooth@1.0-patch_dl_manager: File open /vendor/bt_firmware/image/crbtfw21.tlv succeeded
03-25 01:10:40.963  1088  1244 I Codec2InfoBuilder: adding type 'audio/amr-wb'
03-25 01:10:40.963  1179  1294 V C2Store : in init
03-25 01:10:40.963  1179  2549 V C2Store : in ~ComponentModule
03-25 01:10:40.963   749  2486 I vendor.qti.bluetooth@1.0-patch_dl_manager: bluetooth region[] is_in_China[1]
03-25 01:10:40.963  1179  2549 V C2Store : unloading dll
03-25 01:10:40.963  1179  1294 V C2Store : loading dll
03-25 01:10:40.963   749  2486 I vendor.qti.bluetooth@1.0-patch_dl_manager: ====================================================
03-25 01:10:40.963   749  2486 I vendor.qti.bluetooth@1.0-patch_dl_manager: TLV Type			 : 0x1
03-25 01:10:40.963   749  2486 I vendor.qti.bluetooth@1.0-patch_dl_manager: Length			 : 229808 bytes
03-25 01:10:40.963   749  2486 I vendor.qti.bluetooth@1.0-patch_dl_manager: Total Length			 : 229552 bytes
03-25 01:10:40.963   749  2486 I vendor.qti.bluetooth@1.0-patch_dl_manager: Patch Data Length			 : 229528 bytes
03-25 01:10:40.963   749  2486 I vendor.qti.bluetooth@1.0-patch_dl_manager: Signing Format Version	 : 0x1
03-25 01:10:40.964   749  2486 I vendor.qti.bluetooth@1.0-patch_dl_manager: Signature Algorithm		 : 0x2
03-25 01:10:40.964   749  2486 I vendor.qti.bluetooth@1.0-patch_dl_manager: Event Handling			 : 0x3
03-25 01:10:40.964   749  2486 I vendor.qti.bluetooth@1.0-patch_dl_manager: Reserved			 : 0x0
03-25 01:10:40.964   749  2486 I vendor.qti.bluetooth@1.0-patch_dl_manager: Product ID			 : 0x000a
03-25 01:10:40.964   749  2486 I vendor.qti.bluetooth@1.0-patch_dl_manager: Rom Build Version		 : 0x0201
03-25 01:10:40.964   749  2486 I vendor.qti.bluetooth@1.0-patch_dl_manager: Patch Version		 : 0x0002
03-25 01:10:40.964   749  2486 I vendor.qti.bluetooth@1.0-patch_dl_manager: Reserved			 : 0x8000
03-25 01:10:40.964   749  2486 I vendor.qti.bluetooth@1.0-patch_dl_manager: Patch Entry Address		 : 0x209e4
03-25 01:10:40.964   749  2486 I vendor.qti.bluetooth@1.0-patch_dl_manager: ====================================================
03-25 01:10:40.964   749  2486 I vendor.qti.bluetooth@1.0-patch_dl_manager: TlvDnldReq: TLV size: 229812, Total Seg num: 945, remain size: 177
03-25 01:10:40.964   749  2486 I vendor.qti.bluetooth@1.0-patch_dl_manager: Event handling type: SKIP_EVT_VSE_CC
03-25 01:10:40.965  1182  1237 I cnss-daemon: WLPS service connected
03-25 01:10:40.966  1088  1244 I Codec2InfoBuilder: adding type 'video/av01'
03-25 01:10:40.967  1179  1294 V C2Store : in ~ComponentModule
03-25 01:10:40.967  1179  1294 V C2Store : unloading dll
03-25 01:10:40.967  1179  1294 V C2Store : in init
03-25 01:10:40.967  1179  1294 V C2Store : loading dll
03-25 01:10:40.970  1088  1244 I Codec2InfoBuilder: adding type 'video/avc'
03-25 01:10:40.971  2290  2550 I chatty  : uid=1001(radio) AsyncTask #1 expire 1 line
03-25 01:10:40.972  1179  2547 V C2Store : in ~ComponentModule
03-25 01:10:40.972  1179  2547 V C2Store : unloading dll
03-25 01:10:40.973  1179  2547 V C2Store : in init
03-25 01:10:40.973  1179  2547 V C2Store : loading dll
03-25 01:10:40.974  1179  2547 I mediaswcodec: missing struct descriptor #Param::CoreIndex(--004) for field values of struct #Param::CoreIndex(F-12004)
03-25 01:10:40.975  1179  2547 I mediaswcodec: missing struct descriptor #Param::CoreIndex(--004) for field values of struct #Param::CoreIndex(F-12004)
03-25 01:10:40.976  1088  1244 I Codec2InfoBuilder: adding type 'video/avc'
03-25 01:10:40.977  1179  1294 V C2Store : in init
03-25 01:10:40.977  1179  1294 V C2Store : loading dll
03-25 01:10:40.978  1179  1295 V C2Store : in ~ComponentModule
03-25 01:10:40.978  1179  1295 V C2Store : unloading dll
03-25 01:10:40.980  1088  1244 I Codec2InfoBuilder: adding type 'audio/flac'
03-25 01:10:40.980  1179  1295 V C2Store : in init
03-25 01:10:40.980  1179  1295 V C2Store : loading dll
03-25 01:10:40.981  1179  1294 V C2Store : in ~ComponentModule
03-25 01:10:40.981  1179  1294 V C2Store : unloading dll
03-25 01:10:40.984  1942  1942 D NavigationModeController: getCurrentInteractionMode: mode=2 contextUser=0
03-25 01:10:40.986  1088  1244 I Codec2InfoBuilder: adding type 'audio/flac'
03-25 01:10:40.986  1179  1294 V C2Store : in init
03-25 01:10:40.986  1179  1294 V C2Store : loading dll
03-25 01:10:40.987   894   894 I mi_thermald: generic device parse failed
03-25 01:10:40.987  1179  2547 V C2Store : in ~ComponentModule
03-25 01:10:40.987  1179  2547 V C2Store : unloading dll
03-25 01:10:40.987  1088  1244 I Codec2InfoBuilder: adding type 'audio/g711-alaw'
03-25 01:10:40.988  1179  1294 V C2Store : in ~ComponentModule
03-25 01:10:40.988  1179  1294 V C2Store : unloading dll
03-25 01:10:40.988  1179  1295 V C2Store : in init
03-25 01:10:40.988  1179  1295 V C2Store : loading dll
03-25 01:10:40.990  1088  1244 I Codec2InfoBuilder: adding type 'audio/g711-mlaw'
03-25 01:10:40.991  1179  2553 V C2Store : in init
03-25 01:10:40.991  1179  2553 V C2Store : loading dll
03-25 01:10:40.991  1179  2547 V C2Store : in ~ComponentModule
03-25 01:10:40.991  1179  2547 V C2Store : unloading dll
03-25 01:10:40.992  1088  1244 D Codec2InfoBuilder: codec entry for 'c2.android.gsm.decoder' is disabled
03-25 01:10:40.992  1179  1294 V C2Store : in init
03-25 01:10:40.992  1179  2547 V C2Store : in ~ComponentModule
03-25 01:10:40.992  1179  1294 V C2Store : loading dll
03-25 01:10:40.992  1179  2547 V C2Store : unloading dll
03-25 01:10:40.993  1088  1244 I Codec2InfoBuilder: adding type 'video/3gpp'
03-25 01:10:40.994  1179  2553 V C2Store : in init
03-25 01:10:40.994  1179  2553 V C2Store : loading dll
03-25 01:10:40.994  1179  2547 V C2Store : in ~ComponentModule
03-25 01:10:40.994  1179  2547 V C2Store : unloading dll
03-25 01:10:40.995  1088  1244 I Codec2InfoBuilder: adding type 'video/3gpp'
03-25 01:10:40.995  1179  2549 V C2Store : in init
03-25 01:10:40.995  1179  2549 V C2Store : loading dll
03-25 01:10:40.995  1179  2547 V C2Store : in ~ComponentModule
03-25 01:10:40.995  1179  2547 V C2Store : unloading dll
03-25 01:10:40.996  1088  1244 I Codec2InfoBuilder: adding type 'video/hevc'
03-25 01:10:40.996  1179  2549 V C2Store : in init
03-25 01:10:40.996  1179  2549 V C2Store : loading dll
03-25 01:10:40.997  1179  2549 I mediaswcodec: missing struct descriptor #Param::CoreIndex(--004) for field values of struct #Param::CoreIndex(F-12004)
03-25 01:10:40.997  1179  2549 D C2SoftHevcEnc: Given level 6000 does not cover current configuration: adjusting to 6001
03-25 01:10:40.997  1179  2549 I mediaswcodec: missing struct descriptor #Param::CoreIndex(--004) for field values of struct #Param::CoreIndex(F-12004)
03-25 01:10:40.997  1179  2549 D C2SoftHevcEnc: Given level 6000 does not cover current configuration: adjusting to 6001
03-25 01:10:40.998  1088  1244 I Codec2InfoBuilder: adding type 'video/hevc'
03-25 01:10:40.998     0     0 E cnss_utils: WLAN MAC address is not set, type 0
