03-25 01:10:41.529  1942  1942 W Resources: 	at android.view.ViewRootImpl.doTraversal(ViewRootImpl.java:1948)
03-25 01:10:41.529  1942  1942 W Resources: 	at android.view.ViewRootImpl$TraversalRunnable.run(ViewRootImpl.java:8182)
03-25 01:10:41.529  1942  1942 W Resources: 	at android.view.Choreographer$CallbackRecord.run(Choreographer.java:972)
03-25 01:10:41.529  1942  1942 W Resources: 	at android.view.Choreographer.doCallbacks(Choreographer.java:796)
03-25 01:10:41.529  1942  1942 W Resources: 	at android.view.Choreographer.doFrame(Choreographer.java:731)
03-25 01:10:41.529  1942  1942 W Resources: 	at android.view.Choreographer$FrameDisplayEventReceiver.run(Choreographer.java:957)
03-25 01:10:41.529  1942  1942 W Resources: 	at android.os.Handler.handleCallback(Handler.java:938)
03-25 01:10:41.529  1942  1942 W Resources: 	at android.os.Handler.dispatchMessage(Handler.java:99)
03-25 01:10:41.529  1942  1942 W Resources: 	at android.os.Looper.loop(Looper.java:223)
03-25 01:10:41.529  1942  1942 W Resources: 	at android.app.ActivityThread.main(ActivityThread.java:7660)
03-25 01:10:41.529  1942  1942 W Resources: 	at java.lang.reflect.Method.invoke(Native Method)
03-25 01:10:41.529  1942  1942 W Resources: 	at com.android.internal.os.RuntimeInit$MethodAndArgsCaller.run(RuntimeInit.java:594)
03-25 01:10:41.529  1942  1942 W Resources: 	at com.android.internal.os.ZygoteInit.main(ZygoteInit.java:947)
03-25 01:10:41.565  1431  1448 D TelephonyRegistryManager: onSubscriptionsChangedListener callback received.
03-25 01:10:41.565  1431  1448 D TelephonyRegistryManager: onSubscriptionsChangedListener callback received.
03-25 01:10:41.566  1942  1971 D TelephonyRegistryManager: onSubscriptionsChangedListener callback received.
03-25 01:10:41.566  2290  2611 I chatty  : uid=1001(radio) Binder:2290_7 expire 2 lines
03-25 01:10:41.962     0     0 I [ELUS]  : (device_open) : Opened device elliptic0
03-25 01:10:41.965     0     0 E [ELUS]  : process_version_msg() size:460
03-25 01:10:41.966     0     0 E [ELUS]  : process_branch_msg() size:460
03-25 01:10:41.966     0     0 E [ELUS]  : process_tag_msg() size:460
03-25 01:10:41.971     0     0 E [ELUS]  : (elliptic_ultrasound_rx_port_set) : ultrasound_rx_port: enable=0 ret=0
03-25 01:10:42.056     0     0 E [ELUS]  : process_diagnostics_msg() size:460
03-25 01:10:42.057     0     0 E [ELUS]  : (elliptic_ultrasound_rx_port_set) : ultrasound_rx_port: enable=0 ret=0
03-25 01:10:42.124     0     0 I [ELUS]  : (elliptic_data_print_debug_counters) : total isr fifo discarded frame count : 0
03-25 01:10:42.124     0     0 I [ELUS]  : (device_close) : Closed device elliptic0
03-25 01:10:42.124     0     0 I [ELUS]  : (device_open) : Opened device elliptic0
03-25 01:10:42.125   746  1711 D audio_route: Apply path: ultrasound-proximity
03-25 01:10:42.125  1942  1942 V KeyguardUpdateMonitor: onSubscriptionInfoChanged()
03-25 01:10:42.126   746  1711 D ultrasound_extn: ultrasound_start: audio_route_apply_and_update_path err:0
03-25 01:10:42.126   746  1711 D ultrasound_extn: ultrasound_enable_pseudo_port
03-25 01:10:42.126   746  1711 D ultrasound_extn: ultrasound_set_pseudo_port_state: on is 1 adev->mode is 0
03-25 01:10:42.126   746  1711 D ultrasound_extn: ultrasound_set_pseudo_port_state: enter, switch = On
03-25 01:10:42.126   746  1711 D audio_route: Apply path: ultrasound-on
03-25 01:10:42.128  1942  1942 W KeyguardUpdateMonitor: invalid subId in handleServiceStateChange()
03-25 01:10:42.129     0     0 E [ELUS]  : (elliptic_ultrasound_rx_port_set) : ultrasound_rx_port: enable=0 ret=0
03-25 01:10:42.129   746  1711 D ultrasound_extn: ultrasound_start_tx: enter
03-25 01:10:42.129   746  1711 D hardware_info: hw_info_append_hw_type : device_name = ultrasound-input
03-25 01:10:42.129   746  1711 D msm8974_platform: platform_split_snd_device: snd_device(278) num devices(0) new_snd_devices(0)
03-25 01:10:42.129   746  1711 D audio_hw_primary: enable_snd_device: snd_device(278: ultrasound-input)
03-25 01:10:42.129   746  1711 D msm8974_platform: platform_get_island_cfg_on_device:island cfg status on snd_device = (ultrasound-input 0)
03-25 01:10:42.129   746  1711 D audio_route: Apply path: ultrasound-input
03-25 01:10:42.133  1431  1870 D WifiCountryCode: Country code changed
03-25 01:10:42.133  1431  1870 D WifiCountryCode: Set telephony country code to: 
03-25 01:10:42.134  1431  1870 D WifiCountryCode: Reading country code from telephony
03-25 01:10:42.134  1431  1870 D WifiCountryCode: Set telephony country code to: 
03-25 01:10:42.134  1431  1870 D WifiCountryCode: updateCountryCode to null
03-25 01:10:42.135   746  1711 D audio_hw_utils: audio_extn_utils_send_app_type_cfg: usecase->in_snd_device ultrasound-input
03-25 01:10:42.136   746  1711 E voice   : voice_is_in_call_rec_stream: input stream is NULL
03-25 01:10:42.136   746  1711 D msm8974_platform: platform_split_snd_device: snd_device(278) num devices(0) new_snd_devices(0)
03-25 01:10:42.136   746  1711 E audio_hw_utils: send_app_type_cfg_for_device: Could not get ctl for mixer cmd - Audio Stream Capture 37 App Type Cfg
03-25 01:10:42.136   746  1711 D audio_hw_primary: enable_audio_route: apply mixer and update path: ultrasound-proximity-input
03-25 01:10:42.136   746  1711 D audio_route: Apply path: ultrasound-proximity-input
03-25 01:10:42.136   746  1711 D ultrasound_extn: ultrasound_start_tx: pcm device id 37
03-25 01:10:42.139  1431  1870 D WifiCountryCode: Country code changed
03-25 01:10:42.139  1431  1870 D WifiCountryCode: Set telephony country code to: 
03-25 01:10:42.139  1431  1870 D WifiCountryCode: Reading country code from telephony
03-25 01:10:42.140  1431  1870 D WifiCountryCode: Set telephony country code to: 
03-25 01:10:42.141  1431  1870 D WifiCountryCode: updateCountryCode to null
03-25 01:10:42.141  1942  1942 V KeyguardUpdateMonitor: onSubscriptionInfoChanged()
03-25 01:10:42.156   746  1711 D ultrasound_extn: ultrasound_start_tx: exit - success
03-25 01:10:42.156   746  1711 D ultrasound_extn: ultrasound_start: ultrasound_start_tx err:0
03-25 01:10:42.156   746  1711 D ultrasound_extn: ultrasound_start_rx: enter
03-25 01:10:42.156   746  1711 D ultrasound_extn: ultrasound_start_rx: RX devices:0
03-25 01:10:42.156   746  1711 D ultrasound_extn: ultrasound_check_usecases_codec_backend: Ultrasound RX usecase:(71, ultrasound-proximity-output) out_snd_device:(124, ultrasound-output)
03-25 01:10:42.156   746  1711 E msm8974_platform: platform_get_snd_device_backend_index: no hw_interface set for device 124
03-25 01:10:42.156   746  1711 I msm8974_platform: platform_check_and_set_codec_backend_cfg:becf: afe: bitwidth 24, samplerate 96000 channels 2, backend_idx 0 usecase = 71 device (ultrasound-output)
03-25 01:10:42.156   746  1711 D msm8974_platform: platform_split_snd_device: snd_device(124) num devices(1) new_snd_devices(0)
03-25 01:10:42.156   746  1711 I msm8974_platform: platform_check_and_set_codec_backend_cfg: new_snd_devices[0] is 124
03-25 01:10:42.156   746  1711 I msm8974_platform: platform_check_codec_backend_cfg:becf: afe: bitwidth 24, samplerate 96000 channels 2, backend_idx 0 usecase = 71 device (ultrasound-output)
03-25 01:10:42.156   746  1711 E device_utils: compare_device_type() The list is not initialized
03-25 01:10:42.156   746  1711 I chatty  : uid=1041(audioserver) /vendor/bin/hw/android.hardware.audio.service identical 4 lines
03-25 01:10:42.156   746  1711 E device_utils: compare_device_type() The list is not initialized
03-25 01:10:42.156   746  1711 D audio_hw_extn: audio_extn_enable_hifi_filter: mixer_value set 0
03-25 01:10:42.156   746  1711 D msm8974_platform: platform_check_codec_backend_cfg:becf: updated afe: bitwidth 24, samplerate 96000 channels 2,backend_idx 0 usecase = 71 device (ultrasound-output)
03-25 01:10:42.156   746  1711 E device_utils: compare_device_type() The list is not initialized
03-25 01:10:42.156   746  1711 E device_utils: compare_device_type() The list is not initialized
03-25 01:10:42.156   746  1711 D msm8974_platform: platform_check_codec_backend_cfg:becf: afe: playback on codec device not supporting native playback set default Sample Rate(48k)
03-25 01:10:42.156   746  1711 I msm8974_platform: platform_check_codec_backend_cfg:becf: afe: Codec selected backend: 0 updated bit width: 24 and sample rate: 48000
03-25 01:10:42.156   746  1711 D ultrasound_extn: ultrasound_check_usecases_codec_backend: Ultrasound BE is NOT in use. Rerouting NOT necessary.  rerouting:0
03-25 01:10:42.156   746  1711 E msm8974_platform: platform_check_backends_match: Invalid snd_device = 
03-25 01:10:42.156   746  1711 D ultrasound_extn: ultrasound_check_usecases_codec_backend:becf: (120) check_usecases curr device: ultrasound-output, usecase device: backends match 0
03-25 01:10:42.156   746  1711 D ultrasound_extn: ultrasound_check_usecases_codec_backend:becf: (120) check_usecases curr device: ultrasound-output, usecase device:ultrasound-output backends match 1
03-25 01:10:42.156   746  1711 D hardware_info: hw_info_append_hw_type : device_name = ultrasound-output
03-25 01:10:42.156   746  1711 D msm8974_platform: platform_split_snd_device: snd_device(124) num devices(0) new_snd_devices(0)
03-25 01:10:42.156   746  1711 D audio_hw_primary: enable_snd_device: snd_device(124: ultrasound-output)
03-25 01:10:42.156   746  1711 D msm8974_platform: platform_get_island_cfg_on_device:island cfg status on snd_device = (ultrasound-output 0)
03-25 01:10:42.157   746  1711 D audio_route: Apply path: ultrasound-output
03-25 01:10:42.157   746  1711 D audio_hw_utils: audio_extn_utils_send_app_type_cfg: usecase->out_snd_device ultrasound-output
03-25 01:10:42.158   746  1711 D msm8974_platform: platform_split_snd_device: snd_device(124) num devices(0) new_snd_devices(0)
03-25 01:10:42.158   746  1711 D msm8974_platform: platform_split_snd_device: snd_device(124) num devices(0) new_snd_devices(0)
03-25 01:10:42.158   746  1711 I msm8974_platform: platform_get_custom_mtmx_params: no matching param with id 0 ip_ch 2 op_ch 2 uc_id 71 snd_dev 124
03-25 01:10:42.158   746  1711 D audio_hw_primary: enable_audio_route: apply mixer and update path: ultrasound-proximity-output
03-25 01:10:42.158   746  1711 D audio_route: Apply path: ultrasound-proximity-output
03-25 01:10:42.158   746  1711 D ultrasound_extn: ultrasound_start_rx: pcm device id 36
03-25 01:10:42.169  1942  1942 W KeyguardUpdateMonitor: invalid subId in handleServiceStateChange()
03-25 01:10:42.174   746  1711 D ultrasound_extn: ultrasound_start_rx: exit - success
03-25 01:10:42.174   746  1711 D ultrasound_extn: ultrasound_start: ultrasound_start_rx err:0
03-25 01:10:42.174   746  1711 D ultrasound_extn: ultrasound_start: exit - success
03-25 01:10:42.174   746  1711 D ultrasound_extn: ultrasound_extn_start: exit
03-25 01:10:42.174   746  1711 V mi_ultrasound_extn: mi_ultrasound_extn_set_parameters: enter
03-25 01:10:42.174   746  1711 V mi_ultrasound_extn: mi_ultrasound_handle_screen_on_message: enter
03-25 01:10:42.174   746  1711 V mi_ultrasound_extn: mi_ultrasound_handle_screen_on_message: exit
03-25 01:10:42.174   746  1711 V mi_ultrasound_extn: mi_ultrasound_handle_sensor_fusion_message: enter
03-25 01:10:42.174   746  1711 V mi_ultrasound_extn: mi_ultrasound_handle_sensor_fusion_message: exit
03-25 01:10:42.174   746  1711 V mi_ultrasound_extn: mi_ultrasound_extn_set_parameters: usecase handling parms:
03-25 01:10:42.174   779   879 W Elliptic: ioNotify.h(78) : W : AudioNotify: enable >> ultrasound-proximity=1
03-25 01:10:42.178  1919  2094 I chatty  : uid=1002(bluetooth) BT Service Call expire 22 lines
03-25 01:10:42.184  1919  2676 I chatty  : uid=1002(bluetooth) btif_sock expire 1 line
03-25 01:10:42.192  1919  2037 I chatty  : uid=1002(bluetooth) AdapterState expire 7 lines
03-25 01:10:42.198  1919  2168 I chatty  : uid=1002(bluetooth) BluetoothActive expire 1 line
03-25 01:10:42.201  1919  1919 I chatty  : uid=1002(bluetooth) com.android.bluetooth expire 34 lines
03-25 01:10:42.205  1919  1940 I chatty  : uid=1002(bluetooth) Binder:1919_3 expire 2 lines
03-25 01:10:42.205  1431  2615 D TelephonyRegistryManager: onSubscriptionsChangedListener callback received.
03-25 01:10:42.206  1431  2615 D TelephonyRegistryManager: onSubscriptionsChangedListener callback received.
03-25 01:10:42.206  1942  1971 D TelephonyRegistryManager: onSubscriptionsChangedListener callback received.
03-25 01:10:42.207  1942  2514 D TelephonyRegistryManager: onSubscriptionsChangedListener callback received.
03-25 01:10:42.207  2290  2667 I chatty  : uid=1001(radio) Binder:2290_9 expire 3 lines
03-25 01:10:42.207  1919  2678 I chatty  : uid=1002(bluetooth) e.StateMachines expire 6 lines
03-25 01:10:42.208  1942  1942 V KeyguardUpdateMonitor: action android.intent.action.SIM_STATE_CHANGED state: NOT_READY slotId: 0 subid: -1
03-25 01:10:42.208  1431  1867 W BestClock: java.time.DateTimeException: Missing NTP fix
03-25 01:10:42.209  1431  1867 W BestClock: java.time.DateTimeException: Missing NTP fix
03-25 01:10:42.210  1431  1431 D BluetoothA2dp: Proxy object connected
03-25 01:10:42.211  1431  1431 D BluetoothA2dp: Proxy object connected
03-25 01:10:42.211  1431  1431 D BluetoothA2dp: Proxy object connected
03-25 01:10:42.216  1431  1431 D WifiService: resetting networks because SIM was removed
03-25 01:10:42.216  1431  1870 D WifiClientModeImpl: resetting EAP-SIM/AKA/AKA' networks since SIM was changed
03-25 01:10:42.216  1431  1870 W WifiNetworkSuggestionsManager: SIM state is changed!
03-25 01:10:42.219   746   843 I BTAudioProvidersFactory: getProviderCapabilities - SessionType=A2DP_HARDWARE_OFFLOAD_DATAPATH supports 5 codecs
03-25 01:10:42.223  1431  1870 D WifiConfigStore: Writing to stores completed in 4 ms.
03-25 01:10:42.225  1942  1942 D KeyguardUpdateMonitor: handleSimStateChange(subId=-1, slotId=0, state=0)
03-25 01:10:42.225  1942  1942 W KeyguardUpdateMonitor: invalid subId in handleSimStateChange()
03-25 01:10:42.225  1942  1942 V KeyguardUpdateMonitor: action android.intent.action.SIM_STATE_CHANGED state: ABSENT slotId: 1 subid: -1
03-25 01:10:42.232  1919  1919 I a2dp_codec: init: updated LDAC codec priority to 5001
03-25 01:10:42.232  1919  1919 D a2dp_codec: createCodec: codec UNKNOWN CODEC INDEX
03-25 01:10:42.232  1919  1919 D a2dp_codec: createCodec: codec SBC SINK
03-25 01:10:42.232  1919  1919 D a2dp_codec: createCodec: codec AAC SINK
03-25 01:10:42.232  1919  1919 D a2dp_codec: createCodec: codec LDAC SINK
03-25 01:10:42.233  1919  1919 E a2dp_vendor_ldac_decoder: A2DP_VendorLoadDecoderLdac: cannot open LDAC decoder library libldacBT_bco.so: dlopen failed: library "libldacBT_bco.so" not found
03-25 01:10:42.233  1919  1919 E a2dp_vendor_ldac: init: cannot load the decoder
03-25 01:10:42.233  1919  1919 I a2dp_codec: init: initialized Source codec LDAC
03-25 01:10:42.233  1919  1919 I a2dp_codec: init: initialized Source codec aptX-HD
03-25 01:10:42.233  1919  1919 I a2dp_codec: init: initialized Source codec aptX
03-25 01:10:42.233  1919  1919 I a2dp_codec: init: initialized Source codec AAC
03-25 01:10:42.233  1919  1919 I a2dp_codec: init: initialized Source codec SBC
03-25 01:10:42.233  1919  1919 I a2dp_codec: init: initialized Sink codec AAC SINK
03-25 01:10:42.233  1919  1919 I a2dp_codec: init: initialized Sink codec SBC SINK
03-25 01:10:42.233  1919  1919 D a2dp_codec: init
03-25 01:10:42.233  1919  1919 I a2dp_codec: init: SBC offload supported
03-25 01:10:42.233  1919  1919 I a2dp_codec: init: AAC offload supported
03-25 01:10:42.233  1919  1919 I a2dp_codec: init: APTX offload supported
03-25 01:10:42.233  1919  1919 I a2dp_codec: init: APTXHD offload supported
03-25 01:10:42.233  1919  1919 I a2dp_codec: init: LDAC offload supported
03-25 01:10:42.233  1919  1919 D a2dp_codec: createCodec: codec SBC
03-25 01:10:42.233  1919  1919 I a2dp_codec: init: updated SBC codec priority to 1001
03-25 01:10:42.233  1919  1919 D a2dp_codec: createCodec: codec AAC
03-25 01:10:42.233  1919  1919 I a2dp_codec: init: updated AAC codec priority to 2001
03-25 01:10:42.233  1919  1919 D a2dp_codec: createCodec: codec aptX
03-25 01:10:42.233  1919  1919 I a2dp_codec: init: updated aptX codec priority to 3001
03-25 01:10:42.233  1919  1919 D a2dp_codec: createCodec: codec aptX-HD
03-25 01:10:42.233  1919  1919 I a2dp_codec: init: updated aptX-HD codec priority to 4001
03-25 01:10:42.233  1919  1919 D a2dp_codec: createCodec: codec UNKNOWN CODEC INDEX
03-25 01:10:42.233  1919  1919 D a2dp_codec: createCodec: codec LDAC
03-25 01:10:42.233  1919  1919 I a2dp_codec: init: updated LDAC codec priority to 5001
03-25 01:10:42.233  1919  1919 D a2dp_codec: createCodec: codec UNKNOWN CODEC INDEX
03-25 01:10:42.233  1919  1919 D a2dp_codec: createCodec: codec SBC SINK
03-25 01:10:42.233  1919  1919 D a2dp_codec: createCodec: codec AAC SINK
03-25 01:10:42.233  1919  1919 D a2dp_codec: createCodec: codec LDAC SINK
03-25 01:10:42.234  1919  1919 E a2dp_vendor_ldac_decoder: A2DP_VendorLoadDecoderLdac: cannot open LDAC decoder library libldacBT_bco.so: dlopen failed: library "libldacBT_bco.so" not found
03-25 01:10:42.234  1919  1919 E a2dp_vendor_ldac: init: cannot load the decoder
03-25 01:10:42.234  1919  1919 I a2dp_codec: init: initialized Source codec LDAC
03-25 01:10:42.234  1919  1919 I a2dp_codec: init: initialized Source codec aptX-HD
03-25 01:10:42.234  1919  1919 I a2dp_codec: init: initialized Source codec aptX
03-25 01:10:42.234  1919  1919 I a2dp_codec: init: initialized Source codec AAC
03-25 01:10:42.234  1919  1919 I a2dp_codec: init: initialized Source codec SBC
03-25 01:10:42.234  1919  1919 I a2dp_codec: init: initialized Sink codec AAC SINK
03-25 01:10:42.234  1919  1919 I a2dp_codec: init: initialized Sink codec SBC SINK
03-25 01:10:42.234  1919  1919 D a2dp_codec: init
03-25 01:10:42.234  1919  1919 I a2dp_codec: init: SBC offload supported
03-25 01:10:42.234  1919  1919 I a2dp_codec: init: AAC offload supported
03-25 01:10:42.234  1919  1919 I a2dp_codec: init: APTX offload supported
03-25 01:10:42.234  1919  1919 I a2dp_codec: init: APTXHD offload supported
03-25 01:10:42.234  1919  1919 I a2dp_codec: init: LDAC offload supported
03-25 01:10:42.234  1919  1919 D a2dp_codec: createCodec: codec SBC
03-25 01:10:42.234  1919  1919 I a2dp_codec: init: updated SBC codec priority to 1001
03-25 01:10:42.234  1919  1919 D a2dp_codec: createCodec: codec AAC
03-25 01:10:42.234  1919  1919 I a2dp_codec: init: updated AAC codec priority to 2001
03-25 01:10:42.234  1919  1919 D a2dp_codec: createCodec: codec aptX
03-25 01:10:42.235  1919  1919 I a2dp_codec: init: updated aptX codec priority to 3001
03-25 01:10:42.235  1919  1919 D a2dp_codec: createCodec: codec aptX-HD
03-25 01:10:42.235  1919  1919 I a2dp_codec: init: updated aptX-HD codec priority to 4001
03-25 01:10:42.235  1919  1919 D a2dp_codec: createCodec: codec UNKNOWN CODEC INDEX
03-25 01:10:42.235  1919  1919 D a2dp_codec: createCodec: codec LDAC
03-25 01:10:42.235  1919  1919 I a2dp_codec: init: updated LDAC codec priority to 5001
03-25 01:10:42.235  1919  1919 D a2dp_codec: createCodec: codec UNKNOWN CODEC INDEX
03-25 01:10:42.235  1919  1919 D a2dp_codec: createCodec: codec SBC SINK
03-25 01:10:42.235  1919  1919 D a2dp_codec: createCodec: codec AAC SINK
03-25 01:10:42.235  1919  1919 D a2dp_codec: createCodec: codec LDAC SINK
03-25 01:10:42.235  1942  1942 V KeyguardUpdateMonitor: onSubscriptionInfoChanged()
03-25 01:10:42.235  1919  1919 E a2dp_vendor_ldac_decoder: A2DP_VendorLoadDecoderLdac: cannot open LDAC decoder library libldacBT_bco.so: dlopen failed: library "libldacBT_bco.so" not found
03-25 01:10:42.236  1919  1919 E a2dp_vendor_ldac: init: cannot load the decoder
03-25 01:10:42.236  1919  1919 I a2dp_codec: init: initialized Source codec LDAC
03-25 01:10:42.236  1919  1919 I a2dp_codec: init: initialized Source codec aptX-HD
03-25 01:10:42.236  1919  1919 I a2dp_codec: init: initialized Source codec aptX
03-25 01:10:42.236  1919  1919 I a2dp_codec: init: initialized Source codec AAC
03-25 01:10:42.236  1919  1919 I a2dp_codec: init: initialized Source codec SBC
03-25 01:10:42.236  1919  1919 I a2dp_codec: init: initialized Sink codec AAC SINK
03-25 01:10:42.236  1919  1919 I a2dp_codec: init: initialized Sink codec SBC SINK
03-25 01:10:42.236  1919  1919 D a2dp_codec: init
03-25 01:10:42.236  1919  1919 I a2dp_codec: init: SBC offload supported
03-25 01:10:42.236  1919  1919 I a2dp_codec: init: AAC offload supported
03-25 01:10:42.236  1919  1919 I a2dp_codec: init: APTX offload supported
03-25 01:10:42.236  1919  1919 I a2dp_codec: init: APTXHD offload supported
03-25 01:10:42.236  1919  1919 I a2dp_codec: init: LDAC offload supported
03-25 01:10:42.236  1919  1919 D a2dp_codec: createCodec: codec SBC
03-25 01:10:42.236  1919  1919 I a2dp_codec: init: updated SBC codec priority to 1001
03-25 01:10:42.236  1919  1919 D a2dp_codec: createCodec: codec AAC
03-25 01:10:42.236  1919  1919 I a2dp_codec: init: updated AAC codec priority to 2001
03-25 01:10:42.236  1919  1919 D a2dp_codec: createCodec: codec aptX
03-25 01:10:42.236  1919  1919 I a2dp_codec: init: updated aptX codec priority to 3001
03-25 01:10:42.236  1919  1919 D a2dp_codec: createCodec: codec aptX-HD
03-25 01:10:42.236  1919  1919 I a2dp_codec: init: updated aptX-HD codec priority to 4001
03-25 01:10:42.236  1919  1919 D a2dp_codec: createCodec: codec UNKNOWN CODEC INDEX
03-25 01:10:42.236  1919  1919 D a2dp_codec: createCodec: codec LDAC
03-25 01:10:42.236  1919  1919 I a2dp_codec: init: updated LDAC codec priority to 5001
03-25 01:10:42.236  1919  1919 D a2dp_codec: createCodec: codec UNKNOWN CODEC INDEX
03-25 01:10:42.236  1919  1919 D a2dp_codec: createCodec: codec SBC SINK
03-25 01:10:42.236  1919  1919 D a2dp_codec: createCodec: codec AAC SINK
03-25 01:10:42.236  1919  1919 D a2dp_codec: createCodec: codec LDAC SINK
03-25 01:10:42.237  1919  1919 E a2dp_vendor_ldac_decoder: A2DP_VendorLoadDecoderLdac: cannot open LDAC decoder library libldacBT_bco.so: dlopen failed: library "libldacBT_bco.so" not found
03-25 01:10:42.237  1919  1919 E a2dp_vendor_ldac: init: cannot load the decoder
03-25 01:10:42.237  1919  1919 I a2dp_codec: init: initialized Source codec LDAC
03-25 01:10:42.237  1919  1919 I a2dp_codec: init: initialized Source codec aptX-HD
03-25 01:10:42.237  1919  1919 I a2dp_codec: init: initialized Source codec aptX
03-25 01:10:42.237  1919  1919 I a2dp_codec: init: initialized Source codec AAC
03-25 01:10:42.237  1919  1919 I a2dp_codec: init: initialized Source codec SBC
03-25 01:10:42.237  1919  1919 I a2dp_codec: init: initialized Sink codec AAC SINK
03-25 01:10:42.237  1919  1919 I a2dp_codec: init: initialized Sink codec SBC SINK
03-25 01:10:42.237  1919  1919 D a2dp_codec: init
03-25 01:10:42.237  1919  1919 I a2dp_codec: init: SBC offload supported
03-25 01:10:42.237  1919  1919 I a2dp_codec: init: AAC offload supported
03-25 01:10:42.237  1919  1919 I a2dp_codec: init: APTX offload supported
03-25 01:10:42.237  1919  1919 I a2dp_codec: init: APTXHD offload supported
03-25 01:10:42.238  1919  1919 I a2dp_codec: init: LDAC offload supported
03-25 01:10:42.238  1919  1919 D a2dp_codec: createCodec: codec SBC
03-25 01:10:42.238  1919  1919 I a2dp_codec: init: updated SBC codec priority to 1001
03-25 01:10:42.238  1919  1919 D a2dp_codec: createCodec: codec AAC
03-25 01:10:42.238  1919  1919 I a2dp_codec: init: updated AAC codec priority to 2001
03-25 01:10:42.238  1919  1919 D a2dp_codec: createCodec: codec aptX
03-25 01:10:42.238  1919  1919 I a2dp_codec: init: updated aptX codec priority to 3001
03-25 01:10:42.238  1919  1919 D a2dp_codec: createCodec: codec aptX-HD
03-25 01:10:42.238  1919  1919 I a2dp_codec: init: updated aptX-HD codec priority to 4001
03-25 01:10:42.238  1919  1919 D a2dp_codec: createCodec: codec UNKNOWN CODEC INDEX
03-25 01:10:42.238  1919  1919 D a2dp_codec: createCodec: codec LDAC
03-25 01:10:42.238  1919  1919 I a2dp_codec: init: updated LDAC codec priority to 5001
03-25 01:10:42.238  1919  1919 D a2dp_codec: createCodec: codec UNKNOWN CODEC INDEX
03-25 01:10:42.238  1919  1919 D a2dp_codec: createCodec: codec SBC SINK
03-25 01:10:42.238  1919  1919 D a2dp_codec: createCodec: codec AAC SINK
03-25 01:10:42.238  1919  1919 D a2dp_codec: createCodec: codec LDAC SINK
03-25 01:10:42.238  1942  1942 D KeyguardUpdateMonitor: handleSimStateChange(subId=-1, slotId=1, state=1)
03-25 01:10:42.238  1942  1942 W KeyguardUpdateMonitor: invalid subId in handleSimStateChange()
03-25 01:10:42.239  1919  1919 E a2dp_vendor_ldac_decoder: A2DP_VendorLoadDecoderLdac: cannot open LDAC decoder library libldacBT_bco.so: dlopen failed: library "libldacBT_bco.so" not found
03-25 01:10:42.239  1919  1919 E a2dp_vendor_ldac: init: cannot load the decoder
03-25 01:10:42.239  1919  1919 I a2dp_codec: init: initialized Source codec LDAC
03-25 01:10:42.239  1919  1919 I a2dp_codec: init: initialized Source codec aptX-HD
03-25 01:10:42.239  1919  1919 I a2dp_codec: init: initialized Source codec aptX
03-25 01:10:42.239  1919  1919 I a2dp_codec: init: initialized Source codec AAC
03-25 01:10:42.239  1919  1919 I a2dp_codec: init: initialized Source codec SBC
03-25 01:10:42.239  1919  1919 I a2dp_codec: init: initialized Sink codec AAC SINK
03-25 01:10:42.239  1919  1919 I a2dp_codec: init: initialized Sink codec SBC SINK
03-25 01:10:42.239  1919  1919 D a2dp_codec: init
03-25 01:10:42.239  1919  1919 I a2dp_codec: init: SBC offload supported
03-25 01:10:42.239  1919  1919 I a2dp_codec: init: AAC offload supported
03-25 01:10:42.239  1919  1919 I a2dp_codec: init: APTX offload supported
03-25 01:10:42.239  1919  1919 I a2dp_codec: init: APTXHD offload supported
03-25 01:10:42.239  1919  1919 I a2dp_codec: init: LDAC offload supported
03-25 01:10:42.239  1919  1919 D a2dp_codec: createCodec: codec SBC
03-25 01:10:42.239  1919  1919 I a2dp_codec: init: updated SBC codec priority to 1001
03-25 01:10:42.239  1919  1919 D a2dp_codec: createCodec: codec AAC
03-25 01:10:42.239  1919  1919 I a2dp_codec: init: updated AAC codec priority to 2001
03-25 01:10:42.239  1919  1919 D a2dp_codec: createCodec: codec aptX
03-25 01:10:42.239  1942  1942 D KeyguardViewMediator: onSimStateChanged(subId=-1, slotId=1,state=1)
03-25 01:10:42.239  1919  1919 I a2dp_codec: init: updated aptX codec priority to 3001
03-25 01:10:42.239  1919  1919 D a2dp_codec: createCodec: codec aptX-HD
03-25 01:10:42.239  1919  1919 I a2dp_codec: init: updated aptX-HD codec priority to 4001
03-25 01:10:42.239  1919  1919 D a2dp_codec: createCodec: codec UNKNOWN CODEC INDEX
03-25 01:10:42.239  1919  1919 D a2dp_codec: createCodec: codec LDAC
03-25 01:10:42.239  1919  1919 I a2dp_codec: init: updated LDAC codec priority to 5001
03-25 01:10:42.239  1919  1919 D a2dp_codec: createCodec: codec UNKNOWN CODEC INDEX
03-25 01:10:42.239  1919  1919 D a2dp_codec: createCodec: codec SBC SINK
03-25 01:10:42.239  1919  1919 D a2dp_codec: createCodec: codec AAC SINK
03-25 01:10:42.240  1919  1919 D a2dp_codec: createCodec: codec LDAC SINK
03-25 01:10:42.241  1919  1919 E a2dp_vendor_ldac_decoder: A2DP_VendorLoadDecoderLdac: cannot open LDAC decoder library libldacBT_bco.so: dlopen failed: library "libldacBT_bco.so" not found
03-25 01:10:42.241  1919  1919 E a2dp_vendor_ldac: init: cannot load the decoder
03-25 01:10:42.241  1919  1919 I a2dp_codec: init: initialized Source codec LDAC
03-25 01:10:42.241  1919  1919 I a2dp_codec: init: initialized Source codec aptX-HD
03-25 01:10:42.241  1919  1919 I a2dp_codec: init: initialized Source codec aptX
03-25 01:10:42.241  1919  1919 I a2dp_codec: init: initialized Source codec AAC
03-25 01:10:42.241  1919  1919 I a2dp_codec: init: initialized Source codec SBC
03-25 01:10:42.241  1919  1919 I a2dp_codec: init: initialized Sink codec AAC SINK
03-25 01:10:42.241  1919  1919 I a2dp_codec: init: initialized Sink codec SBC SINK
03-25 01:10:42.241  1919  1919 I bt_btif_a2dp_source: btif_a2dp_source_init
03-25 01:10:42.241  1919  2683 I bt_stack: [INFO:message_loop_thread.cc(175)] Run: message loop starting for thread bt_a2dp_source_worker_thread
03-25 01:10:42.241  1919  2683 I bt_btif_a2dp_source: btif_a2dp_source_init_delayed
03-25 01:10:42.242  1919  2094 I bt_btif_storage: btif_storage_get_adapter_property service_mask:0x20000048
03-25 01:10:42.242  1919  2669 I bt_bta_av: bta_av_api_register: AVRCP version used for sdp: "avrcp15"
03-25 01:10:42.242  1919  2669 W bt_btif : bta_av_rc_create: Skipping RC creation for the old AVRCP profile
03-25 01:10:42.242  1919  2669 I bt_bta_av: bta_av_api_register: AVRCP version used for sdp: "avrcp15"
03-25 01:10:42.242  1919  1919 D A2dpService: A2DP offload flag set to true
03-25 01:10:42.242  1919  2669 I bt_bta_av: bta_av_api_register: AVRCP version used for sdp: "avrcp15"
03-25 01:10:42.242  1919  2669 I bt_bta_av: bta_av_api_register: AVRCP version used for sdp: "avrcp15"
03-25 01:10:42.245  1919  1919 D A2dpService: setA2dpService(): set to: com.android.bluetooth.a2dp.A2dpService@9a14e1e
03-25 01:10:42.247  1919  1919 I BluetoothHidHostServiceJni: classInitNative: succeeds
03-25 01:10:42.248  1919  1919 D BluetoothAdapterService: getAdapterService() - returning com.android.bluetooth.btservice.AdapterService@7df3036
03-25 01:10:42.250  1919  1919 I bt_btif : get_profile_interface: id = hidhost
03-25 01:10:42.250  1919  2094 I bt_bta_hh: BTA_HhEnable sec_mask:0x36 p_cback:0x76a974a944
03-25 01:10:42.250  1919  2094 I bt_btif_storage: btif_storage_get_adapter_property service_mask:0x20100048
03-25 01:10:42.250  1919  2669 I bt_stack: [INFO:gatt_api.cc(947)] GATT_Register 4c3fbc3e-9530-1b7d-05a4-8aa2d813adc7
03-25 01:10:42.250  1919  2669 I bt_stack: [INFO:gatt_api.cc(967)] allocated gatt_if=4
03-25 01:10:42.252  1919  1919 I BluetoothPanServiceJni: classInitNative(L110): succeeds
03-25 01:10:42.253  1919  1919 D BluetoothAdapterService: getAdapterService() - returning com.android.bluetooth.btservice.AdapterService@7df3036
03-25 01:10:42.254  1919  1919 D BluetoothPanServiceJni: initializeNative(L115): pan
03-25 01:10:42.254  1919  1919 I bt_btif : get_profile_interface: id = pan
03-25 01:10:42.497  1431  2096 D TelephonyRegistryManager: onSubscriptionsChangedListener callback received.
03-25 01:10:42.497  1431  2096 I chatty  : uid=1000(system) Binder:1431_7 identical 1 line
03-25 01:10:42.497  1431  2096 D TelephonyRegistryManager: onSubscriptionsChangedListener callback received.
03-25 01:10:42.497  1942  2134 D TelephonyRegistryManager: onSubscriptionsChangedListener callback received.
03-25 01:10:42.497  1431  2096 D TelephonyRegistryManager: onSubscriptionsChangedListener callback received.
03-25 01:10:42.497  1431  2096 D TelephonyRegistryManager: onSubscriptionsChangedListener callback received.
03-25 01:10:42.497  1942  2134 D TelephonyRegistryManager: onSubscriptionsChangedListener callback received.
03-25 01:10:42.497  2290  2542 I chatty  : uid=1001(radio) Binder:2290_4 expire 1 line
03-25 01:10:42.498  2290  2679 I chatty  : uid=1001(radio) Binder:2290_A expire 1 line
03-25 01:10:42.498  2290  2680 I chatty  : uid=1001(radio) Binder:2290_B expire 1 line
03-25 01:10:42.498  2290  2701 I chatty  : uid=1001(radio) Binder:2290_D expire 1 line
03-25 01:10:42.498  2290  2679 I chatty  : uid=1001(radio) Binder:2290_A expire 2 lines
03-25 01:10:42.498  2290  2542 I chatty  : uid=1001(radio) Binder:2290_4 expire 1 line
03-25 01:10:42.498  2290  2680 I chatty  : uid=1001(radio) Binder:2290_B expire 1 line
03-25 01:10:42.498  2290  2660 I chatty  : uid=1001(radio) Binder:2290_8 expire 2 lines
03-25 01:10:42.498  2290  2728 I chatty  : uid=1001(radio) Binder:2290_E expire 1 line
03-25 01:10:42.498  1919  1940 D TelephonyRegistryManager: onSubscriptionsChangedListener callback received.
03-25 01:10:42.498  1919  2678 D HeadsetPhoneState: sendDeviceStateChanged. mService=0 mSignal=0 mRoam=0 mBatteryCharge=5
03-25 01:10:42.499  2290  2328 I chatty  : uid=1001(radio) Binder:2290_2 expire 2 lines
03-25 01:10:42.499  1431  1866 D NetworkStats: Empty subscriberId for newly added sub 1, skip listener registration
03-25 01:10:42.499  1919  2678 I HeadsetPhoneState: stopListenForPhoneState(), no listener indicates nothing is listening
03-25 01:10:42.499  2290  2730 I chatty  : uid=1001(radio) Binder:2290_F expire 2 lines
03-25 01:10:42.499  1919  2678 W HeadsetPhoneState: startListenForPhoneState, no event to listen
03-25 01:10:42.500  2290  2290 I chatty  : uid=1001(radio) com.android.phone expire 88 lines
03-25 01:10:42.525     0     0 E [ELUS]  : process_diagnostics_msg() size:460
03-25 01:10:42.526     0     0 E [ELUS]  : (elliptic_ultrasound_rx_port_set) : ultrasound_rx_port: enable=0 ret=0
03-25 01:10:42.576     0     0 I [ELUS]  : (elliptic_data_print_debug_counters) : total isr fifo discarded frame count : 0
03-25 01:10:42.576     0     0 I [ELUS]  : (device_close) : Closed device elliptic0
03-25 01:10:42.737  2203  2231 D TelephonyRegistryManager: onSubscriptionsChangedListener callback received.
03-25 01:10:42.737  2290  2329 D TelephonyRegistryManager: onSubscriptionsChangedListener callback received.
03-25 01:10:42.737  2290  2667 D TelephonyRegistryManager: onSubscriptionsChangedListener callback received.
03-25 01:10:42.738  2290  2542 D TelephonyRegistryManager: onSubscriptionsChangedListener callback received.
03-25 01:10:42.738  2290  2701 D TelephonyRegistryManager: onSubscriptionsChangedListener callback received.
03-25 01:10:42.738  2290  2660 D TelephonyRegistryManager: onSubscriptionsChangedListener callback received.
03-25 01:10:42.738  2290  2730 D TelephonyRegistryManager: onSubscriptionsChangedListener callback received.
03-25 01:10:42.738  1919  2677 D TelephonyRegistryManager: onSubscriptionsChangedListener callback received.
03-25 01:10:42.738  1431  1866 D NetworkStats: Empty subscriberId for newly added sub 1, skip listener registration
03-25 01:10:42.738  2290  2290 D MultiSimSettingController: notifySubscriptionInfoChanged
03-25 01:10:42.739  2290  2764 D TelephonyRegistryManager: onSubscriptionsChangedListener callback received.
03-25 01:10:42.739  2290  2290 D OtaspSimStateReceiver: Received intent: android.telephony.action.CARRIER_CONFIG_CHANGED
03-25 01:10:42.740  1919  2678 D HeadsetPhoneState: sendDeviceStateChanged. mService=0 mSignal=0 mRoam=0 mBatteryCharge=5
03-25 01:10:42.740  1919  2678 I HeadsetPhoneState: stopListenForPhoneState(), no listener indicates nothing is listening
03-25 01:10:42.740  1919  2678 W HeadsetPhoneState: startListenForPhoneState, no event to listen
03-25 01:10:42.741  2290  2290 D CallNotifier: updatePhoneStateListeners: update CF notifications.
03-25 01:10:42.741  2290  2290 I NotificationMgr: updateCfi: subId= 1, visible=N
03-25 01:10:42.742  2290  2290 I NotificationMgr: updateMwi(): subId 1 update to false
03-25 01:10:42.742  1555  2766 E Diag_Lib: [IMS_FATAL]| 2766 |qpCheckSockEventsOnNetConnProfiles : pNetConnProfileArray NULL
03-25 01:10:42.742  1555  2766 E Diag_Lib: [IMS_FATAL]| 2766 |qpCheckSockEventsOnNetConnProfiles : pNetConnProfileArray NULL
03-25 01:10:42.744  2203  2203 I android_os_HwBinder: HwBinder: Starting thread pool for getting: android.hidl.manager@1.0::IServiceManager/default
03-25 01:10:42.744  1431  1867 W BestClock: java.time.DateTimeException: Missing NTP fix
03-25 01:10:42.744  1431  1867 W BestClock: java.time.DateTimeException: Missing NTP fix
03-25 01:10:42.745  2290  2290 I Telephony: TelecomAccountRegistry: onSubscriptionsChanged - update accounts
03-25 01:10:42.745  2290  2290 I Telephony: PstnIncomingCallNotifier: Unregistering: Handler (com.android.internal.telephony.GsmCdmaPhone) {e2fe632}
03-25 01:10:42.746  2290  2290 D Telephony: Unregistering: Handler (com.android.internal.telephony.GsmCdmaPhone) {e2fe632}
03-25 01:10:42.746  2290  2290 I ImsCallbackAM [0]: Local callback removed: android.telephony.ims.ImsMmTelManager$CapabilityCallback$CapabilityBinder@6489470
03-25 01:10:42.747  2203  2203 I android_os_HwBinder: HwBinder: Starting thread pool for getting: android.hidl.manager@1.0::IServiceManager/default
03-25 01:10:42.747  2203  2807 I android_os_HwBinder: HwBinder: Starting thread pool for getting: vendor.qti.hardware.radio.ims@1.0::IImsRadio/imsradio0
03-25 01:10:42.748  2290  2290 I ImsCallbackAM [0]: Local callback removed: android.telephony.ims.RegistrationManager$RegistrationCallback$RegistrationBinder@fcc586e
03-25 01:10:42.748  2290  2290 I Telephony: TelecomAccountRegistry: setupAccounts: Found 2 phones.  Attempting to register.
03-25 01:10:42.748  2290  2290 I Telephony: TelecomAccountRegistry: setupAccounts: Phone with subscription id 1
03-25 01:10:42.748  1555  2766 E Diag_Lib: [IMS_FATAL]| 2766 |qpCheckSockEventsOnNetConnProfiles : pNetConnProfileArray NULL
03-25 01:10:42.749  1555  2766 I chatty  : uid=1001(radio) /vendor/bin/imsrcsd identical 8 lines
03-25 01:10:43.013  1942  2009 I ImsCallbackAM [0]: Local callback added: android.telephony.ims.ImsMmTelManager$CapabilityCallback$CapabilityBinder@9660acc
03-25 01:10:43.015  1942  2009 I ImsCallbackAM [0]: Local callback added: android.telephony.ims.RegistrationManager$RegistrationCallback$RegistrationBinder@d84f115
03-25 01:10:43.015  1942  2009 D NetworkController.MobileSignalController(1): addCapabilitiesCallback com.android.systemui.statusbar.policy.MobileSignalController$3@e4d3c2a into com.android.ims.ImsManager@1b39a1b
03-25 01:10:43.015  1942  2009 D NetworkController.MobileSignalController(1): addRegistrationCallback com.android.systemui.statusbar.policy.MobileSignalController$4@e4f07b8 into com.android.ims.ImsManager@1b39a1b
03-25 01:10:43.018  1942  2009 D NetworkController.MobileSignalController(1): onCapabilitiesStatusChanged isVoiceCapable=false isVideoCapable=false
03-25 01:10:43.028  1942  1942 I MmTelFeatureConnection [0]: Emergency calling enabled
03-25 01:10:43.029  1942  1942 D KeyguardViewMediator: handleKeyguardDoneDrawing
03-25 01:10:43.050  2631  2703 D CellBroadcastConfigService: Enable CellBroadcast on sub 1
03-25 01:10:43.085  2631  2703 D CellBroadcastConfigService: Enable CellBroadcast on sub 1
03-25 01:10:43.128  2290  2290 I ImsCallbackAM [0]: Local callback added: android.telephony.ims.RegistrationManager$RegistrationCallback$RegistrationBinder@400492a
03-25 01:10:43.128  2290  2290 I ImsCallbackAM [0]: Local callback added: android.telephony.ims.ImsMmTelManager$CapabilityCallback$CapabilityBinder@ae6231b
03-25 01:10:43.247  2290  2290 I FeatureConnection [1]: getFeatureState - returning UNAVAILABLE
03-25 01:10:43.247  2290  2290 I MmTelFeatureConnection [1]: Emergency calling enabled
03-25 01:10:43.299   749  2672 I vendor.qti.bluetooth@1.0-ibs_handler: DeviceSleep: TX Awake, Sending SLEEP_IND
03-25 01:10:43.299   749  2672 D vendor.qti.bluetooth@1.0-ibs_handler: SerialClockVote: vote for UART CLK OFF
03-25 01:10:43.378  2203  2824 I QImsService: ImsServiceClassTracker : updateFeatureCapabilities video false voice false
03-25 01:10:43.379  2203  2824 I QImsService: ImsSenderRxr : [0007]> REQUEST_IMS_REGISTRATION_STATE [SUB0]
03-25 01:10:43.379  2290  2290 I ImsCallbackAM [0]: Local callback added: android.telephony.ims.RegistrationManager$RegistrationCallback$RegistrationBinder@a74ba91
03-25 01:10:43.379  1942  2009 D NetworkController.MobileSignalController(1): onCapabilitiesStatusChanged isVoiceCapable=false isVideoCapable=false
03-25 01:10:43.379  2290  2290 I ImsCallbackAM [0]: Local callback added: android.telephony.ims.ImsMmTelManager$CapabilityCallback$CapabilityBinder@1b1cdf6
03-25 01:10:43.381  2203  2807 I QImsService: ImsRadioResponse : getRegistrationResponse_1_6()
03-25 01:10:43.381  2203  2807 I QImsService: ImsSenderRxr : [0007]< REQUEST_IMS_REGISTRATION_STATE ImsRegistrationInfo state: 2 errorCode: 0 errorMessage:  radioTech: 2147483647 pAssociatedUris[SUB0]
03-25 01:10:43.381  2203  2203 I QImsService: ImsServiceSubHandler : Message received: what = 3
03-25 01:10:43.381  2203  2203 I QImsService: ImsServiceSub : [0] handleImsStateChanged
03-25 01:10:43.381  2203  2244 I QImsService: ImsSenderRxr : [0008]> REQUEST_SEND_UI_TTY_MODE [SUB0]
03-25 01:10:43.382  2203  2203 I QImsService: ImsServiceSub : [0] sendBroadcastForDisconnected
03-25 01:10:43.382  1942  2009 D NetworkController.MobileSignalController(1): onDeregistered imsReasonInfo=ImsReasonInfo :: {1000, 0, }
03-25 01:10:43.382  2203  2807 I QImsService: ImsRadioResponse : Got setUiTTYModeResponse from ImsRadio error 0
03-25 01:10:43.382  2203  2807 I QImsService: ImsSenderRxr : [0008]< REQUEST_SEND_UI_TTY_MODE [SUB0]
03-25 01:10:43.383  2203  2203 I QImsService: ImsServiceSubHandler : Message received: what = 40
03-25 01:10:43.383  2203  2203 E QImsService: ImsServiceSub : [0] Failed to send result java.lang.NullPointerException: Attempt to read from field 'android.os.Messenger android.os.Message.replyTo' on a null object reference
03-25 01:10:43.384  2290  2290 D TelephonyProvider: Using old permission behavior for telephony provider compat
03-25 01:10:43.398  2290  2290 I chatty  : uid=1001(radio) com.android.phone identical 3 lines
03-25 01:10:43.400  2290  2290 D TelephonyProvider: Using old permission behavior for telephony provider compat
03-25 01:10:43.401  2203  2244 I QImsService: ImsSenderRxr : [0009]> REQUEST_SET_IMS_CONFIG [SUB0]
03-25 01:10:43.401  2203  2244 I QImsService: ImsSenderRxr : REQUEST_SET_IMS_CONFIG request to ImsRadio: token 9 item:29 boolValue:false intValue:1 strValue:null errorCause:0
03-25 01:10:43.403  2203  2807 I QImsService: ImsRadioResponse : Set config response received.
03-25 01:10:43.403  2203  2807 I QImsService: ImsSenderRxr : [0009]< REQUEST_SET_IMS_CONFIG [SUB0]
03-25 01:10:43.403  2203  2809 I QImsService: ImsConfigImplHandler : Message received: what = 1
03-25 01:10:43.403  2203  2809 I QImsService: ImsConfigImpl : Notifyall
03-25 01:10:43.404  2203  2244 W QImsService: ImsConfigImpl : Ignore VoWiFi Roaming enable/disable
03-25 01:10:43.404  2203  2244 D ImsConfigImplBase: Set provision value of 26 to 0 failed with error code 1
03-25 01:10:43.407  2203  2244 I QImsService: ImsSenderRxr : [0010]> REQUEST_SET_IMS_CONFIG [SUB0]
03-25 01:10:43.407  2203  2244 I QImsService: ImsSenderRxr : REQUEST_SET_IMS_CONFIG request to ImsRadio: token 10 item:70 boolValue:false intValue:0 strValue:null errorCause:0
03-25 01:10:43.409  2203  2824 I QImsService: ImsRadioUtils : buildServiceStatusInfo srvType = 0 rat = 14 enabled = 2
03-25 01:10:43.409  2203  2824 I QImsService: ImsRadioUtils : buildServiceStatusInfo srvType = 3 rat = 14 enabled = 2
03-25 01:10:43.409  2203  2824 I QImsService: ImsRadioUtils : buildServiceStatusInfo srvType = 0 rat = 19 enabled = 0
03-25 01:10:43.409  2203  2824 I QImsService: ImsRadioUtils : buildServiceStatusInfo srvType = 25 rat = 14 enabled = 0
03-25 01:10:43.409  2203  2807 I QImsService: ImsRadioResponse : Set config response received.
03-25 01:10:43.409  2203  2824 I QImsService: ImsSenderRxr : [0011]> REQUEST_SET_SERVICE_STATUS [SUB0]
03-25 01:10:43.409  2203  2807 I QImsService: ImsSenderRxr : [0010]< REQUEST_SET_IMS_CONFIG [SUB0]
03-25 01:10:43.409  2203  2824 I QImsService: ImsSenderRxr : REQUEST_SET_SERVICE_STATUS to ImsRadio: token -11 RestrictCause:0
03-25 01:10:43.409  2203  2809 I QImsService: ImsConfigImplHandler : Message received: what = 1
03-25 01:10:43.409  2203  2809 I QImsService: ImsConfigImpl : Notifyall
03-25 01:10:43.410  2203  2244 I QImsService: ImsService : enableIms :: slotId=0
03-25 01:10:43.411  2203  2807 I QImsService: ImsRadioResponse : SetServiceStatus response received.
03-25 01:10:43.411  2203  2244 I QImsService: ImsSenderRxr : [0012]> REQUEST_IMS_REG_STATE_CHANGE [SUB0]
03-25 01:10:43.411  2203  2244 I QImsService: ImsSenderRxr : REQUEST_IMS_REG_STATE_CHANGE request to ImsRadio - token:12 RegState1
03-25 01:10:43.411  2203  2807 I QImsService: ImsSenderRxr : [0011]< REQUEST_SET_SERVICE_STATUS [ 1 0 1,  2 0 1,  1 1 0,  4 0 0][SUB0]
03-25 01:10:43.411  2203  2809 I QImsService: ImsConfigImplHandler : Message received: what = 2
03-25 01:10:43.411  2203  2244 I QImsService: ImsService : enableIms :: slotId=0
03-25 01:10:43.411  2203  2244 I QImsService: ImsSenderRxr : [0013]> REQUEST_IMS_REG_STATE_CHANGE [SUB0]
03-25 01:10:43.411  2203  2244 I QImsService: ImsSenderRxr : REQUEST_IMS_REG_STATE_CHANGE request to ImsRadio - token:13 RegState1
03-25 01:10:43.412  2203  2807 I QImsService: ImsRadioResponse : Got registration change response from ImsRadio.
03-25 01:10:43.412  2203  2807 I QImsService: ImsSenderRxr : [0012]< REQUEST_IMS_REG_STATE_CHANGE [SUB0]
03-25 01:10:43.412  2203  2203 I QImsService: ImsServiceSubHandler : Message received: what = 9
03-25 01:10:43.413  2203  2807 I QImsService: ImsRadioResponse : Got registration change response from ImsRadio.
03-25 01:10:43.413  2203  2807 I QImsService: ImsSenderRxr : [0013]< REQUEST_IMS_REG_STATE_CHANGE [SUB0]
03-25 01:10:43.413  2203  2203 I QImsService: ImsServiceSubHandler : Message received: what = 9
03-25 01:10:47.060  1179  2524 D BufferPoolAccessor2.0: bufferpool2 0xb4000076ff6a2628 : 0(0 size) total buffers - 0(0 size) used buffers - 12/17 (recycle/alloc) - 5/16 (fetch/transfer)
03-25 01:10:47.060  1179  2524 D BufferPoolAccessor2.0: bufferpool2 0xb4000076ff69c2b8 : 0(0 size) total buffers - 0(0 size) used buffers - 3/7 (recycle/alloc) - 4/6 (fetch/transfer)
03-25 01:10:47.060  1179  2524 D BufferPoolAccessor2.0: bufferpool2 0xb4000076ff6a1f38 : 0(0 size) total buffers - 0(0 size) used buffers - 7/11 (recycle/alloc) - 4/10 (fetch/transfer)
03-25 01:10:47.060  1179  2524 D BufferPoolAccessor2.0: bufferpool2 0xb4000076ff6a13a8 : 0(0 size) total buffers - 0(0 size) used buffers - 3/7 (recycle/alloc) - 4/6 (fetch/transfer)
03-25 01:10:47.060  1179  2524 D BufferPoolAccessor2.0: evictor expired: 8, evicted: 8
03-25 01:10:47.464  2182  2213 E Diag_Lib: [IMS_AP_RTP]"qvp_rtp_deregister_cmd :: remaining num_users 1 "
03-25 01:10:48.454  1942  1942 W TouchableRegionManager: onHeadsUpPinnedModeChanged
03-25 01:10:48.771     0     0 W healthd : battery l=100 v=4277 t=27.5 h=2 st=2 c=164550 fc=4000000 cc=41 chg=u
03-25 01:10:48.910  1942  1942 D StatusBar: disable<e i a s B h R c s > disable2<q i n >
03-25 01:10:50.301  1919  2842 D BluetoothPbapUtils: Failed to fetch contacts data from database..
03-25 01:10:52.543  2631  2631 D CellBroadcastReceiver: onReceive Intent { act=android.intent.action.SERVICE_STATE flg=0x1000010 cmp=com.android.cellbroadcastreceiver.module/com.android.cellbroadcastreceiver.CellBroadcastReceiver (has extras) }
03-25 01:10:52.545  2290  2290 I Telephony: isRttCurrentlySupported -- regular acct, hasVoiceAvailability: false
03-25 01:10:52.545  2290  2290 I Telephony:  isRttSupported: false
03-25 01:10:52.545  2290  2290 I Telephony:  isRoaming: false
03-25 01:10:52.545  2290  2290 I Telephony:  isOnWfc: false
03-25 01:10:52.554  1942  1942 D KeyguardViewMediator: handleKeyguardDoneDrawing
03-25 01:10:52.556  2290  2290 D ServiceStateProvider: subId=1
03-25 01:10:52.556  2631  2631 D CellBroadcastReceiver: onReceive Intent { act=android.intent.action.SERVICE_STATE flg=0x1000010 cmp=com.android.cellbroadcastreceiver.module/com.android.cellbroadcastreceiver.CellBroadcastReceiver (has extras) }
03-25 01:10:52.559  2290  2290 I Telephony: isRttCurrentlySupported -- regular acct, hasVoiceAvailability: false
03-25 01:10:52.559  2290  2290 I Telephony:  isRttSupported: false
03-25 01:10:52.559  2290  2290 I Telephony:  isRoaming: false
03-25 01:10:52.559  2290  2290 I Telephony:  isOnWfc: false
03-25 01:10:52.602  1942  1942 D KeyguardViewMediator: handleKeyguardDoneDrawing
03-25 01:10:52.721     0     0 I FG      : soc_work_fn: adjust_soc: s 100 r 240722 i 246 v 4265 t 275 cc 41 m 0xff
03-25 01:10:52.725     0     0 W healthd : battery l=100 v=4265 t=27.5 h=2 st=2 c=246581 fc=4000000 cc=41 chg=u
03-25 01:10:52.933     0     0 I init    : Sending signal 9 to service 'idmap2d' (pid 1066) process group...
03-25 01:10:52.933     0     0 I binder  : 1066:1835 ioctl c0306201 7ba48aea80 returned -4
03-25 01:10:52.933     0     0 I binder  : 1066:1066 ioctl c0306201 7fdd700da0 returned -4
03-25 01:10:52.933     0     0 I binder  : 1066:1104 ioctl c0306201 7ba59aca80 returned -4
03-25 01:10:52.938     0     0 I libprocessgroup: Successfully killed process cgroup uid 1000 pid 1066 in 5ms
03-25 01:10:52.939     0     0 I init    : Control message: Processed ctl.stop for 'idmap2d' from pid: 1431 (system_server)
03-25 01:10:52.939     0     0 I init    : Service 'idmap2d' (pid 1066) received signal 9
03-25 01:10:53.003   894   894 I mi_thermald: generic device parse failed
03-25 01:10:54.059   628  1337 D BootAnimation: BootAnimationStopTiming start time: 22298ms
03-25 01:10:54.064     0     0 I init    : Service 'bootanim' (pid 628) exited with status 0 oneshot service took 20.000000 seconds in background
03-25 01:10:54.064     0     0 I init    : Sending signal 9 to service 'bootanim' (pid 628) process group...
03-25 01:10:54.064     0     0 I libprocessgroup: Successfully killed process cgroup uid 1003 pid 628 in 0ms
03-25 01:10:54.087   627   665 I SurfaceFlinger: Boot is finished (19856 ms)
03-25 01:10:54.089   660   660 W libperfmgr: NodeLooperThread is not running, request INTERACTION
03-25 01:10:54.099  1431  1870 D WifiService: Handle boot completed
03-25 01:10:54.100  1431  1455 I ActivityManagerTiming: OnBootPhase_1000_com.android.server.GestureLauncherService
03-25 01:10:54.100  1431  1455 D ActivityManagerTiming: OnBootPhase_1000_com.android.server.GestureLauncherService took to complete: 0ms
03-25 01:10:54.100  1431  1455 I ActivityManagerTiming: OnBootPhase_1000_com.android.server.SensorNotificationService
03-25 01:10:54.101  1431  1870 I WifiScoreCard: Installing MemoryStore
03-25 01:10:54.101  1431  1870 I WifiHealthMonitor: Installing MemoryStore
03-25 01:10:54.103  1431  1870 D WifiNetworkFactory: Registering NetworkFactory
03-25 01:10:54.103  1431  1870 D UntrustedWifiNetworkFactory: Registering NetworkFactory
